Archive member included to satisfy reference by file (symbol)

/opt/devkitpro/libnds/lib/libmm9.a(mm_comms.o)
                              MaxModExample.o (mmEffectCancel)
/opt/devkitpro/libnds/lib/libmm9.a(mm_memory.o)
                              MaxModExample.o (mmLoadEffect)
/opt/devkitpro/libnds/lib/libmm9.a(mm_main9.o)
                              /opt/devkitpro/libnds/lib/libmm9.a(mm_memory.o) (mmcbMemory)
/opt/devkitpro/libnds/lib/libmm9.a(mm_soundbank.o)
                              /opt/devkitpro/libnds/lib/libmm9.a(mm_main9.o) (mmSoundBankInMemory)
/opt/devkitpro/libnds/lib/libmm9.a(mm_flusher.o)
                              /opt/devkitpro/libnds/lib/libmm9.a(mm_memory.o) (mmFlushBank)
/opt/devkitpro/libnds/lib/libnds9.a(touch.o)
                              MaxModExample.o (touchRead)
/opt/devkitpro/libnds/lib/libnds9.a(console.o)
                              MaxModExample.o (consoleSelect)
/opt/devkitpro/libnds/lib/libnds9.a(keys.o)
                              MaxModExample.o (scanKeys)
/opt/devkitpro/libnds/lib/libnds9.a(initSystem.o)
                              /opt/devkitpro/devkitARM/bin/../lib/gcc/arm-none-eabi/12.1.0/../../../../arm-none-eabi/lib/thumb/ds_arm9_crt0.o (initSystem)
/opt/devkitpro/libnds/lib/libnds9.a(securearea.o)
                              /opt/devkitpro/devkitARM/bin/../lib/gcc/arm-none-eabi/12.1.0/../../../../arm-none-eabi/lib/thumb/ds_arm9_crt0.o (__secure_area__)
/opt/devkitpro/libnds/lib/libnds9.a(interrupts.o)
                              MaxModExample.o (irqSet)
/opt/devkitpro/libnds/lib/libnds9.a(libnds_exit.arm.o)
                              /opt/devkitpro/devkitARM/bin/../lib/gcc/arm-none-eabi/12.1.0/../../../../arm-none-eabi/lib/thumb/ds_arm9_crt0.o (__libnds_exit)
/opt/devkitpro/libnds/lib/libnds9.a(fifosystem.o)
                              /opt/devkitpro/libnds/lib/libmm9.a(mm_comms.o) (fifoSetValue32Handler)
/opt/devkitpro/libnds/lib/libnds9.a(mpu_setup.o)
                              /opt/devkitpro/devkitARM/bin/../lib/gcc/arm-none-eabi/12.1.0/../../../../arm-none-eabi/lib/thumb/ds_arm9_crt0.o (__libnds_mpu_setup)
/opt/devkitpro/libnds/lib/libnds9.a(IntrWait.o)
                              /opt/devkitpro/libnds/lib/libnds9.a(fifosystem.o) (swiIntrWait)
/opt/devkitpro/libnds/lib/libnds9.a(cpu_clock.o)
                              /opt/devkitpro/libnds/lib/libnds9.a(initSystem.o) (setCpuClock)
/opt/devkitpro/libnds/lib/libnds9.a(interruptDispatcher.o)
                              /opt/devkitpro/libnds/lib/libnds9.a(interrupts.o) (IntrMain)
/opt/devkitpro/libnds/lib/libnds9.a(debugprint.o)
                              /opt/devkitpro/libnds/lib/libnds9.a(console.o) (nocashWrite)
/opt/devkitpro/libnds/lib/libnds9.a(swiSoftReset.o)
                              /opt/devkitpro/libnds/lib/libnds9.a(fifosystem.o) (swiSoftReset)
/opt/devkitpro/libnds/lib/libnds9.a(default_font.bin.o)
                              /opt/devkitpro/libnds/lib/libnds9.a(console.o) (default_font_bin)
/opt/devkitpro/libnds/lib/libnds9.a(background.o)
                              /opt/devkitpro/libnds/lib/libnds9.a(console.o) (bgState)
/opt/devkitpro/libnds/lib/libnds9.a(trig.o)
                              /opt/devkitpro/libnds/lib/libnds9.a(background.o) (sinLerp)
/opt/devkitpro/libnds/lib/libnds9.a(video.o)
                              /opt/devkitpro/libnds/lib/libnds9.a(initSystem.o) (vramDefault)
/opt/devkitpro/libnds/lib/libnds9.a(system.o)
                              /opt/devkitpro/libnds/lib/libnds9.a(initSystem.o) (systemValueHandler)
/opt/devkitpro/libnds/lib/libnds9.a(biosCalls.o)
                              /opt/devkitpro/libnds/lib/libnds9.a(system.o) (swiDelay)
/opt/devkitpro/devkitARM/bin/../lib/gcc/arm-none-eabi/12.1.0/thumb/libgcc.a(_arm_muldf3.o)
                              MaxModExample.o (__aeabi_dmul)
/opt/devkitpro/devkitARM/bin/../lib/gcc/arm-none-eabi/12.1.0/thumb/libgcc.a(_arm_mulsf3.o)
                              MaxModExample.o (__aeabi_fmul)
/opt/devkitpro/devkitARM/bin/../lib/gcc/arm-none-eabi/12.1.0/thumb/libgcc.a(_udivsi3.o)
                              MaxModExample.o (__aeabi_uidiv)
/opt/devkitpro/devkitARM/bin/../lib/gcc/arm-none-eabi/12.1.0/thumb/libgcc.a(_divsi3.o)
                              MaxModExample.o (__aeabi_idiv)
/opt/devkitpro/devkitARM/bin/../lib/gcc/arm-none-eabi/12.1.0/thumb/libgcc.a(_dvmd_tls.o)
                              /opt/devkitpro/devkitARM/bin/../lib/gcc/arm-none-eabi/12.1.0/thumb/libgcc.a(_udivsi3.o) (__aeabi_idiv0)
/opt/devkitpro/devkitARM/bin/../lib/gcc/arm-none-eabi/12.1.0/thumb/libgcc.a(_arm_addsubdf3.o)
                              MaxModExample.o (__aeabi_i2d)
/opt/devkitpro/devkitARM/bin/../lib/gcc/arm-none-eabi/12.1.0/thumb/libgcc.a(_arm_fixdfsi.o)
                              MaxModExample.o (__aeabi_d2iz)
/opt/devkitpro/devkitARM/bin/../lib/gcc/arm-none-eabi/12.1.0/thumb/libgcc.a(_arm_addsubsf3.o)
                              MaxModExample.o (__aeabi_fsub)
[...]
Memory Configuration

Name             Origin             Length             Attributes
ewram            0x0000000002000000 0x0000000000380000
dtcm             0x0000000002ff0000 0x0000000000004000
vectors          0x0000000001000000 0x0000000000000100
itcm             0x0000000001000100 0x0000000000007f00
*default*        0x0000000000000000 0xffffffffffffffff

Linker script and memory map

                0x0000000002380000                __ewram_end = (ORIGIN (ewram) + LENGTH (ewram))
                0x0000000002380000                __eheap_end = (ORIGIN (ewram) + LENGTH (ewram))
                0x0000000002ff4000                __dtcm_top = (ORIGIN (dtcm) + LENGTH (dtcm))
                0x0000000002ff3ff8                __irq_flags = (__dtcm_top - 0x8)
                0x0000000002ff3ffc                __irq_vector = (__dtcm_top - 0x4)
                0x0000000002ff3f00                __sp_svc = (__dtcm_top - 0x100)
                0x0000000002ff3e00                __sp_irq = (__sp_svc - 0x100)
                0x0000000002ff3d00                __sp_usr = (__sp_irq - 0x100)

.secure         0x0000000002000000      0x800
 *(.secure)
 .secure        0x0000000002000000      0x800 /opt/devkitpro/libnds/lib/libnds9.a(securearea.o)
                0x0000000002000000                __secure_area__

.crt0           0x0000000002000800      0x300
                0x0000000002000800                __text_start = .
 *(.crt0)
 .crt0          0x0000000002000800      0x300 /opt/devkitpro/devkitARM/bin/../lib/gcc/arm-none-eabi/12.1.0/../../../../arm-none-eabi/lib/thumb/ds_arm9_crt0.o
                0x0000000002000800                _start
                0x0000000002000b00                . = ALIGN (0x4)

.plt
 *(.plt)

.init           0x0000000002000b00        0xc
 *(SORT_NONE(.init))
 .init          0x0000000002000b00        0x4 /opt/devkitpro/devkitARM/bin/../lib/gcc/arm-none-eabi/12.1.0/thumb/crti.o
                0x0000000002000b00                _init
 .init          0x0000000002000b04        0x8 /opt/devkitpro/devkitARM/bin/../lib/gcc/arm-none-eabi/12.1.0/thumb/crtn.o

.text           0x0000000002000b10    0x13710
 *(EXCLUDE_FILE(*.twl* *.vectors* *.itcm*) .text)
 .text          0x0000000002000b10     0x3cb4 MaxModExample.o
                0x0000000002000b84                set_bpm_to_millis
                0x0000000002000ba8                set_shuffle
                0x0000000002000bd8                setup_timers
                0x0000000002000c14                update_timers
                0x0000000002000c3c                enable_serial_interrupt
                0x0000000002000c74                disable_serial_interrupt
                0x0000000002000c90                enable_trig_interrupt
                0x0000000002000cc0                disable_trig_interrupt
                0x0000000002000cdc                init_song
                0x0000000002000da0                rand_pattern
                0x0000000002000f18                rand_samples
                0x0000000002000f64                clear_pattern
                0x0000000002000fac                copy_pattern
                0x0000000002000fd8                paste_pattern
                0x0000000002001004                copy_order
                0x0000000002001018                paste_order
                0x0000000002001024                play_sample
                0x0000000002001070                play_sample_sync
                0x00000000020010a4                play_sound
                0x00000000020011bc                define_palettes
                0x0000000002001250                clear_screen
                0x0000000002001254                put_character
                0x0000000002001258                put_string
                0x00000000020012bc                set_palette
                0x00000000020012d8                dessiner_char
                0x00000000020012fc                draw_cursor
                0x00000000020014a0                draw_cell_status
                0x000000000200173c                draw_column_cursor
                0x0000000002001754                clear_last_song_cursor
                0x0000000002001768                clear_last_song_queued_cursor
                0x00000000020017cc                draw_song_queued_cursor
                0x0000000002001830                draw_song_cursor
                0x0000000002001844                clear_song_cursor
                0x0000000002001894                draw_status
                0x0000000002001914                draw_temp_status
                0x000000000200198c                set_status
                0x0000000002001a0c                draw_bpm_pattern
                0x0000000002001b1c                draw_song
                0x0000000002001d40                draw_samples
                0x0000000002001f38                draw_settings
                0x0000000002002334                draw_help
                0x0000000002002418                move_cursor
                0x000000000200267c                draw_screen
                0x00000000020026b4                find_chain_start
                0x00000000020026e8                stop_song
                0x00000000020027b8                play_pattern
                0x00000000020028d4                play_song
                0x00000000020029d8                next_column
                0x0000000002002bb8                is_empty_pattern
                0x0000000002002bfc                set_patterns_data
                0x0000000002002c4c                set_orders_data
                0x0000000002002c74                file_option_save
                0x0000000002002d40                file_option_load
                0x0000000002002e20                samples_menu
                0x0000000002003064                settings_menu
                0x0000000002003524                process_input
                0x000000000200478c                setup_interrupts
                0x00000000020047b0                setup_display
 .text          0x00000000020047c4      0x24c /opt/devkitpro/libnds/lib/libmm9.a(mm_comms.o)
                0x00000000020047c4                mmSetupComms
                0x0000000002004816                mmSendBank
                0x0000000002004820                mmLockChannels
                0x0000000002004826                mmUnlockChannels
                0x000000000200482c                mmStart
                0x0000000002004836                mmPause
                0x000000000200483a                mmResume
                0x000000000200483e                mmStop
                0x0000000002004842                mmPosition
                0x0000000002004846                mmJingle
                0x000000000200484a                mmSetModuleVolume
                0x000000000200484e                mmSetJingleVolume
                0x0000000002004852                mmSetModuleTempo
                0x0000000002004856                mmSetModulePitch
                0x000000000200485a                mmSetEffectsVolume
                0x000000000200485e                mmSelectMode
                0x0000000002004862                mmStreamBegin
                0x0000000002004876                mmStreamEnd
                0x00000000020048cc                mmEffect
                0x00000000020048f0                mmEffectVolume
                0x00000000020048f4                mmEffectPanning
                0x00000000020048f8                mmEffectRate
                0x0000000002004902                mmEffectScaleRate
                0x000000000200490c                mmEffectRelease
                0x0000000002004912                mmEffectCancel
                0x0000000002004918                mmEffectEx
                0x0000000002004956                mmEffectCancelAll
                0x000000000200495a                mmReverbEnable
                0x000000000200495e                mmReverbDisable
                0x0000000002004962                mmReverbConfigure
                0x00000000020049be                mmReverbStart
                0x00000000020049c2                mmReverbStop
 .text          0x0000000002004a10      0x120 /opt/devkitpro/libnds/lib/libmm9.a(mm_memory.o)
                0x0000000002004a10                mmLoad
                0x0000000002004a60                mmUnload
                0x0000000002004ab8                mmLoadEffect
                0x0000000002004af0                mmUnloadEffect
 .text          0x0000000002004b30      0x108 /opt/devkitpro/libnds/lib/libmm9.a(mm_main9.o)
                0x0000000002004b30                mmActive
                0x0000000002004b36                mmSetEventHandler
                0x0000000002004b3c                mmInit
                0x0000000002004b66                mmInitDefault
                0x0000000002004bb0                mmInitDefaultMem
                0x0000000002004bd2                mmSuspendIRQ_t
                0x0000000002004bf0                mmRestoreIRQ_t
 .text          0x0000000002004c38      0x100 /opt/devkitpro/libnds/lib/libmm9.a(mm_soundbank.o)
                0x0000000002004c38                mmSoundBankInMemory
                0x0000000002004c40                mmSoundBankInFiles
                0x0000000002004c52                mmSetCustomSoundBankHandler
                0x0000000002004c7e                mmsHandleFileOp
 .text          0x0000000002004d38       0x3c /opt/devkitpro/libnds/lib/libmm9.a(mm_flusher.o)
                0x0000000002004d38                mmFlushBank
 .text          0x0000000002004d74      0x11c /opt/devkitpro/devkitARM/bin/../lib/gcc/arm-none-eabi/12.1.0/thumb/libgcc.a(_udivsi3.o)
                0x0000000002004d74                __udivsi3
                0x0000000002004d74                __aeabi_uidiv
                0x0000000002004e70                __aeabi_uidivmod
 .text          0x0000000002004e90      0x150 /opt/devkitpro/devkitARM/bin/../lib/gcc/arm-none-eabi/12.1.0/thumb/libgcc.a(_divsi3.o)
                0x0000000002004e90                __aeabi_idiv
                0x0000000002004e90                __divsi3
                0x0000000002004fc0                __aeabi_idivmod
 .text          0x0000000002004fe0        0x4 /opt/devkitpro/devkitARM/bin/../lib/gcc/arm-none-eabi/12.1.0/thumb/libgcc.a(_dvmd_tls.o)
                0x0000000002004fe0                __aeabi_ldiv0
                0x0000000002004fe0                __aeabi_idiv0
 .text          0x0000000002004fe4      0x424 /opt/devkitpro/devkitARM/bin/../lib/gcc/arm-none-eabi/12.1.0/thumb/libgcc.a(_arm_addsubdf3.o)
                0x0000000002004fe4                __aeabi_drsub
                0x0000000002004fec                __aeabi_dsub
                0x0000000002004fec                __subdf3
                0x0000000002004ff0                __adddf3
                0x0000000002004ff0                __aeabi_dadd
                0x0000000002005300                __aeabi_ui2d
                0x0000000002005300                __floatunsidf
                0x0000000002005324                __floatsidf
                0x0000000002005324                __aeabi_i2d
                0x000000000200534c                __extendsfdf2
                0x000000000200534c                __aeabi_f2d
                0x0000000002005394                __aeabi_ul2d
                0x0000000002005394                __floatundidf
                0x00000000020053a8                __floatdidf
                0x00000000020053a8                __aeabi_l2d
 .text          0x0000000002005408       0x5c /opt/devkitpro/devkitARM/bin/../lib/gcc/arm-none-eabi/12.1.0/thumb/libgcc.a(_arm_fixdfsi.o)
                0x0000000002005408                __fixdfsi
                0x0000000002005408                __aeabi_d2iz
 .text          0x0000000002005464      0x2ac /opt/devkitpro/devkitARM/bin/../lib/gcc/arm-none-eabi/12.1.0/thumb/libgcc.a(_arm_addsubsf3.o)
                0x0000000002005464                __aeabi_frsub
                0x000000000200546c                __subsf3
                0x000000000200546c                __aeabi_fsub
                0x0000000002005470                __aeabi_fadd
                0x0000000002005470                __addsf3
                0x000000000200562c                __aeabi_ui2f
                0x000000000200562c                __floatunsisf
                0x0000000002005634                __aeabi_i2f
                0x0000000002005634                __floatsisf
                0x0000000002005654                __floatundisf
                0x0000000002005654                __aeabi_ul2f
                0x0000000002005664                __floatdisf
                0x0000000002005664                __aeabi_l2f
 .text          0x0000000002005710      0x2f8 /opt/devkitpro/devkitARM/bin/../lib/gcc/arm-none-eabi/12.1.0/thumb/libgcc.a(_arm_muldivsf3.o)
                0x0000000002005710                __mulsf3
                0x0000000002005710                __aeabi_fmul
                0x00000000020058a8                __divsf3
                0x00000000020058a8                __aeabi_fdiv
 .text          0x0000000002005a08      0x114 /opt/devkitpro/devkitARM/bin/../lib/gcc/arm-none-eabi/12.1.0/thumb/libgcc.a(_arm_cmpsf2.o)
                0x0000000002005a08                __gtsf2
                0x0000000002005a08                __gesf2
                0x0000000002005a10                __lesf2
                0x0000000002005a10                __ltsf2
                0x0000000002005a18                __nesf2
                0x0000000002005a18                __eqsf2
                0x0000000002005a18                __cmpsf2
                0x0000000002005a7c                __aeabi_cfrcmple
                0x0000000002005a8c                __aeabi_cfcmple
                0x0000000002005a8c                __aeabi_cfcmpeq
                0x0000000002005aa4                __aeabi_fcmpeq
                0x0000000002005abc                __aeabi_fcmplt
                0x0000000002005ad4                __aeabi_fcmple
                0x0000000002005aec                __aeabi_fcmpge
                0x0000000002005b04                __aeabi_fcmpgt
 .text          0x0000000002005b1c       0x5c /opt/devkitpro/devkitARM/bin/../lib/gcc/arm-none-eabi/12.1.0/thumb/libgcc.a(_arm_fixsfsi.o)
                0x0000000002005b1c                __fixsfsi
                0x0000000002005b1c                __aeabi_f2iz
 .text          0x0000000002005b78      0x224 /opt/devkitpro/devkitARM/bin/../lib/gcc/arm-none-eabi/12.1.0/../../../../arm-none-eabi/lib/thumb/libg.a(lib_a-strcmp.o)
                0x0000000002005b78                strcmp
 .text          0x0000000002005d9c       0x14 /opt/devkitpro/devkitARM/bin/../lib/gcc/arm-none-eabi/12.1.0/thumb/libgcc.a(_thumb1_case_uqi.o)
                0x0000000002005d9c                __gnu_thumb1_case_uqi
 .text          0x0000000002005db0       0x14 /opt/devkitpro/devkitARM/bin/../lib/gcc/arm-none-eabi/12.1.0/thumb/libgcc.a(_thumb1_case_uhi.o)
                0x0000000002005db0                __gnu_thumb1_case_uhi
 .text          0x0000000002005dc4      0x49c /opt/devkitpro/devkitARM/bin/../lib/gcc/arm-none-eabi/12.1.0/thumb/libgcc.a(_arm_muldivdf3.o)
                0x0000000002005dc4                __aeabi_dmul
                0x0000000002005dc4                __muldf3
                0x0000000002006054                __aeabi_ddiv
                0x0000000002006054                __divdf3
 .text          0x0000000002006260      0x144 /opt/devkitpro/devkitARM/bin/../lib/gcc/arm-none-eabi/12.1.0/thumb/libgcc.a(_arm_cmpdf2.o)
                0x0000000002006260                __gtdf2
                0x0000000002006260                __gedf2
                0x0000000002006268                __ltdf2
                0x0000000002006268                __ledf2
                0x0000000002006270                __cmpdf2
                0x0000000002006270                __eqdf2
                0x0000000002006270                __nedf2
                0x00000000020062f8                __aeabi_cdrcmple
                0x0000000002006314                __aeabi_cdcmple
                0x0000000002006314                __aeabi_cdcmpeq
                0x000000000200632c                __aeabi_dcmpeq
                0x0000000002006344                __aeabi_dcmplt
                0x000000000200635c                __aeabi_dcmple
                0x0000000002006374                __aeabi_dcmpge
                0x000000000200638c                __aeabi_dcmpgt
 .text          0x00000000020063a4       0x38 /opt/devkitpro/devkitARM/bin/../lib/gcc/arm-none-eabi/12.1.0/thumb/libgcc.a(_arm_unorddf2.o)
                0x00000000020063a4                __aeabi_dcmpun
                0x00000000020063a4                __unorddf2
 .text          0x00000000020063dc       0x3c /opt/devkitpro/devkitARM/bin/../lib/gcc/arm-none-eabi/12.1.0/thumb/libgcc.a(_aeabi_uldivmod.o)
                0x00000000020063dc                __aeabi_uldivmod
 .text          0x0000000002006418       0x28 /opt/devkitpro/devkitARM/bin/../lib/gcc/arm-none-eabi/12.1.0/thumb/libgcc.a(_clzdi2.o)
                0x0000000002006418                __clzdi2
 .text          0x0000000002006440       0x48 /opt/devkitpro/devkitARM/bin/../lib/gcc/arm-none-eabi/12.1.0/thumb/libgcc.a(_clzsi2.o)
                0x0000000002006440                __clzsi2
 *(EXCLUDE_FILE(*.twl* *.vectors* *.itcm*) .stub)
 *(EXCLUDE_FILE(*.twl* *.vectors* *.itcm*) .text.*)
 .text.__do_global_dtors_aux
                0x0000000002006488       0x2c /opt/devkitpro/devkitARM/bin/../lib/gcc/arm-none-eabi/12.1.0/thumb/crtbegin.o
 .text.frame_dummy
                0x00000000020064b4       0x24 /opt/devkitpro/devkitARM/bin/../lib/gcc/arm-none-eabi/12.1.0/thumb/crtbegin.o
 .text.startup  0x00000000020064d8       0xe8 MaxModExample.o
                0x00000000020064d8                main
 .text.touchRead
                0x00000000020065c0       0x24 /opt/devkitpro/libnds/lib/libnds9.a(touch.o)
                0x00000000020065c0                touchRead
 .text.newRow   0x00000000020065e4       0xa8 /opt/devkitpro/libnds/lib/libnds9.a(console.o)
 .text.consoleSelect
                0x000000000200668c       0x10 /opt/devkitpro/libnds/lib/libnds9.a(console.o)
                0x000000000200668c                consoleSelect
 .text.consolePrintChar
                0x000000000200669c       0xe0 /opt/devkitpro/libnds/lib/libnds9.a(console.o)
                0x000000000200669c                consolePrintChar
 .text.con_write
                0x000000000200677c      0x36c /opt/devkitpro/libnds/lib/libnds9.a(console.o)
                0x000000000200677c                con_write
 .text.consoleLoadFont
                0x0000000002006ae8      0x2a0 /opt/devkitpro/libnds/lib/libnds9.a(console.o)
                0x0000000002006ae8                consoleLoadFont
 .text.consoleInit
                0x0000000002006d88      0x18c /opt/devkitpro/libnds/lib/libnds9.a(console.o)
                0x0000000002006d88                consoleInit
 .text.consoleDemoInit
                0x0000000002006f14       0x40 /opt/devkitpro/libnds/lib/libnds9.a(console.o)
                0x0000000002006f14                consoleDemoInit
 .text.scanKeys
                0x0000000002006f54       0x8c /opt/devkitpro/libnds/lib/libnds9.a(keys.o)
                0x0000000002006f54                scanKeys
 .text.keysHeld
                0x0000000002006fe0        0xc /opt/devkitpro/libnds/lib/libnds9.a(keys.o)
                0x0000000002006fe0                keysHeld
 .text.keysDown
                0x0000000002006fec       0x14 /opt/devkitpro/libnds/lib/libnds9.a(keys.o)
                0x0000000002006fec                keysDown
 .text.keysUp   0x0000000002007000       0x18 /opt/devkitpro/libnds/lib/libnds9.a(keys.o)
                0x0000000002007000                keysUp
 .text.__syscall_exit
                0x0000000002007018        0x8 /opt/devkitpro/libnds/lib/libnds9.a(initSystem.o)
                0x0000000002007018                __syscall_exit
 .text.initSystem
                0x0000000002007020      0x180 /opt/devkitpro/libnds/lib/libnds9.a(initSystem.o)
                0x0000000002007020                initSystem
 .text.irqDummy
                0x00000000020071a0        0x4 /opt/devkitpro/libnds/lib/libnds9.a(interrupts.o)
                0x00000000020071a0                irqDummy
 .text.irqSet   0x00000000020071a4       0x6c /opt/devkitpro/libnds/lib/libnds9.a(interrupts.o)
                0x00000000020071a4                irqSet
 .text.irqInit  0x0000000002007210       0x50 /opt/devkitpro/libnds/lib/libnds9.a(interrupts.o)
                0x0000000002007210                irqInit
 .text.irqEnable
                0x0000000002007260       0x64 /opt/devkitpro/libnds/lib/libnds9.a(interrupts.o)
                0x0000000002007260                irqEnable
 .text.irqDisable
                0x00000000020072c4       0x64 /opt/devkitpro/libnds/lib/libnds9.a(interrupts.o)
                0x00000000020072c4                irqDisable
 .text.systemErrorExit
                0x0000000002007328        0x4 /opt/devkitpro/libnds/lib/libnds9.a(libnds_exit.arm.o)
                0x0000000002007328                systemErrorExit
 .text.__libnds_exit
                0x000000000200732c       0x5c /opt/devkitpro/libnds/lib/libnds9.a(libnds_exit.arm.o)
                0x000000000200732c                __libnds_exit
 .text.fifo_queueBlock
                0x0000000002007388       0x44 /opt/devkitpro/libnds/lib/libnds9.a(fifosystem.o)
 .text.fifo_waitBlock
                0x00000000020073cc       0x80 /opt/devkitpro/libnds/lib/libnds9.a(fifosystem.o)
 .text.fifoInternalSend.part.0
                0x000000000200744c       0xd4 /opt/devkitpro/libnds/lib/libnds9.a(fifosystem.o)
 .text.fifoInternalSendInterrupt
                0x0000000002007520       0xb0 /opt/devkitpro/libnds/lib/libnds9.a(fifosystem.o)
 .text.fifoSetValue32Handler
                0x00000000020075d0       0xd4 /opt/devkitpro/libnds/lib/libnds9.a(fifosystem.o)
                0x00000000020075d0                fifoSetValue32Handler
 .text.fifoSendValue32
                0x00000000020076a4       0x4c /opt/devkitpro/libnds/lib/libnds9.a(fifosystem.o)
                0x00000000020076a4                fifoSendValue32
 .text.fifoSendDatamsg
                0x00000000020076f0       0x90 /opt/devkitpro/libnds/lib/libnds9.a(fifosystem.o)
                0x00000000020076f0                fifoSendDatamsg
 .text.fifoGetDatamsg
                0x0000000002007780       0xf4 /opt/devkitpro/libnds/lib/libnds9.a(fifosystem.o)
                0x0000000002007780                fifoGetDatamsg
 .text.fifoInternalRecvInterrupt
                0x0000000002007874      0x37c /opt/devkitpro/libnds/lib/libnds9.a(fifosystem.o)
 .text.fifoSetDatamsgHandler
                0x0000000002007bf0       0x9c /opt/devkitpro/libnds/lib/libnds9.a(fifosystem.o)
                0x0000000002007bf0                fifoSetDatamsgHandler
 .text.fifoInit
                0x0000000002007c8c      0x108 /opt/devkitpro/libnds/lib/libnds9.a(fifosystem.o)
                0x0000000002007c8c                fifoInit
 .text.__libnds_mpu_setup
                0x0000000002007d94      0x174 /opt/devkitpro/libnds/lib/libnds9.a(mpu_setup.o)
                0x0000000002007d94                __libnds_mpu_setup
 .text.memUncached
                0x0000000002007f08       0x20 /opt/devkitpro/libnds/lib/libnds9.a(mpu_setup.o)
                0x0000000002007f08                memUncached
 .text.swiIntrWait
                0x0000000002007f28       0x70 /opt/devkitpro/libnds/lib/libnds9.a(IntrWait.o)
                0x0000000002007f28                swiIntrWait
 .text.setCpuClock
                0x0000000002007f98       0x50 /opt/devkitpro/libnds/lib/libnds9.a(cpu_clock.o)
                0x0000000002007f98                setCpuClock
 .text.swiSoftReset
                0x0000000002007fe8       0x2c /opt/devkitpro/libnds/lib/libnds9.a(swiSoftReset.o)
                0x0000000002007fe8                swiSoftReset
 .text.checkIfText
                0x0000000002008014       0x5c /opt/devkitpro/libnds/lib/libnds9.a(background.o)
                0x0000000002008014                checkIfText
 .text.bgUpdate
                0x0000000002008070       0xf4 /opt/devkitpro/libnds/lib/libnds9.a(background.o)
                0x0000000002008070                bgUpdate
 .text.bgInit_call
                0x0000000002008164       0xc4 /opt/devkitpro/libnds/lib/libnds9.a(background.o)
                0x0000000002008164                bgInit_call
 .text.bgInitSub_call
                0x0000000002008228       0xcc /opt/devkitpro/libnds/lib/libnds9.a(background.o)
                0x0000000002008228                bgInitSub_call
 .text.sinLutLookup
                0x00000000020082f4       0x4c /opt/devkitpro/libnds/lib/libnds9.a(trig.o)
                0x00000000020082f4                sinLutLookup
 .text.sinLerp  0x0000000002008340       0x40 /opt/devkitpro/libnds/lib/libnds9.a(trig.o)
                0x0000000002008340                sinLerp
 .text.cosLerp  0x0000000002008380       0x4c /opt/devkitpro/libnds/lib/libnds9.a(trig.o)
                0x0000000002008380                cosLerp
 .text.vramDefault
                0x00000000020083cc       0xd0 /opt/devkitpro/libnds/lib/libnds9.a(video.o)
                0x00000000020083cc                vramDefault
 .text.systemValueHandler
                0x000000000200849c       0x48 /opt/devkitpro/libnds/lib/libnds9.a(system.o)
                0x000000000200849c                systemValueHandler
 .text.systemMsgHandler
                0x00000000020084e4       0x60 /opt/devkitpro/libnds/lib/libnds9.a(system.o)
                0x00000000020084e4                systemMsgHandler
 .text.powerOn  0x0000000002008544       0x2c /opt/devkitpro/libnds/lib/libnds9.a(system.o)
                0x0000000002008544                powerOn
 .text.swiDelay
                0x0000000002008570        0x4 /opt/devkitpro/libnds/lib/libnds9.a(biosCalls.o)
                0x0000000002008570                swiDelay
 .text._fclose_r
                0x0000000002008574       0xe4 /opt/devkitpro/devkitARM/bin/../lib/gcc/arm-none-eabi/12.1.0/../../../../arm-none-eabi/lib/thumb/libg.a(lib_a-fclose.o)
                0x0000000002008574                _fclose_r
 .text.fclose   0x0000000002008658       0x14 /opt/devkitpro/devkitARM/bin/../lib/gcc/arm-none-eabi/12.1.0/../../../../arm-none-eabi/lib/thumb/libg.a(lib_a-fclose.o)
                0x0000000002008658                fclose
 .text.__sflush_r
                0x000000000200866c      0x18c /opt/devkitpro/devkitARM/bin/../lib/gcc/arm-none-eabi/12.1.0/../../../../arm-none-eabi/lib/thumb/libg.a(lib_a-fflush.o)
                0x000000000200866c                __sflush_r
 .text._fflush_r
                0x00000000020087f8       0x70 /opt/devkitpro/devkitARM/bin/../lib/gcc/arm-none-eabi/12.1.0/../../../../arm-none-eabi/lib/thumb/libg.a(lib_a-fflush.o)
                0x00000000020087f8                _fflush_r
 .text.fflush   0x0000000002008868       0x2c /opt/devkitpro/devkitARM/bin/../lib/gcc/arm-none-eabi/12.1.0/../../../../arm-none-eabi/lib/thumb/libg.a(lib_a-fflush.o)
                0x0000000002008868                fflush
 .text._cleanup_r
                0x0000000002008894       0x14 /opt/devkitpro/devkitARM/bin/../lib/gcc/arm-none-eabi/12.1.0/../../../../arm-none-eabi/lib/thumb/libg.a(lib_a-findfp.o)
                0x0000000002008894                _cleanup_r
 .text.__sinit  0x00000000020088a8      0x124 /opt/devkitpro/devkitARM/bin/../lib/gcc/arm-none-eabi/12.1.0/../../../../arm-none-eabi/lib/thumb/libg.a(lib_a-findfp.o)
                0x00000000020088a8                __sinit
 .text.__sfp    0x00000000020089cc       0xd4 /opt/devkitpro/devkitARM/bin/../lib/gcc/arm-none-eabi/12.1.0/../../../../arm-none-eabi/lib/thumb/libg.a(lib_a-findfp.o)
                0x00000000020089cc                __sfp
 .text.__sfp_lock_acquire
                0x0000000002008aa0       0x14 /opt/devkitpro/devkitARM/bin/../lib/gcc/arm-none-eabi/12.1.0/../../../../arm-none-eabi/lib/thumb/libg.a(lib_a-findfp.o)
                0x0000000002008aa0                __sfp_lock_acquire
 .text.__sfp_lock_release
                0x0000000002008ab4       0x14 /opt/devkitpro/devkitARM/bin/../lib/gcc/arm-none-eabi/12.1.0/../../../../arm-none-eabi/lib/thumb/libg.a(lib_a-findfp.o)
                0x0000000002008ab4                __sfp_lock_release
 .text._fopen_r
                0x0000000002008ac8       0xbc /opt/devkitpro/devkitARM/bin/../lib/gcc/arm-none-eabi/12.1.0/../../../../arm-none-eabi/lib/thumb/libg.a(lib_a-fopen.o)
                0x0000000002008ac8                _fopen_r
 .text.fopen    0x0000000002008b84       0x18 /opt/devkitpro/devkitARM/bin/../lib/gcc/arm-none-eabi/12.1.0/../../../../arm-none-eabi/lib/thumb/libg.a(lib_a-fopen.o)
                0x0000000002008b84                fopen
 .text._fread_r
                0x0000000002008b9c      0x1e4 /opt/devkitpro/devkitARM/bin/../lib/gcc/arm-none-eabi/12.1.0/../../../../arm-none-eabi/lib/thumb/libg.a(lib_a-fread.o)
                0x0000000002008b9c                _fread_r
 .text.fread    0x0000000002008d80       0x24 /opt/devkitpro/devkitARM/bin/../lib/gcc/arm-none-eabi/12.1.0/../../../../arm-none-eabi/lib/thumb/libg.a(lib_a-fread.o)
                0x0000000002008d80                fread
 .text._malloc_trim_r
                0x0000000002008da4       0xac /opt/devkitpro/devkitARM/bin/../lib/gcc/arm-none-eabi/12.1.0/../../../../arm-none-eabi/lib/thumb/libg.a(lib_a-freer.o)
                0x0000000002008da4                _malloc_trim_r
 .text._free_r  0x0000000002008e50      0x1d8 /opt/devkitpro/devkitARM/bin/../lib/gcc/arm-none-eabi/12.1.0/../../../../arm-none-eabi/lib/thumb/libg.a(lib_a-freer.o)
                0x0000000002008e50                _free_r
 .text._fseek_r
                0x0000000002009028       0x18 /opt/devkitpro/devkitARM/bin/../lib/gcc/arm-none-eabi/12.1.0/../../../../arm-none-eabi/lib/thumb/libg.a(lib_a-fseek.o)
                0x0000000002009028                _fseek_r
 .text.fseek    0x0000000002009040       0x24 /opt/devkitpro/devkitARM/bin/../lib/gcc/arm-none-eabi/12.1.0/../../../../arm-none-eabi/lib/thumb/libg.a(lib_a-fseek.o)
                0x0000000002009040                fseek
 .text._fseeko_r
                0x0000000002009064      0x410 /opt/devkitpro/devkitARM/bin/../lib/gcc/arm-none-eabi/12.1.0/../../../../arm-none-eabi/lib/thumb/libg.a(lib_a-fseeko.o)
                0x0000000002009064                _fseeko_r
 .text._fwalk   0x0000000002009474       0x48 /opt/devkitpro/devkitARM/bin/../lib/gcc/arm-none-eabi/12.1.0/../../../../arm-none-eabi/lib/thumb/libg.a(lib_a-fwalk.o)
                0x0000000002009474                _fwalk
 .text._fwalk_reent
                0x00000000020094bc       0x50 /opt/devkitpro/devkitARM/bin/../lib/gcc/arm-none-eabi/12.1.0/../../../../arm-none-eabi/lib/thumb/libg.a(lib_a-fwalk.o)
                0x00000000020094bc                _fwalk_reent
 .text.__libc_init_array
                0x000000000200950c       0x54 /opt/devkitpro/devkitARM/bin/../lib/gcc/arm-none-eabi/12.1.0/../../../../arm-none-eabi/lib/thumb/libg.a(lib_a-init.o)
                0x000000000200950c                __libc_init_array
 .text.iprintf  0x0000000002009560       0x24 /opt/devkitpro/devkitARM/bin/../lib/gcc/arm-none-eabi/12.1.0/../../../../arm-none-eabi/lib/thumb/libg.a(lib_a-iprintf.o)
                0x0000000002009560                iprintf
 .text.__smakebuf_r
                0x0000000002009584       0xf0 /opt/devkitpro/devkitARM/bin/../lib/gcc/arm-none-eabi/12.1.0/../../../../arm-none-eabi/lib/thumb/libg.a(lib_a-makebuf.o)
                0x0000000002009584                __smakebuf_r
 .text.__swhatbuf_r
                0x0000000002009674       0x5c /opt/devkitpro/devkitARM/bin/../lib/gcc/arm-none-eabi/12.1.0/../../../../arm-none-eabi/lib/thumb/libg.a(lib_a-makebuf.o)
                0x0000000002009674                __swhatbuf_r
 .text.malloc   0x00000000020096d0       0x14 /opt/devkitpro/devkitARM/bin/../lib/gcc/arm-none-eabi/12.1.0/../../../../arm-none-eabi/lib/thumb/libg.a(lib_a-malloc.o)
                0x00000000020096d0                malloc
 .text.free     0x00000000020096e4       0x14 /opt/devkitpro/devkitARM/bin/../lib/gcc/arm-none-eabi/12.1.0/../../../../arm-none-eabi/lib/thumb/libg.a(lib_a-malloc.o)
                0x00000000020096e4                free
 .text._malloc_r
                0x00000000020096f8      0x560 /opt/devkitpro/devkitARM/bin/../lib/gcc/arm-none-eabi/12.1.0/../../../../arm-none-eabi/lib/thumb/libg.a(lib_a-mallocr.o)
                0x00000000020096f8                _malloc_r
 .text.memcpy   0x0000000002009c58       0x94 /opt/devkitpro/devkitARM/bin/../lib/gcc/arm-none-eabi/12.1.0/../../../../arm-none-eabi/lib/thumb/libg.a(lib_a-memcpy-stub.o)
                0x0000000002009c58                memcpy
 .text.memset   0x0000000002009cec       0xb0 /opt/devkitpro/devkitARM/bin/../lib/gcc/arm-none-eabi/12.1.0/../../../../arm-none-eabi/lib/thumb/libg.a(lib_a-memset.o)
                0x0000000002009cec                memset
 .text.__malloc_lock
                0x0000000002009d9c       0x14 /opt/devkitpro/devkitARM/bin/../lib/gcc/arm-none-eabi/12.1.0/../../../../arm-none-eabi/lib/thumb/libg.a(lib_a-mlock.o)
                0x0000000002009d9c                __malloc_lock
 .text.__malloc_unlock
                0x0000000002009db0       0x14 /opt/devkitpro/devkitARM/bin/../lib/gcc/arm-none-eabi/12.1.0/../../../../arm-none-eabi/lib/thumb/libg.a(lib_a-mlock.o)
                0x0000000002009db0                __malloc_unlock
 .text.rand     0x0000000002009dc4       0x34 /opt/devkitpro/devkitARM/bin/../lib/gcc/arm-none-eabi/12.1.0/../../../../arm-none-eabi/lib/thumb/libg.a(lib_a-rand.o)
                0x0000000002009dc4                rand
 .text.lflush   0x0000000002009df8       0x20 /opt/devkitpro/devkitARM/bin/../lib/gcc/arm-none-eabi/12.1.0/../../../../arm-none-eabi/lib/thumb/libg.a(lib_a-refill.o)
 .text.__srefill_r
                0x0000000002009e18      0x108 /opt/devkitpro/devkitARM/bin/../lib/gcc/arm-none-eabi/12.1.0/../../../../arm-none-eabi/lib/thumb/libg.a(lib_a-refill.o)
                0x0000000002009e18                __srefill_r
 .text.setvbuf  0x0000000002009f20      0x19c /opt/devkitpro/devkitARM/bin/../lib/gcc/arm-none-eabi/12.1.0/../../../../arm-none-eabi/lib/thumb/libg.a(lib_a-setvbuf.o)
                0x0000000002009f20                setvbuf
 .text.siscanf  0x000000000200a0bc       0x4c /opt/devkitpro/devkitARM/bin/../lib/gcc/arm-none-eabi/12.1.0/../../../../arm-none-eabi/lib/thumb/libg.a(lib_a-siscanf.o)
                0x000000000200a0bc                siscanf
 .text.sprintf  0x000000000200a108       0x40 /opt/devkitpro/devkitARM/bin/../lib/gcc/arm-none-eabi/12.1.0/../../../../arm-none-eabi/lib/thumb/libg.a(lib_a-sprintf.o)
                0x000000000200a108                sprintf
 .text.__sread  0x000000000200a148       0x34 /opt/devkitpro/devkitARM/bin/../lib/gcc/arm-none-eabi/12.1.0/../../../../arm-none-eabi/lib/thumb/libg.a(lib_a-stdio.o)
                0x000000000200a148                __sread
 .text.__seofread
                0x000000000200a17c        0x4 /opt/devkitpro/devkitARM/bin/../lib/gcc/arm-none-eabi/12.1.0/../../../../arm-none-eabi/lib/thumb/libg.a(lib_a-stdio.o)
                0x000000000200a17c                __seofread
 .text.__swrite
                0x000000000200a180       0x4c /opt/devkitpro/devkitARM/bin/../lib/gcc/arm-none-eabi/12.1.0/../../../../arm-none-eabi/lib/thumb/libg.a(lib_a-stdio.o)
                0x000000000200a180                __swrite
 .text.__sseek  0x000000000200a1cc       0x44 /opt/devkitpro/devkitARM/bin/../lib/gcc/arm-none-eabi/12.1.0/../../../../arm-none-eabi/lib/thumb/libg.a(lib_a-stdio.o)
                0x000000000200a1cc                __sseek
 .text.__sclose
                0x000000000200a210       0x10 /opt/devkitpro/devkitARM/bin/../lib/gcc/arm-none-eabi/12.1.0/../../../../arm-none-eabi/lib/thumb/libg.a(lib_a-stdio.o)
                0x000000000200a210                __sclose
 .text.strlen   0x000000000200a220       0x60 /opt/devkitpro/devkitARM/bin/../lib/gcc/arm-none-eabi/12.1.0/../../../../arm-none-eabi/lib/thumb/libg.a(lib_a-strlen-stub.o)
                0x000000000200a220                strlen
 .text.get_arg  0x000000000200a280       0x32 /opt/devkitpro/devkitARM/bin/../lib/gcc/arm-none-eabi/12.1.0/../../../../arm-none-eabi/lib/thumb/libg.a(lib_a-svfiscanf.o)
 .text._sungetc_r
                0x000000000200a2b2       0x7e /opt/devkitpro/devkitARM/bin/../lib/gcc/arm-none-eabi/12.1.0/../../../../arm-none-eabi/lib/thumb/libg.a(lib_a-svfiscanf.o)
                0x000000000200a2b2                _sungetc_r
 .text.__ssrefill_r
                0x000000000200a330       0x42 /opt/devkitpro/devkitARM/bin/../lib/gcc/arm-none-eabi/12.1.0/../../../../arm-none-eabi/lib/thumb/libg.a(lib_a-svfiscanf.o)
                0x000000000200a330                __ssrefill_r
 .text._sfread_r
                0x000000000200a372       0x88 /opt/devkitpro/devkitARM/bin/../lib/gcc/arm-none-eabi/12.1.0/../../../../arm-none-eabi/lib/thumb/libg.a(lib_a-svfiscanf.o)
                0x000000000200a372                _sfread_r
 *fill*         0x000000000200a3fa        0x2 ff
 .text.__ssvfiscanf_r
                0x000000000200a3fc     0x1ae0 /opt/devkitpro/devkitARM/bin/../lib/gcc/arm-none-eabi/12.1.0/../../../../arm-none-eabi/lib/thumb/libg.a(lib_a-svfiscanf.o)
                0x000000000200a3fc                __ssvfiscanf_r
 .text.get_arg  0x000000000200bedc      0x42c /opt/devkitpro/devkitARM/bin/../lib/gcc/arm-none-eabi/12.1.0/../../../../arm-none-eabi/lib/thumb/libg.a(lib_a-svfprintf.o)
 .text._svfprintf_r
                0x000000000200c308     0x22fc /opt/devkitpro/devkitARM/bin/../lib/gcc/arm-none-eabi/12.1.0/../../../../arm-none-eabi/lib/thumb/libg.a(lib_a-svfprintf.o)
                0x000000000200c308                _svfprintf_r
 .text.__submore
                0x000000000200e604       0x88 /opt/devkitpro/devkitARM/bin/../lib/gcc/arm-none-eabi/12.1.0/../../../../arm-none-eabi/lib/thumb/libg.a(lib_a-ungetc.o)
                0x000000000200e604                __submore
 .text.get_arg  0x000000000200e68c      0x42c /opt/devkitpro/devkitARM/bin/../lib/gcc/arm-none-eabi/12.1.0/../../../../arm-none-eabi/lib/thumb/libg.a(lib_a-vfiprintf.o)
 .text.__sprint_r
                0x000000000200eab8       0x24 /opt/devkitpro/devkitARM/bin/../lib/gcc/arm-none-eabi/12.1.0/../../../../arm-none-eabi/lib/thumb/libg.a(lib_a-vfiprintf.o)
                0x000000000200eab8                __sprint_r
 .text._vfiprintf_r
                0x000000000200eadc     0x173c /opt/devkitpro/devkitARM/bin/../lib/gcc/arm-none-eabi/12.1.0/../../../../arm-none-eabi/lib/thumb/libg.a(lib_a-vfiprintf.o)
                0x000000000200eadc                _vfiprintf_r
 .text.__sbprintf
                0x0000000002010218       0x8c /opt/devkitpro/devkitARM/bin/../lib/gcc/arm-none-eabi/12.1.0/../../../../arm-none-eabi/lib/thumb/libg.a(lib_a-vfiprintf.o)
 .text._wcrtomb_r
                0x00000000020102a4       0x5c /opt/devkitpro/devkitARM/bin/../lib/gcc/arm-none-eabi/12.1.0/../../../../arm-none-eabi/lib/thumb/libg.a(lib_a-wcrtomb.o)
                0x00000000020102a4                _wcrtomb_r
 .text._wcsrtombs_r
                0x0000000002010300       0x1c /opt/devkitpro/devkitARM/bin/../lib/gcc/arm-none-eabi/12.1.0/../../../../arm-none-eabi/lib/thumb/libg.a(lib_a-wcsrtombs.o)
                0x0000000002010300                _wcsrtombs_r
 .text.__swsetup_r
                0x000000000201031c       0xd0 /opt/devkitpro/devkitARM/bin/../lib/gcc/arm-none-eabi/12.1.0/../../../../arm-none-eabi/lib/thumb/libg.a(lib_a-wsetup.o)
                0x000000000201031c                __swsetup_r
 .text.quorem   0x00000000020103ec      0x158 /opt/devkitpro/devkitARM/bin/../lib/gcc/arm-none-eabi/12.1.0/../../../../arm-none-eabi/lib/thumb/libg.a(lib_a-dtoa.o)
 .text._dtoa_r  0x0000000002010544      0xfcc /opt/devkitpro/devkitARM/bin/../lib/gcc/arm-none-eabi/12.1.0/../../../../arm-none-eabi/lib/thumb/libg.a(lib_a-dtoa.o)
                0x0000000002010544                _dtoa_r
 .text.__sflags
                0x0000000002011510       0xa4 /opt/devkitpro/devkitARM/bin/../lib/gcc/arm-none-eabi/12.1.0/../../../../arm-none-eabi/lib/thumb/libg.a(lib_a-flags.o)
                0x0000000002011510                __sflags
 .text.__sfvwrite_r
                0x00000000020115b4      0x334 /opt/devkitpro/devkitARM/bin/../lib/gcc/arm-none-eabi/12.1.0/../../../../arm-none-eabi/lib/thumb/libg.a(lib_a-fvwrite.o)
                0x00000000020115b4                __sfvwrite_r
 .text.iswspace
                0x00000000020118e8       0x10 /opt/devkitpro/devkitARM/bin/../lib/gcc/arm-none-eabi/12.1.0/../../../../arm-none-eabi/lib/thumb/libg.a(lib_a-iswspace.o)
                0x00000000020118e8                iswspace
 .text._localeconv_r
                0x00000000020118f8        0x8 /opt/devkitpro/devkitARM/bin/../lib/gcc/arm-none-eabi/12.1.0/../../../../arm-none-eabi/lib/thumb/libg.a(lib_a-localeconv.o)
                0x00000000020118f8                _localeconv_r
 .text.__locale_mb_cur_max
                0x0000000002011900       0x10 /opt/devkitpro/devkitARM/bin/../lib/gcc/arm-none-eabi/12.1.0/../../../../arm-none-eabi/lib/thumb/libg.a(lib_a-locale.o)
                0x0000000002011900                __locale_mb_cur_max
 .text._mbrtowc_r
                0x0000000002011910       0x60 /opt/devkitpro/devkitARM/bin/../lib/gcc/arm-none-eabi/12.1.0/../../../../arm-none-eabi/lib/thumb/libg.a(lib_a-mbrtowc.o)
                0x0000000002011910                _mbrtowc_r
 .text.__utf8_mbtowc
                0x0000000002011970      0x27c /opt/devkitpro/devkitARM/bin/../lib/gcc/arm-none-eabi/12.1.0/../../../../arm-none-eabi/lib/thumb/libg.a(lib_a-mbtowc_r.o)
                0x0000000002011970                __utf8_mbtowc
 .text.memchr   0x0000000002011bec       0x78 /opt/devkitpro/devkitARM/bin/../lib/gcc/arm-none-eabi/12.1.0/../../../../arm-none-eabi/lib/thumb/libg.a(lib_a-memchr-stub.o)
                0x0000000002011bec                memchr
 .text.memmove  0x0000000002011c64       0xc0 /opt/devkitpro/devkitARM/bin/../lib/gcc/arm-none-eabi/12.1.0/../../../../arm-none-eabi/lib/thumb/libg.a(lib_a-memmove.o)
                0x0000000002011c64                memmove
 .text._Balloc  0x0000000002011d24       0x54 /opt/devkitpro/devkitARM/bin/../lib/gcc/arm-none-eabi/12.1.0/../../../../arm-none-eabi/lib/thumb/libg.a(lib_a-mprec.o)
                0x0000000002011d24                _Balloc
 .text._Bfree   0x0000000002011d78       0x14 /opt/devkitpro/devkitARM/bin/../lib/gcc/arm-none-eabi/12.1.0/../../../../arm-none-eabi/lib/thumb/libg.a(lib_a-mprec.o)
                0x0000000002011d78                _Bfree
 .text.__multadd
                0x0000000002011d8c       0xac /opt/devkitpro/devkitARM/bin/../lib/gcc/arm-none-eabi/12.1.0/../../../../arm-none-eabi/lib/thumb/libg.a(lib_a-mprec.o)
                0x0000000002011d8c                __multadd
 .text.__hi0bits
                0x0000000002011e38       0x4c /opt/devkitpro/devkitARM/bin/../lib/gcc/arm-none-eabi/12.1.0/../../../../arm-none-eabi/lib/thumb/libg.a(lib_a-mprec.o)
                0x0000000002011e38                __hi0bits
 .text.__lo0bits
                0x0000000002011e84       0x5c /opt/devkitpro/devkitARM/bin/../lib/gcc/arm-none-eabi/12.1.0/../../../../arm-none-eabi/lib/thumb/libg.a(lib_a-mprec.o)
                0x0000000002011e84                __lo0bits
 .text.__i2b    0x0000000002011ee0       0x64 /opt/devkitpro/devkitARM/bin/../lib/gcc/arm-none-eabi/12.1.0/../../../../arm-none-eabi/lib/thumb/libg.a(lib_a-mprec.o)
                0x0000000002011ee0                __i2b
 .text.__multiply
                0x0000000002011f44      0x1b4 /opt/devkitpro/devkitARM/bin/../lib/gcc/arm-none-eabi/12.1.0/../../../../arm-none-eabi/lib/thumb/libg.a(lib_a-mprec.o)
                0x0000000002011f44                __multiply
 .text.__pow5mult
                0x00000000020120f8       0xd4 /opt/devkitpro/devkitARM/bin/../lib/gcc/arm-none-eabi/12.1.0/../../../../arm-none-eabi/lib/thumb/libg.a(lib_a-mprec.o)
                0x00000000020120f8                __pow5mult
 .text.__lshift
                0x00000000020121cc      0x100 /opt/devkitpro/devkitARM/bin/../lib/gcc/arm-none-eabi/12.1.0/../../../../arm-none-eabi/lib/thumb/libg.a(lib_a-mprec.o)
                0x00000000020121cc                __lshift
 .text.__mcmp   0x00000000020122cc       0x40 /opt/devkitpro/devkitARM/bin/../lib/gcc/arm-none-eabi/12.1.0/../../../../arm-none-eabi/lib/thumb/libg.a(lib_a-mprec.o)
                0x00000000020122cc                __mcmp
 .text.__mdiff  0x000000000201230c      0x1a8 /opt/devkitpro/devkitARM/bin/../lib/gcc/arm-none-eabi/12.1.0/../../../../arm-none-eabi/lib/thumb/libg.a(lib_a-mprec.o)
                0x000000000201230c                __mdiff
 .text.__d2b    0x00000000020124b4       0xd0 /opt/devkitpro/devkitARM/bin/../lib/gcc/arm-none-eabi/12.1.0/../../../../arm-none-eabi/lib/thumb/libg.a(lib_a-mprec.o)
                0x00000000020124b4                __d2b
 .text.realloc  0x0000000002012584       0x18 /opt/devkitpro/devkitARM/bin/../lib/gcc/arm-none-eabi/12.1.0/../../../../arm-none-eabi/lib/thumb/libg.a(lib_a-realloc.o)
                0x0000000002012584                realloc
 .text._realloc_r
                0x000000000201259c      0x384 /opt/devkitpro/devkitARM/bin/../lib/gcc/arm-none-eabi/12.1.0/../../../../arm-none-eabi/lib/thumb/libg.a(lib_a-reallocr.o)
                0x000000000201259c                _realloc_r
 .text.__sccl   0x0000000002012920       0x90 /opt/devkitpro/devkitARM/bin/../lib/gcc/arm-none-eabi/12.1.0/../../../../arm-none-eabi/lib/thumb/libg.a(lib_a-sccl.o)
                0x0000000002012920                __sccl
 .text.frexp    0x00000000020129b0       0x6c /opt/devkitpro/devkitARM/bin/../lib/gcc/arm-none-eabi/12.1.0/../../../../arm-none-eabi/lib/thumb/libg.a(lib_a-s_frexp.o)
                0x00000000020129b0                frexp
 .text.strchr   0x0000000002012a1c       0xc8 /opt/devkitpro/devkitARM/bin/../lib/gcc/arm-none-eabi/12.1.0/../../../../arm-none-eabi/lib/thumb/libg.a(lib_a-strchr.o)
                0x0000000002012a1c                strchr
 .text.strncpy  0x0000000002012ae4       0x68 /opt/devkitpro/devkitARM/bin/../lib/gcc/arm-none-eabi/12.1.0/../../../../arm-none-eabi/lib/thumb/libg.a(lib_a-strncpy.o)
                0x0000000002012ae4                strncpy
 .text._strtoll_l.constprop.0
                0x0000000002012b4c      0x1a0 /opt/devkitpro/devkitARM/bin/../lib/gcc/arm-none-eabi/12.1.0/../../../../arm-none-eabi/lib/thumb/libg.a(lib_a-strtoll.o)
 .text._strtoll_r
                0x0000000002012cec        0xc /opt/devkitpro/devkitARM/bin/../lib/gcc/arm-none-eabi/12.1.0/../../../../arm-none-eabi/lib/thumb/libg.a(lib_a-strtoll.o)
                0x0000000002012cec                _strtoll_r
 .text._strtol_l.part.0
                0x0000000002012cf8      0x144 /opt/devkitpro/devkitARM/bin/../lib/gcc/arm-none-eabi/12.1.0/../../../../arm-none-eabi/lib/thumb/libg.a(lib_a-strtol.o)
 .text._strtol_r
                0x0000000002012e3c       0x20 /opt/devkitpro/devkitARM/bin/../lib/gcc/arm-none-eabi/12.1.0/../../../../arm-none-eabi/lib/thumb/libg.a(lib_a-strtol.o)
                0x0000000002012e3c                _strtol_r
 .text._strtoull_l.constprop.0
                0x0000000002012e5c      0x1bc /opt/devkitpro/devkitARM/bin/../lib/gcc/arm-none-eabi/12.1.0/../../../../arm-none-eabi/lib/thumb/libg.a(lib_a-strtoull.o)
 .text._strtoull_r
                0x0000000002013018        0xc /opt/devkitpro/devkitARM/bin/../lib/gcc/arm-none-eabi/12.1.0/../../../../arm-none-eabi/lib/thumb/libg.a(lib_a-strtoull.o)
                0x0000000002013018                _strtoull_r
 .text._strtoul_l.constprop.0
                0x0000000002013024      0x144 /opt/devkitpro/devkitARM/bin/../lib/gcc/arm-none-eabi/12.1.0/../../../../arm-none-eabi/lib/thumb/libg.a(lib_a-strtoul.o)
 .text._strtoul_r
                0x0000000002013168        0xc /opt/devkitpro/devkitARM/bin/../lib/gcc/arm-none-eabi/12.1.0/../../../../arm-none-eabi/lib/thumb/libg.a(lib_a-strtoul.o)
                0x0000000002013168                _strtoul_r
 .text.__ssprint_r
                0x0000000002013174      0x120 /opt/devkitpro/devkitARM/bin/../lib/gcc/arm-none-eabi/12.1.0/../../../../arm-none-eabi/lib/thumb/libg.a(lib_a-svfiprintf.o)
                0x0000000002013174                __ssprint_r
 .text._wcsnrtombs_l
                0x0000000002013294      0x11c /opt/devkitpro/devkitARM/bin/../lib/gcc/arm-none-eabi/12.1.0/../../../../arm-none-eabi/lib/thumb/libg.a(lib_a-wcsnrtombs.o)
                0x0000000002013294                _wcsnrtombs_l
 .text._wcsnrtombs_r
                0x00000000020133b0       0x30 /opt/devkitpro/devkitARM/bin/../lib/gcc/arm-none-eabi/12.1.0/../../../../arm-none-eabi/lib/thumb/libg.a(lib_a-wcsnrtombs.o)
                0x00000000020133b0                _wcsnrtombs_r
 .text.__utf8_wctomb
                0x00000000020133e0       0xb4 /opt/devkitpro/devkitARM/bin/../lib/gcc/arm-none-eabi/12.1.0/../../../../arm-none-eabi/lib/thumb/libg.a(lib_a-wctomb_r.o)
                0x00000000020133e0                __utf8_wctomb
 .text.__assert_func
                0x0000000002013494       0x40 /opt/devkitpro/devkitARM/bin/../lib/gcc/arm-none-eabi/12.1.0/../../../../arm-none-eabi/lib/thumb/libg.a(lib_a-assert.o)
                0x0000000002013494                __assert_func
 .text._calloc_r
                0x00000000020134d4       0xb8 /opt/devkitpro/devkitARM/bin/../lib/gcc/arm-none-eabi/12.1.0/../../../../arm-none-eabi/lib/thumb/libg.a(lib_a-callocr.o)
                0x00000000020134d4                _calloc_r
 .text.__errno  0x000000000201358c        0xc /opt/devkitpro/devkitARM/bin/../lib/gcc/arm-none-eabi/12.1.0/../../../../arm-none-eabi/lib/thumb/libg.a(lib_a-errno.o)
                0x000000000201358c                __errno
 .text.fiprintf
                0x0000000002013598       0x28 /opt/devkitpro/devkitARM/bin/../lib/gcc/arm-none-eabi/12.1.0/../../../../arm-none-eabi/lib/thumb/libg.a(lib_a-fiprintf.o)
                0x0000000002013598                fiprintf
 .text.iswspace_l
                0x00000000020135c0       0x2c /opt/devkitpro/devkitARM/bin/../lib/gcc/arm-none-eabi/12.1.0/../../../../arm-none-eabi/lib/thumb/libg.a(lib_a-iswspace_l.o)
                0x00000000020135c0                iswspace_l
 .text.__jp2uc  0x00000000020135ec      0x14c /opt/devkitpro/devkitARM/bin/../lib/gcc/arm-none-eabi/12.1.0/../../../../arm-none-eabi/lib/thumb/libg.a(lib_a-jp2uc.o)
 .text._jp2uc_l
                0x0000000002013738       0x6c /opt/devkitpro/devkitARM/bin/../lib/gcc/arm-none-eabi/12.1.0/../../../../arm-none-eabi/lib/thumb/libg.a(lib_a-jp2uc.o)
                0x0000000002013738                _jp2uc_l
 .text.strncmp  0x00000000020137a4       0x78 /opt/devkitpro/devkitARM/bin/../lib/gcc/arm-none-eabi/12.1.0/../../../../arm-none-eabi/lib/thumb/libg.a(lib_a-strncmp.o)
                0x00000000020137a4                strncmp
 .text.abort    0x000000000201381c       0x10 /opt/devkitpro/devkitARM/bin/../lib/gcc/arm-none-eabi/12.1.0/../../../../arm-none-eabi/lib/thumb/libg.a(lib_a-abort.o)
                0x000000000201381c                abort
 .text.category
                0x000000000201382c       0x54 /opt/devkitpro/devkitARM/bin/../lib/gcc/arm-none-eabi/12.1.0/../../../../arm-none-eabi/lib/thumb/libg.a(lib_a-categories.o)
                0x000000000201382c                category
 .text._raise_r
                0x0000000002013880       0x60 /opt/devkitpro/devkitARM/bin/../lib/gcc/arm-none-eabi/12.1.0/../../../../arm-none-eabi/lib/thumb/libg.a(lib_a-signal.o)
                0x0000000002013880                _raise_r
 .text.raise    0x00000000020138e0       0x14 /opt/devkitpro/devkitARM/bin/../lib/gcc/arm-none-eabi/12.1.0/../../../../arm-none-eabi/lib/thumb/libg.a(lib_a-signal.o)
                0x00000000020138e0                raise
 .text.null_write
                0x00000000020138f4        0x4 /opt/devkitpro/devkitARM/bin/../lib/gcc/arm-none-eabi/12.1.0/../../../../arm-none-eabi/lib/thumb/libsysbase.a(iosupport.o)
 .text.FindDevice
                0x00000000020138f8       0x98 /opt/devkitpro/devkitARM/bin/../lib/gcc/arm-none-eabi/12.1.0/../../../../arm-none-eabi/lib/thumb/libsysbase.a(iosupport.o)
                0x00000000020138f8                FindDevice
 .text._fstat_r
                0x0000000002013990       0x4c /opt/devkitpro/devkitARM/bin/../lib/gcc/arm-none-eabi/12.1.0/../../../../arm-none-eabi/lib/thumb/libsysbase.a(fstat.o)
                0x0000000002013990                _fstat_r
 .text._getpid_r
                0x00000000020139dc        0xc /opt/devkitpro/devkitARM/bin/../lib/gcc/arm-none-eabi/12.1.0/../../../../arm-none-eabi/lib/thumb/libsysbase.a(getpid.o)
                0x00000000020139dc                _getpid_r
 .text._isatty_r
                0x00000000020139e8        0x4 /opt/devkitpro/devkitARM/bin/../lib/gcc/arm-none-eabi/12.1.0/../../../../arm-none-eabi/lib/thumb/libsysbase.a(isatty.o)
                0x00000000020139e8                _isatty_r
 .text._kill_r  0x00000000020139ec        0xc /opt/devkitpro/devkitARM/bin/../lib/gcc/arm-none-eabi/12.1.0/../../../../arm-none-eabi/lib/thumb/libsysbase.a(kill.o)
                0x00000000020139ec                _kill_r
 .text._lseek_r
                0x00000000020139f8       0x5c /opt/devkitpro/devkitARM/bin/../lib/gcc/arm-none-eabi/12.1.0/../../../../arm-none-eabi/lib/thumb/libsysbase.a(lseek.o)
                0x00000000020139f8                _lseek_r
 .text._open_r  0x0000000002013a54       0x98 /opt/devkitpro/devkitARM/bin/../lib/gcc/arm-none-eabi/12.1.0/../../../../arm-none-eabi/lib/thumb/libsysbase.a(open.o)
                0x0000000002013a54                _open_r
 .text._read_r  0x0000000002013aec       0x50 /opt/devkitpro/devkitARM/bin/../lib/gcc/arm-none-eabi/12.1.0/../../../../arm-none-eabi/lib/thumb/libsysbase.a(read.o)
                0x0000000002013aec                _read_r
 .text._sbrk_r  0x0000000002013b3c       0x54 /opt/devkitpro/devkitARM/bin/../lib/gcc/arm-none-eabi/12.1.0/../../../../arm-none-eabi/lib/thumb/libsysbase.a(sbrk.o)
                0x0000000002013b3c                _sbrk_r
 .text._write_r
                0x0000000002013b90       0x50 /opt/devkitpro/devkitARM/bin/../lib/gcc/arm-none-eabi/12.1.0/../../../../arm-none-eabi/lib/thumb/libsysbase.a(write.o)
                0x0000000002013b90                _write_r
 .text._exit    0x0000000002013be0       0x14 /opt/devkitpro/devkitARM/bin/../lib/gcc/arm-none-eabi/12.1.0/../../../../arm-none-eabi/lib/thumb/libsysbase.a(_exit.o)
                0x0000000002013be0                _exit
 .text.build_argv
                0x0000000002013bf4       0x4c /opt/devkitpro/devkitARM/bin/../lib/gcc/arm-none-eabi/12.1.0/../../../../arm-none-eabi/lib/thumb/libsysbase.a(build_argv.o)
                0x0000000002013bf4                build_argv
 .text.__flockfile
                0x0000000002013c40       0x10 /opt/devkitpro/devkitARM/bin/../lib/gcc/arm-none-eabi/12.1.0/../../../../arm-none-eabi/lib/thumb/libsysbase.a(flock.o)
                0x0000000002013c40                __flockfile
 .text.__funlockfile
                0x0000000002013c50       0x10 /opt/devkitpro/devkitARM/bin/../lib/gcc/arm-none-eabi/12.1.0/../../../../arm-none-eabi/lib/thumb/libsysbase.a(flock.o)
                0x0000000002013c50                __funlockfile
 .text.__release_handle
                0x0000000002013c60       0x68 /opt/devkitpro/devkitARM/bin/../lib/gcc/arm-none-eabi/12.1.0/../../../../arm-none-eabi/lib/thumb/libsysbase.a(handle_manager.o)
                0x0000000002013c60                __release_handle
 .text.__alloc_handle
                0x0000000002013cc8       0x7c /opt/devkitpro/devkitARM/bin/../lib/gcc/arm-none-eabi/12.1.0/../../../../arm-none-eabi/lib/thumb/libsysbase.a(handle_manager.o)
                0x0000000002013cc8                __alloc_handle
 .text.__get_handle
                0x0000000002013d44       0x34 /opt/devkitpro/devkitARM/bin/../lib/gcc/arm-none-eabi/12.1.0/../../../../arm-none-eabi/lib/thumb/libsysbase.a(handle_manager.o)
                0x0000000002013d44                __get_handle
 .text._close_r
                0x0000000002013d78       0xb8 /opt/devkitpro/devkitARM/bin/../lib/gcc/arm-none-eabi/12.1.0/../../../../arm-none-eabi/lib/thumb/libsysbase.a(handle_manager.o)
                0x0000000002013d78                _close_r
 .text.__getreent
                0x0000000002013e30       0x20 /opt/devkitpro/devkitARM/bin/../lib/gcc/arm-none-eabi/12.1.0/../../../../arm-none-eabi/lib/thumb/libsysbase.a(getreent.o)
                0x0000000002013e30                __getreent
 .text.__libc_lock_acquire
                0x0000000002013e50       0x18 /opt/devkitpro/devkitARM/bin/../lib/gcc/arm-none-eabi/12.1.0/../../../../arm-none-eabi/lib/thumb/libsysbase.a(syscall_support.o)
                0x0000000002013e50                __libc_lock_acquire
 .text.__libc_lock_release
                0x0000000002013e68       0x18 /opt/devkitpro/devkitARM/bin/../lib/gcc/arm-none-eabi/12.1.0/../../../../arm-none-eabi/lib/thumb/libsysbase.a(syscall_support.o)
                0x0000000002013e68                __libc_lock_release
 .text.__libc_lock_init_recursive
                0x0000000002013e80       0x18 /opt/devkitpro/devkitARM/bin/../lib/gcc/arm-none-eabi/12.1.0/../../../../arm-none-eabi/lib/thumb/libsysbase.a(syscall_support.o)
                0x0000000002013e80                __libc_lock_init_recursive
 .text.__libc_lock_acquire_recursive
                0x0000000002013e98       0x18 /opt/devkitpro/devkitARM/bin/../lib/gcc/arm-none-eabi/12.1.0/../../../../arm-none-eabi/lib/thumb/libsysbase.a(syscall_support.o)
                0x0000000002013e98                __libc_lock_acquire_recursive
 .text.__libc_lock_release_recursive
                0x0000000002013eb0       0x18 /opt/devkitpro/devkitARM/bin/../lib/gcc/arm-none-eabi/12.1.0/../../../../arm-none-eabi/lib/thumb/libsysbase.a(syscall_support.o)
                0x0000000002013eb0                __libc_lock_release_recursive
 .text.__libc_lock_close_recursive
                0x0000000002013ec8       0x18 /opt/devkitpro/devkitARM/bin/../lib/gcc/arm-none-eabi/12.1.0/../../../../arm-none-eabi/lib/thumb/libsysbase.a(syscall_support.o)
                0x0000000002013ec8                __libc_lock_close_recursive
 .text.__muldi3
                0x0000000002013ee0       0x64 /opt/devkitpro/devkitARM/bin/../lib/gcc/arm-none-eabi/12.1.0/thumb/libgcc.a(_muldi3.o)
                0x0000000002013ee0                __aeabi_lmul
                0x0000000002013ee0                __muldi3
 .text.__udivmoddi4
                0x0000000002013f44      0x19c /opt/devkitpro/devkitARM/bin/../lib/gcc/arm-none-eabi/12.1.0/thumb/libgcc.a(_udivmoddi4.o)
                0x0000000002013f44                __udivmoddi4
 .text.__udivmoddi4.__stub
                0x00000000020140e0      0x130 linker stubs
 *(EXCLUDE_FILE(*.twl*) .gnu.warning)
 *(EXCLUDE_FILE(*.twl*) .gnu.linkonce.t*)
 *(.glue_7)
 .glue_7        0x0000000002014220        0x0 linker stubs
 *(.glue_7t)
 .glue_7t       0x0000000002014220        0x0 linker stubs
                0x0000000002014220                . = ALIGN (0x4)

.vfp11_veneer   0x0000000002014220        0x0
 .vfp11_veneer  0x0000000002014220        0x0 linker stubs

.v4_bx          0x0000000002014220        0x0
 .v4_bx         0x0000000002014220        0x0 linker stubs

.iplt           0x0000000002014220        0x0
 .iplt          0x0000000002014220        0x0 /opt/devkitpro/devkitARM/bin/../lib/gcc/arm-none-eabi/12.1.0/../../../../arm-none-eabi/lib/thumb/ds_arm9_crt0.o

.iwram          0x0000000002014220      0x7d8
 .iwram         0x0000000002014220      0x794 MaxModExample.o
                0x0000000002014220                vblank_interrupt
                0x000000000201422c                draw_pattern
                0x0000000002014418                play_column
                0x00000000020148c4                timer3_interrupt
                0x0000000002014914                gpio_interrupt
                0x0000000002014964                serial_interrupt
 *fill*         0x00000000020149b4        0x4 
 .iwram.__stub  0x00000000020149b8       0x40 linker stubs

.fini           0x00000000020149f8        0xc
 *(.fini)
 .fini          0x00000000020149f8        0x4 /opt/devkitpro/devkitARM/bin/../lib/gcc/arm-none-eabi/12.1.0/thumb/crti.o
                0x00000000020149f8                _fini
 .fini          0x00000000020149fc        0x8 /opt/devkitpro/devkitARM/bin/../lib/gcc/arm-none-eabi/12.1.0/thumb/crtn.o
                0x0000000002014a04                __text_end = .

.rodata         0x0000000002014a08   0x28227c
 *(EXCLUDE_FILE(*.twl*) .rodata)
 .rodata        0x0000000002014a08      0x1a4 MaxModExample.o
                0x0000000002014a84                pitch_table
                0x0000000002014ae8                note_table
                0x0000000002014b04                palettes
 *all.rodata*(*)
 *(EXCLUDE_FILE(*.twl*) .roda)
 *(EXCLUDE_FILE(*.twl*) .rodata.*)
 .rodata.soundbank_bin
                0x0000000002014bac   0x2786d8 soundbank.bin.o
                0x0000000002014bac                soundbank_bin
                0x000000000228d284                soundbank_bin_end
 .rodata.str1.4
                0x000000000228d284      0x70e MaxModExample.o
                                        0x71e (size before relaxing)
 *fill*         0x000000000228d992        0x2 ff
 .rodata.con_write.str1.4
                0x000000000228d994       0x30 /opt/devkitpro/libnds/lib/libnds9.a(console.o)
 .rodata.con_write
                0x000000000228d9c4       0xd4 /opt/devkitpro/libnds/lib/libnds9.a(console.o)
 .rodata.str1.4
                0x000000000228da98       0x14 /opt/devkitpro/libnds/lib/libnds9.a(console.o)
 .rodata.dotab_stdout
                0x000000000228daac       0x70 /opt/devkitpro/libnds/lib/libnds9.a(console.o)
 .rodata.default_font_bin
                0x000000000228db1c     0x2000 /opt/devkitpro/libnds/lib/libnds9.a(default_font.bin.o)
                0x000000000228db1c                default_font_bin
                0x000000000228fb1c                default_font_bin_end
 .rodata.SIN_LUT
                0x000000000228fb1c      0x102 /opt/devkitpro/libnds/lib/libnds9.a(trig.o)
                0x000000000228fb1c                SIN_LUT
 *fill*         0x000000000228fc1e        0x2 ff
 .rodata._global_impure_ptr
                0x000000000228fc20        0x4 /opt/devkitpro/devkitARM/bin/../lib/gcc/arm-none-eabi/12.1.0/../../../../arm-none-eabi/lib/thumb/libg.a(lib_a-impure.o)
                0x000000000228fc20                _global_impure_ptr
 .rodata.basefix.0
                0x000000000228fc24       0x22 /opt/devkitpro/devkitARM/bin/../lib/gcc/arm-none-eabi/12.1.0/../../../../arm-none-eabi/lib/thumb/libg.a(lib_a-svfiscanf.o)
 .rodata._svfprintf_r.str1.1
                0x000000000228fc46       0x3b /opt/devkitpro/devkitARM/bin/../lib/gcc/arm-none-eabi/12.1.0/../../../../arm-none-eabi/lib/thumb/libg.a(lib_a-svfprintf.o)
 *fill*         0x000000000228fc81        0x3 ff
 .rodata.zeroes.0
                0x000000000228fc84       0x10 /opt/devkitpro/devkitARM/bin/../lib/gcc/arm-none-eabi/12.1.0/../../../../arm-none-eabi/lib/thumb/libg.a(lib_a-svfprintf.o)
 .rodata.blanks.1
                0x000000000228fc94       0x10 /opt/devkitpro/devkitARM/bin/../lib/gcc/arm-none-eabi/12.1.0/../../../../arm-none-eabi/lib/thumb/libg.a(lib_a-svfprintf.o)
 .rodata._vfiprintf_r.str1.1
                0x000000000228fca4       0x29 /opt/devkitpro/devkitARM/bin/../lib/gcc/arm-none-eabi/12.1.0/../../../../arm-none-eabi/lib/thumb/libg.a(lib_a-vfiprintf.o)
 .rodata.zeroes.0
                0x000000000228fca4       0x10 /opt/devkitpro/devkitARM/bin/../lib/gcc/arm-none-eabi/12.1.0/../../../../arm-none-eabi/lib/thumb/libg.a(lib_a-vfiprintf.o)
 .rodata.blanks.1
                0x000000000228fcb4       0x10 /opt/devkitpro/devkitARM/bin/../lib/gcc/arm-none-eabi/12.1.0/../../../../arm-none-eabi/lib/thumb/libg.a(lib_a-vfiprintf.o)
 .rodata._ctype_
                0x000000000228fcc4      0x101 /opt/devkitpro/devkitARM/bin/../lib/gcc/arm-none-eabi/12.1.0/../../../../arm-none-eabi/lib/thumb/libg.a(lib_a-ctype_.o)
                0x000000000228fcc4                _ctype_
 *fill*         0x000000000228fdc5        0x3 ff
 .rodata._dtoa_r.str1.4
                0x000000000228fdc8       0x6d /opt/devkitpro/devkitARM/bin/../lib/gcc/arm-none-eabi/12.1.0/../../../../arm-none-eabi/lib/thumb/libg.a(lib_a-dtoa.o)
 *fill*         0x000000000228fe35        0x3 ff
 .rodata.str1.4
                0x000000000228fe38       0x48 /opt/devkitpro/devkitARM/bin/../lib/gcc/arm-none-eabi/12.1.0/../../../../arm-none-eabi/lib/thumb/libg.a(lib_a-locale.o)
                                         0x4c (size before relaxing)
 .rodata._mbrtowc_r.str1.4
                0x000000000228fe80        0x1 /opt/devkitpro/devkitARM/bin/../lib/gcc/arm-none-eabi/12.1.0/../../../../arm-none-eabi/lib/thumb/libg.a(lib_a-mbrtowc.o)
 .rodata.__multadd.str1.4
                0x000000000228fe80       0x46 /opt/devkitpro/devkitARM/bin/../lib/gcc/arm-none-eabi/12.1.0/../../../../arm-none-eabi/lib/thumb/libg.a(lib_a-mprec.o)
                                         0x5a (size before relaxing)
 *fill*         0x000000000228fec6        0x2 ff
 .rodata.p05.0  0x000000000228fec8        0xc /opt/devkitpro/devkitARM/bin/../lib/gcc/arm-none-eabi/12.1.0/../../../../arm-none-eabi/lib/thumb/libg.a(lib_a-mprec.o)
 *fill*         0x000000000228fed4        0x4 ff
 .rodata.__mprec_bigtens
                0x000000000228fed8       0x28 /opt/devkitpro/devkitARM/bin/../lib/gcc/arm-none-eabi/12.1.0/../../../../arm-none-eabi/lib/thumb/libg.a(lib_a-mprec.o)
                0x000000000228fed8                __mprec_bigtens
 .rodata.__mprec_tens
                0x000000000228ff00       0xc8 /opt/devkitpro/devkitARM/bin/../lib/gcc/arm-none-eabi/12.1.0/../../../../arm-none-eabi/lib/thumb/libg.a(lib_a-mprec.o)
                0x000000000228ff00                __mprec_tens
 .rodata.__action_table
                0x000000000228ffc8       0x6c /opt/devkitpro/devkitARM/bin/../lib/gcc/arm-none-eabi/12.1.0/../../../../arm-none-eabi/lib/thumb/libg.a(lib_a-svfiprintf.o)
                0x000000000228ffc8                __action_table
 .rodata.__state_table
                0x0000000002290034       0x6c /opt/devkitpro/devkitARM/bin/../lib/gcc/arm-none-eabi/12.1.0/../../../../arm-none-eabi/lib/thumb/libg.a(lib_a-svfiprintf.o)
                0x0000000002290034                __state_table
 .rodata.__chclass
                0x00000000022900a0      0x100 /opt/devkitpro/devkitARM/bin/../lib/gcc/arm-none-eabi/12.1.0/../../../../arm-none-eabi/lib/thumb/libg.a(lib_a-svfiprintf.o)
                0x00000000022900a0                __chclass
 .rodata.__assert_func.str1.4
                0x00000000022901a0       0x3f /opt/devkitpro/devkitARM/bin/../lib/gcc/arm-none-eabi/12.1.0/../../../../arm-none-eabi/lib/thumb/libg.a(lib_a-assert.o)
                                         0x43 (size before relaxing)
 *fill*         0x00000000022901df        0x1 ff
 .rodata.__jp2uc
                0x00000000022901e0       0x20 /opt/devkitpro/devkitARM/bin/../lib/gcc/arm-none-eabi/12.1.0/../../../../arm-none-eabi/lib/thumb/libg.a(lib_a-jp2uc.o)
 .rodata._jp2uc_l.str1.4
                0x0000000002290200       0x12 /opt/devkitpro/devkitARM/bin/../lib/gcc/arm-none-eabi/12.1.0/../../../../arm-none-eabi/lib/thumb/libg.a(lib_a-jp2uc.o)
 *fill*         0x0000000002290212        0x2 ff
 .rodata.d02f4  0x0000000002290214     0x1a7c /opt/devkitpro/devkitARM/bin/../lib/gcc/arm-none-eabi/12.1.0/../../../../arm-none-eabi/lib/thumb/libg.a(lib_a-jp2uc.o)
 .rodata.b02cf  0x0000000002291c90     0x172a /opt/devkitpro/devkitARM/bin/../lib/gcc/arm-none-eabi/12.1.0/../../../../arm-none-eabi/lib/thumb/libg.a(lib_a-jp2uc.o)
 *fill*         0x00000000022933ba        0x2 ff
 .rodata.a8     0x00000000022933bc       0x40 /opt/devkitpro/devkitARM/bin/../lib/gcc/arm-none-eabi/12.1.0/../../../../arm-none-eabi/lib/thumb/libg.a(lib_a-jp2uc.o)
 .rodata.a7     0x00000000022933fc       0xa2 /opt/devkitpro/devkitARM/bin/../lib/gcc/arm-none-eabi/12.1.0/../../../../arm-none-eabi/lib/thumb/libg.a(lib_a-jp2uc.o)
 *fill*         0x000000000229349e        0x2 ff
 .rodata.a6     0x00000000022934a0       0x70 /opt/devkitpro/devkitARM/bin/../lib/gcc/arm-none-eabi/12.1.0/../../../../arm-none-eabi/lib/thumb/libg.a(lib_a-jp2uc.o)
 .rodata.a3     0x0000000002293510       0x5b /opt/devkitpro/devkitARM/bin/../lib/gcc/arm-none-eabi/12.1.0/../../../../arm-none-eabi/lib/thumb/libg.a(lib_a-jp2uc.o)
 *fill*         0x000000000229356b        0x1 ff
 .rodata.a2     0x000000000229356c       0xbc /opt/devkitpro/devkitARM/bin/../lib/gcc/arm-none-eabi/12.1.0/../../../../arm-none-eabi/lib/thumb/libg.a(lib_a-jp2uc.o)
 .rodata.a1     0x0000000002293628       0xbc /opt/devkitpro/devkitARM/bin/../lib/gcc/arm-none-eabi/12.1.0/../../../../arm-none-eabi/lib/thumb/libg.a(lib_a-jp2uc.o)
 .rodata.categories
                0x00000000022936e4     0x3528 /opt/devkitpro/devkitARM/bin/../lib/gcc/arm-none-eabi/12.1.0/../../../../arm-none-eabi/lib/thumb/libg.a(lib_a-categories.o)
 .rodata.AddDevice.str1.4
                0x0000000002296c0c        0x8 /opt/devkitpro/devkitARM/bin/../lib/gcc/arm-none-eabi/12.1.0/../../../../arm-none-eabi/lib/thumb/libsysbase.a(iosupport.o)
 .rodata.dotab_stdnull
                0x0000000002296c14       0x70 /opt/devkitpro/devkitARM/bin/../lib/gcc/arm-none-eabi/12.1.0/../../../../arm-none-eabi/lib/thumb/libsysbase.a(iosupport.o)
                0x0000000002296c14                dotab_stdnull
 *(EXCLUDE_FILE(*.twl*) .gnu.linkonce.r*)
                0x0000000002296c84                . = ALIGN (0x4)

.ARM.extab
 *(.ARM.extab* .gnu.linkonce.armextab.*)
                0x0000000002296c84                __exidx_start = .

ARM.exidx
 *(.ARM.exidx* .gnu.linkonce.armexidx.*)
                0x0000000002296c84                __exidx_end = .
                0x0000000002296c84                . = ALIGN (0x4)
                0x0000000002296c84                PROVIDE (__preinit_array_start = .)

.preinit_array
 *(.preinit_array)
                0x0000000002296c84                PROVIDE (__preinit_array_end = .)
                0x0000000002296c84                PROVIDE (__init_array_start = .)

.init_array     0x0000000002296c84        0x4
 *(SORT_BY_NAME(.init_array.*))
 *(.init_array)
 .init_array    0x0000000002296c84        0x4 /opt/devkitpro/devkitARM/bin/../lib/gcc/arm-none-eabi/12.1.0/thumb/crtbegin.o
                0x0000000002296c88                PROVIDE (__init_array_end = .)
                [!provide]                        PROVIDE (__fini_array_start = .)

.fini_array     0x0000000002296c88        0x4
 *(.fini_array)
 .fini_array    0x0000000002296c88        0x4 /opt/devkitpro/devkitARM/bin/../lib/gcc/arm-none-eabi/12.1.0/thumb/crtbegin.o
 *(SORT_BY_NAME(.fini_array.*))
                [!provide]                        PROVIDE (__fini_array_end = .)

.ctors          0x0000000002296c8c        0x0
 *crtbegin.o(.ctors)
 *(EXCLUDE_FILE(*crtend.o) .ctors)
 *(SORT_BY_NAME(.ctors.*))
 *(.ctors)
                0x0000000002296c8c                . = ALIGN (0x4)

.dtors          0x0000000002296c8c        0x0
 *crtbegin.o(.dtors)
 *(EXCLUDE_FILE(*crtend.o) .dtors)
 *(SORT_BY_NAME(.dtors.*))
 *(.dtors)
                0x0000000002296c8c                . = ALIGN (0x4)

.eh_frame       0x0000000002296c8c        0x4
 *(.eh_frame)
 .eh_frame      0x0000000002296c8c        0x0 /opt/devkitpro/devkitARM/bin/../lib/gcc/arm-none-eabi/12.1.0/thumb/crtbegin.o
 .eh_frame      0x0000000002296c8c        0x4 /opt/devkitpro/devkitARM/bin/../lib/gcc/arm-none-eabi/12.1.0/thumb/crtend.o
                0x0000000002296c90                . = ALIGN (0x4)

.rel.dyn        0x0000000002296c90        0x0
 .rel.iplt      0x0000000002296c90        0x0 /opt/devkitpro/devkitARM/bin/../lib/gcc/arm-none-eabi/12.1.0/../../../../arm-none-eabi/lib/thumb/ds_arm9_crt0.o

.gcc_except_table
                0x0000000002296c90        0x0
 *(.gcc_except_table)
                0x0000000002296c90                . = ALIGN (0x4)

.jcr
 *(.jcr)

.got
 *(.got.plt)
 *(.got)
 *(.rel.got)

.ewram          0x0000000002296c90        0x0
                0x0000000002296c90                __ewram_start = ABSOLUTE (.)
 *(.ewram)
 *ewram.*(.text)
                0x0000000002296c90                . = ALIGN (0x4)

.data           0x0000000002296c90     0x1c30
                0x0000000002296c90                __data_start = ABSOLUTE (.)
 *(EXCLUDE_FILE(*.twl*) .data)
 .data          0x0000000002296c90       0xa0 MaxModExample.o
                0x0000000002296c90                current_column
                0x0000000002296c94                IALimit
                0x0000000002296c98                IARandom
                0x0000000002296c9c                play_next
                0x0000000002296ca0                status_text
                0x0000000002296cc4                bpmFoliesActivated
                0x0000000002296cc8                bpmFolies
                0x0000000002296ce4                pan_string
                0x0000000002296cf0                loop_mode_text
                0x0000000002296cf8                sync_mode_text
                0x0000000002296d10                help_text
                0x0000000002296d20                sram
                0x0000000002296d24                ymod
                0x0000000002296d28                IABpm
                0x0000000002296d2c                randomEnCours
 .data          0x0000000002296d30       0x28 /opt/devkitpro/libnds/lib/libnds9.a(mpu_setup.o)
 *(EXCLUDE_FILE(*.twl*) .data.*)
 .data.currentConsole
                0x0000000002296d58        0x4 /opt/devkitpro/libnds/lib/libnds9.a(console.o)
                0x0000000002296d58                currentConsole
 .data.defaultConsole
                0x0000000002296d5c       0x5c /opt/devkitpro/libnds/lib/libnds9.a(console.o)
                0x0000000002296d5c                defaultConsole
 .data.firstConsoleInit.0
                0x0000000002296db8        0x1 /opt/devkitpro/libnds/lib/libnds9.a(console.o)
 .data.count    0x0000000002296db9        0x1 /opt/devkitpro/libnds/lib/libnds9.a(keys.o)
 .data.delay    0x0000000002296dba        0x1 /opt/devkitpro/libnds/lib/libnds9.a(keys.o)
 .data.repeat   0x0000000002296dbb        0x1 /opt/devkitpro/libnds/lib/libnds9.a(keys.o)
 .data.fifo_buffer_free
                0x0000000002296dbc        0x4 /opt/devkitpro/libnds/lib/libnds9.a(fifosystem.o)
                0x0000000002296dbc                fifo_buffer_free
 .data.fifo_freewords
                0x0000000002296dc0        0x4 /opt/devkitpro/libnds/lib/libnds9.a(fifosystem.o)
                0x0000000002296dc0                fifo_freewords
 .data.fifo_receive_queue
                0x0000000002296dc4        0x4 /opt/devkitpro/libnds/lib/libnds9.a(fifosystem.o)
                0x0000000002296dc4                fifo_receive_queue
 .data.fifo_send_queue
                0x0000000002296dc8        0x4 /opt/devkitpro/libnds/lib/libnds9.a(fifosystem.o)
                0x0000000002296dc8                fifo_send_queue
 .data.bgControl
                0x0000000002296dcc       0x20 /opt/devkitpro/libnds/lib/libnds9.a(background.o)
                0x0000000002296dcc                bgControl
 .data.bgScrollTable
                0x0000000002296dec       0x20 /opt/devkitpro/libnds/lib/libnds9.a(background.o)
                0x0000000002296dec                bgScrollTable
 .data.bgTransform
                0x0000000002296e0c       0x20 /opt/devkitpro/libnds/lib/libnds9.a(background.o)
                0x0000000002296e0c                bgTransform
 .data._impure_ptr
                0x0000000002296e2c        0x4 /opt/devkitpro/devkitARM/bin/../lib/gcc/arm-none-eabi/12.1.0/../../../../arm-none-eabi/lib/thumb/libg.a(lib_a-impure.o)
                0x0000000002296e2c                _impure_ptr
 .data.impure_data
                0x0000000002296e30      0x460 /opt/devkitpro/devkitARM/bin/../lib/gcc/arm-none-eabi/12.1.0/../../../../arm-none-eabi/lib/thumb/libg.a(lib_a-impure.o)
 .data.__malloc_sbrk_base
                0x0000000002297290        0x4 /opt/devkitpro/devkitARM/bin/../lib/gcc/arm-none-eabi/12.1.0/../../../../arm-none-eabi/lib/thumb/libg.a(lib_a-mallocr.o)
                0x0000000002297290                __malloc_sbrk_base
 .data.__malloc_trim_threshold
                0x0000000002297294        0x4 /opt/devkitpro/devkitARM/bin/../lib/gcc/arm-none-eabi/12.1.0/../../../../arm-none-eabi/lib/thumb/libg.a(lib_a-mallocr.o)
                0x0000000002297294                __malloc_trim_threshold
 .data.__malloc_av_
                0x0000000002297298      0x408 /opt/devkitpro/devkitARM/bin/../lib/gcc/arm-none-eabi/12.1.0/../../../../arm-none-eabi/lib/thumb/libg.a(lib_a-mallocr.o)
                0x0000000002297298                __malloc_av_
 .data.__global_locale
                0x00000000022976a0      0x16c /opt/devkitpro/devkitARM/bin/../lib/gcc/arm-none-eabi/12.1.0/../../../../arm-none-eabi/lib/thumb/libg.a(lib_a-locale.o)
                0x00000000022976a0                __global_locale
 .data.devoptab_list
                0x000000000229780c       0x8c /opt/devkitpro/devkitARM/bin/../lib/gcc/arm-none-eabi/12.1.0/../../../../arm-none-eabi/lib/thumb/libsysbase.a(iosupport.o)
                0x000000000229780c                devoptab_list
 .data.defaultDevice
                0x0000000002297898        0x4 /opt/devkitpro/devkitARM/bin/../lib/gcc/arm-none-eabi/12.1.0/../../../../arm-none-eabi/lib/thumb/libsysbase.a(iosupport.o)
 .data.handles  0x000000000229789c     0x1000 /opt/devkitpro/devkitARM/bin/../lib/gcc/arm-none-eabi/12.1.0/../../../../arm-none-eabi/lib/thumb/libsysbase.a(handle_manager.o)
 .data.__stderr_handle
                0x000000000229889c        0xc /opt/devkitpro/devkitARM/bin/../lib/gcc/arm-none-eabi/12.1.0/../../../../arm-none-eabi/lib/thumb/libsysbase.a(handle_manager.o)
 .data.__stdout_handle
                0x00000000022988a8        0xc /opt/devkitpro/devkitARM/bin/../lib/gcc/arm-none-eabi/12.1.0/../../../../arm-none-eabi/lib/thumb/libsysbase.a(handle_manager.o)
 .data.__stdin_handle
                0x00000000022988b4        0xc /opt/devkitpro/devkitARM/bin/../lib/gcc/arm-none-eabi/12.1.0/../../../../arm-none-eabi/lib/thumb/libsysbase.a(handle_manager.o)
 *(EXCLUDE_FILE(*.twl*) .gnu.linkonce.d*)
                0x00000000022988c0                . = ALIGN (0x4)
                0x00000000022988c0                __data_end = ABSOLUTE (.)
                0x00000000022988c0                __bss_vma = .

.igot.plt       0x00000000022988c0        0x0
 .igot.plt      0x00000000022988c0        0x0 /opt/devkitpro/devkitARM/bin/../lib/gcc/arm-none-eabi/12.1.0/../../../../arm-none-eabi/lib/thumb/ds_arm9_crt0.o

.dtcm           0x0000000002ff0000        0x0 load address 0x00000000022988c0
                0x00000000022988c0                __dtcm_lma = LOADADDR (.dtcm)
                0x0000000002ff0000                __dtcm_start = ABSOLUTE (.)
 *(.dtcm)
 *(.dtcm.*)
                0x0000000002ff0000                . = ALIGN (0x4)
                0x0000000002ff0000                __dtcm_end = ABSOLUTE (.)

.itcm           0x0000000001000100      0x194 load address 0x00000000022988c0
                0x00000000022988c0                __itcm_lma = LOADADDR (.itcm)
                0x0000000001000100                __itcm_start = ABSOLUTE (.)
 *(.itcm)
 .itcm          0x0000000001000100       0xc8 /opt/devkitpro/libnds/lib/libnds9.a(interrupts.o)
                0x0000000001000100                irqTable
 .itcm          0x00000000010001c8       0xcc /opt/devkitpro/libnds/lib/libnds9.a(interruptDispatcher.o)
                0x00000000010001c8                IntrMain
 *.itcm*(.text .stub .text.*)
                0x0000000001000294                . = ALIGN (0x4)
                0x0000000001000294                __itcm_end = ABSOLUTE (.)

.vectors        0x0000000001000000        0x0 load address 0x0000000002298a54
                0x0000000002298a54                __vectors_lma = LOADADDR (.vectors)
                0x0000000001000000                __vectors_start = ABSOLUTE (.)
 *(.vectors .vectors.*)
                0x0000000001000000                . = ALIGN (0x4)
                0x0000000001000000                __vectors_end = ABSOLUTE (.)

.sbss           0x0000000002ff0000        0x0
                0x0000000002ff0000                __sbss_start = ABSOLUTE (.)
                0x0000000002ff0000                __sbss_start__ = ABSOLUTE (.)
 *(.sbss)
                0x0000000002ff0000                . = ALIGN (0x4)
                0x0000000002ff0000                __sbss_end = ABSOLUTE (.)

.bss            0x00000000022988c0     0x1260
                0x00000000022988c0                __bss_start = ABSOLUTE (.)
                0x00000000022988c0                __bss_start__ = ABSOLUTE (.)
 *(EXCLUDE_FILE(*.twl*) .dynbss)
 *(EXCLUDE_FILE(*.twl*) .gnu.linkonce.b*)
 *(EXCLUDE_FILE(*.twl*) .bss*)
 .bss.completed.1
                0x00000000022988c0        0x1 /opt/devkitpro/devkitARM/bin/../lib/gcc/arm-none-eabi/12.1.0/thumb/crtbegin.o
 *fill*         0x00000000022988c1        0x3 
 .bss.object.0  0x00000000022988c4       0x18 /opt/devkitpro/devkitARM/bin/../lib/gcc/arm-none-eabi/12.1.0/thumb/crtbegin.o
 .bss           0x00000000022988dc      0x56c MaxModExample.o
                0x00000000022988dc                draw_flag
                0x00000000022988e0                xmod
                0x00000000022988e4                last_column
                0x00000000022988e8                last_xmod
                0x00000000022988ec                topScreen
                0x0000000002298948                millis_between_ticks
                0x000000000229894c                current_song
                0x0000000002298950                ticks
                0x0000000002298954                tocks
                0x0000000002298958                tours
                0x000000000229895c                step
                0x0000000002298960                randVolOne
                0x0000000002298964                randVolTwo
                0x0000000002298968                current_pattern_index
                0x000000000229896c                order_buff
                0x0000000002298970                active_sounds
                0x0000000002298988                syncDSMode
                0x000000000229898c                typeOfSyncs
                0x0000000002298990                current_screen
                0x0000000002298994                cursor_x
                0x0000000002298998                cursor_y
                0x000000000229899c                order_index
                0x00000000022989a0                order_page
                0x00000000022989a4                string_buff
                0x00000000022989d8                status
                0x00000000022989dc                playing_pattern_index
                0x00000000022989e0                pas
                0x00000000022989e4                iaChangeRandom
                0x00000000022989e8                iaPreviousPatern
                0x00000000022989ec                bpmIaAugmented
                0x00000000022989f0                bpmAugmentedSecondTurn
                0x00000000022989f4                randBpmFolies
                0x00000000022989f8                valueBpmFolies
                0x00000000022989fc                play
                0x0000000002298a00                current_ticks
                0x0000000002298a04                tick_or_tock
                0x0000000002298a08                name_index
                0x0000000002298a0c                bottomPrinted
                0x0000000002298a10                touch
                0x0000000002298a1c                bottomScreen
                0x0000000002298a78                touchedBtn
                0x0000000002298a7c                alternateVol
                0x0000000002298a80                pattern_buff
                0x0000000002298e40                current_pattern
                0x0000000002298e44                serial_ticks
 .bss           0x0000000002298e48       0x18 /opt/devkitpro/libnds/lib/libmm9.a(mm_comms.o)
 .bss           0x0000000002298e60       0x19 /opt/devkitpro/libnds/lib/libmm9.a(mm_main9.o)
                0x0000000002298e60                mmcbMemory
                0x0000000002298e64                mmModuleCount
                0x0000000002298e68                mmSampleCount
                0x0000000002298e6c                mmModuleBank
                0x0000000002298e6c                mmMemoryBank
                0x0000000002298e70                mmSampleBank
                0x0000000002298e74                mmCallback
                0x0000000002298e78                mmActiveStatus
 *fill*         0x0000000002298e79        0x3 
 .bss           0x0000000002298e7c       0x44 /opt/devkitpro/libnds/lib/libmm9.a(mm_soundbank.o)
 .bss.currentCopy
                0x0000000002298ec0       0x5c /opt/devkitpro/libnds/lib/libnds9.a(console.o)
                0x0000000002298ec0                currentCopy
 .bss.keys      0x0000000002298f1c        0x2 /opt/devkitpro/libnds/lib/libnds9.a(keys.o)
 .bss.keysold   0x0000000002298f1e        0x2 /opt/devkitpro/libnds/lib/libnds9.a(keys.o)
 .bss.keysrepeat
                0x0000000002298f20        0x2 /opt/devkitpro/libnds/lib/libnds9.a(keys.o)
 .bss.__dsimode
                0x0000000002298f22        0x1 /opt/devkitpro/libnds/lib/libnds9.a(initSystem.o)
                0x0000000002298f22                __dsimode
 *fill*         0x0000000002298f23        0x1 
 .bss.punixTime
                0x0000000002298f24        0x4 /opt/devkitpro/libnds/lib/libnds9.a(initSystem.o)
                0x0000000002298f24                punixTime
 .bss.fifo_address_data
                0x0000000002298f28       0x40 /opt/devkitpro/libnds/lib/libnds9.a(fifosystem.o)
                0x0000000002298f28                fifo_address_data
 .bss.fifo_address_func
                0x0000000002298f68       0x40 /opt/devkitpro/libnds/lib/libnds9.a(fifosystem.o)
                0x0000000002298f68                fifo_address_func
 .bss.fifo_address_queue
                0x0000000002298fa8       0x40 /opt/devkitpro/libnds/lib/libnds9.a(fifosystem.o)
                0x0000000002298fa8                fifo_address_queue
 .bss.fifo_buffer
                0x0000000002298fe8      0x800 /opt/devkitpro/libnds/lib/libnds9.a(fifosystem.o)
                0x0000000002298fe8                fifo_buffer
 .bss.fifo_data_queue
                0x00000000022997e8       0x40 /opt/devkitpro/libnds/lib/libnds9.a(fifosystem.o)
                0x00000000022997e8                fifo_data_queue
 .bss.fifo_datamsg_data
                0x0000000002299828       0x40 /opt/devkitpro/libnds/lib/libnds9.a(fifosystem.o)
                0x0000000002299828                fifo_datamsg_data
 .bss.fifo_datamsg_func
                0x0000000002299868       0x40 /opt/devkitpro/libnds/lib/libnds9.a(fifosystem.o)
                0x0000000002299868                fifo_datamsg_func
 .bss.fifo_value32_data
                0x00000000022998a8       0x40 /opt/devkitpro/libnds/lib/libnds9.a(fifosystem.o)
                0x00000000022998a8                fifo_value32_data
 .bss.fifo_value32_func
                0x00000000022998e8       0x40 /opt/devkitpro/libnds/lib/libnds9.a(fifosystem.o)
                0x00000000022998e8                fifo_value32_func
 .bss.fifo_value32_queue
                0x0000000002299928       0x40 /opt/devkitpro/libnds/lib/libnds9.a(fifosystem.o)
                0x0000000002299928                fifo_value32_queue
 .bss.processing
                0x0000000002299968        0x4 /opt/devkitpro/libnds/lib/libnds9.a(fifosystem.o)
                0x0000000002299968                processing
 .bss.bgIsTextLut
                0x000000000229996c        0x8 /opt/devkitpro/libnds/lib/libnds9.a(background.o)
                0x000000000229996c                bgIsTextLut
 .bss.bgState   0x0000000002299974      0x140 /opt/devkitpro/libnds/lib/libnds9.a(background.o)
                0x0000000002299974                bgState
 .bss.SDcallback
                0x0000000002299ab4        0x4 /opt/devkitpro/libnds/lib/libnds9.a(system.o)
 .bss.__sinit_recursive_mutex
                0x0000000002299ab8        0xc /opt/devkitpro/devkitARM/bin/../lib/gcc/arm-none-eabi/12.1.0/../../../../arm-none-eabi/lib/thumb/libg.a(lib_a-findfp.o)
 .bss.__sfp_recursive_mutex
                0x0000000002299ac4        0xc /opt/devkitpro/devkitARM/bin/../lib/gcc/arm-none-eabi/12.1.0/../../../../arm-none-eabi/lib/thumb/libg.a(lib_a-findfp.o)
 .bss.__malloc_current_mallinfo
                0x0000000002299ad0       0x28 /opt/devkitpro/devkitARM/bin/../lib/gcc/arm-none-eabi/12.1.0/../../../../arm-none-eabi/lib/thumb/libg.a(lib_a-mallocr.o)
                0x0000000002299ad0                __malloc_current_mallinfo
 .bss.__malloc_max_total_mem
                0x0000000002299af8        0x4 /opt/devkitpro/devkitARM/bin/../lib/gcc/arm-none-eabi/12.1.0/../../../../arm-none-eabi/lib/thumb/libg.a(lib_a-mallocr.o)
                0x0000000002299af8                __malloc_max_total_mem
 .bss.__malloc_max_sbrked_mem
                0x0000000002299afc        0x4 /opt/devkitpro/devkitARM/bin/../lib/gcc/arm-none-eabi/12.1.0/../../../../arm-none-eabi/lib/thumb/libg.a(lib_a-mallocr.o)
                0x0000000002299afc                __malloc_max_sbrked_mem
 .bss.__malloc_top_pad
                0x0000000002299b00        0x4 /opt/devkitpro/devkitARM/bin/../lib/gcc/arm-none-eabi/12.1.0/../../../../arm-none-eabi/lib/thumb/libg.a(lib_a-mallocr.o)
                0x0000000002299b00                __malloc_top_pad
 .bss.__malloc_recursive_mutex
                0x0000000002299b04        0xc /opt/devkitpro/devkitARM/bin/../lib/gcc/arm-none-eabi/12.1.0/../../../../arm-none-eabi/lib/thumb/libg.a(lib_a-mlock.o)
 .bss.heap_start.0
                0x0000000002299b10        0x4 /opt/devkitpro/devkitARM/bin/../lib/gcc/arm-none-eabi/12.1.0/../../../../arm-none-eabi/lib/thumb/libsysbase.a(sbrk.o)
 .bss.fake_heap_start
                0x0000000002299b14        0x4 /opt/devkitpro/devkitARM/bin/../lib/gcc/arm-none-eabi/12.1.0/../../../../arm-none-eabi/lib/thumb/libsysbase.a(malloc_vars.o)
                0x0000000002299b14                fake_heap_start
 .bss.fake_heap_end
                0x0000000002299b18        0x4 /opt/devkitpro/devkitARM/bin/../lib/gcc/arm-none-eabi/12.1.0/../../../../arm-none-eabi/lib/thumb/libsysbase.a(malloc_vars.o)
                0x0000000002299b18                fake_heap_end
 .bss.__hndl_lock
                0x0000000002299b1c        0x4 /opt/devkitpro/devkitARM/bin/../lib/gcc/arm-none-eabi/12.1.0/../../../../arm-none-eabi/lib/thumb/libsysbase.a(handle_manager.o)
 *(EXCLUDE_FILE(*.twl*) COMMON)
                0x0000000002299b20                . = ALIGN (0x4)
                0x0000000002299b20                __bss_end__ = ABSOLUTE (.)
                0x0000000002299b20                __end__ = ABSOLUTE (.)

.twl            0x0000000002299b20        0x0 load address 0x0000000002400000
                0x0000000002400000                __arm9i_lma__ = LOADADDR (.twl)
                0x0000000002299b20                __arm9i_start__ = ABSOLUTE (.)
 *(.twl)
 *.twl*(.text .stub .text.* .gnu.linkonce.t.*)
 *.twl*(.rodata)
 *.twl*(.roda)
 *.twl*(.rodata.*)
 *.twl*(.data)
 *.twl*(.data.*)
 *.twl*(.gnu.linkonce.d*)
                0x0000000002299b20                __arm9i_end__ = ABSOLUTE (.)

.twl_bss        0x0000000002299b20        0x0
                0x0000000002299b20                __twl_bss_start__ = ABSOLUTE (.)
 *(.twl_bss)
 *.twl*(.dynbss)
 *.twl*(.gnu.linkonce.b*)
 *.twl*(.bss*)
 *.twl*(COMMON)
                0x0000000002299b20                . = ALIGN (0x4)
                0x0000000002299b20                __twl_bss_end__ = ABSOLUTE (.)
                0x0000000002299b20                __twl_end__ = ABSOLUTE (.)

.stab
 *(.stab)

.stabstr
 *(.stabstr)

.stab.excl
 *(.stab.excl)

.stab.exclstr
 *(.stab.exclstr)

.stab.index
 *(.stab.index)

.stab.indexstr
 *(.stab.indexstr)

.comment        0x0000000000000000       0x46
 *(.comment)
 .comment       0x0000000000000000       0x23 /opt/devkitpro/devkitARM/bin/../lib/gcc/arm-none-eabi/12.1.0/thumb/crtbegin.o
                                         0x24 (size before relaxing)
 .comment       0x0000000000000023       0x24 MaxModExample.o
 .comment       0x0000000000000023       0x23 /opt/devkitpro/libnds/lib/libnds9.a(touch.o)
                                         0x24 (size before relaxing)
 .comment       0x0000000000000046       0x24 /opt/devkitpro/libnds/lib/libnds9.a(console.o)
 .comment       0x0000000000000046       0x24 /opt/devkitpro/libnds/lib/libnds9.a(keys.o)
 .comment       0x0000000000000046       0x24 /opt/devkitpro/libnds/lib/libnds9.a(initSystem.o)
 .comment       0x0000000000000046       0x24 /opt/devkitpro/libnds/lib/libnds9.a(securearea.o)
 .comment       0x0000000000000046       0x24 /opt/devkitpro/libnds/lib/libnds9.a(interrupts.o)
 .comment       0x0000000000000046       0x24 /opt/devkitpro/libnds/lib/libnds9.a(libnds_exit.arm.o)
 .comment       0x0000000000000046       0x24 /opt/devkitpro/libnds/lib/libnds9.a(fifosystem.o)
 .comment       0x0000000000000046       0x24 /opt/devkitpro/libnds/lib/libnds9.a(background.o)
 .comment       0x0000000000000046       0x24 /opt/devkitpro/libnds/lib/libnds9.a(trig.o)
 .comment       0x0000000000000046       0x24 /opt/devkitpro/libnds/lib/libnds9.a(video.o)
 .comment       0x0000000000000046       0x24 /opt/devkitpro/libnds/lib/libnds9.a(system.o)
 .comment       0x0000000000000046       0x24 /opt/devkitpro/devkitARM/bin/../lib/gcc/arm-none-eabi/12.1.0/../../../../arm-none-eabi/lib/thumb/libg.a(lib_a-fclose.o)
 .comment       0x0000000000000046       0x24 /opt/devkitpro/devkitARM/bin/../lib/gcc/arm-none-eabi/12.1.0/../../../../arm-none-eabi/lib/thumb/libg.a(lib_a-fflush.o)
 .comment       0x0000000000000046       0x24 /opt/devkitpro/devkitARM/bin/../lib/gcc/arm-none-eabi/12.1.0/../../../../arm-none-eabi/lib/thumb/libg.a(lib_a-findfp.o)
 .comment       0x0000000000000046       0x24 /opt/devkitpro/devkitARM/bin/../lib/gcc/arm-none-eabi/12.1.0/../../../../arm-none-eabi/lib/thumb/libg.a(lib_a-fopen.o)