Archive member included to satisfy reference by file (symbol)

/opt/devkitpro/libnds/lib/libmm9.a(mm_comms.o)
                              MaxModExample.o (mmEffectCancel)
/opt/devkitpro/libnds/lib/libmm9.a(mm_memory.o)
                              MaxModExample.o (mmLoadEffect)
/opt/devkitpro/libnds/lib/libmm9.a(mm_main9.o)
                              /opt/devkitpro/libnds/lib/libmm9.a(mm_memory.o) (mmcbMemory)
/opt/devkitpro/libnds/lib/libmm9.a(mm_soundbank.o)
                              /opt/devkitpro/libnds/lib/libmm9.a(mm_main9.o) (mmSoundBankInMemory)
/opt/devkitpro/libnds/lib/libmm9.a(mm_flusher.o)
                              /opt/devkitpro/libnds/lib/libmm9.a(mm_memory.o) (mmFlushBank)
/opt/devkitpro/libnds/lib/libnds9.a(touch.o)
                              MaxModExample.o (touchRead)
/opt/devkitpro/libnds/lib/libnds9.a(console.o)
                              MaxModExample.o (consoleSelect)
/opt/devkitpro/libnds/lib/libnds9.a(keys.o)
                              MaxModExample.o (scanKeys)
/opt/devkitpro/libnds/lib/libnds9.a(initSystem.o)
                              /opt/devkitpro/devkitARM/bin/../lib/gcc/arm-none-eabi/12.1.0/../../../../arm-none-eabi/lib/thumb/ds_arm9_crt0.o (initSystem)
/opt/devkitpro/libnds/lib/libnds9.a(securearea.o)
                              /opt/devkitpro/devkitARM/bin/../lib/gcc/arm-none-eabi/12.1.0/../../../../arm-none-eabi/lib/thumb/ds_arm9_crt0.o (__secure_area__)
/opt/devkitpro/libnds/lib/libnds9.a(interrupts.o)
                              MaxModExample.o (irqSet)
/opt/devkitpro/libnds/lib/libnds9.a(libnds_exit.arm.o)
                              /opt/devkitpro/devkitARM/bin/../lib/gcc/arm-none-eabi/12.1.0/../../../../arm-none-eabi/lib/thumb/ds_arm9_crt0.o (__libnds_exit)
/opt/devkitpro/libnds/lib/libnds9.a(fifosystem.o)
                              /opt/devkitpro/libnds/lib/libmm9.a(mm_comms.o) (fifoSetValue32Handler)
/opt/devkitpro/libnds/lib/libnds9.a(mpu_setup.o)
                              /opt/devkitpro/devkitARM/bin/../lib/gcc/arm-none-eabi/12.1.0/../../../../arm-none-eabi/lib/thumb/ds_arm9_crt0.o (__libnds_mpu_setup)
/opt/devkitpro/libnds/lib/libnds9.a(IntrWait.o)
                              /opt/devkitpro/libnds/lib/libnds9.a(fifosystem.o) (swiIntrWait)
/opt/devkitpro/libnds/lib/libnds9.a(cpu_clock.o)
                              /opt/devkitpro/libnds/lib/libnds9.a(initSystem.o) (setCpuClock)
/opt/devkitpro/libnds/lib/libnds9.a(interruptDispatcher.o)
                              /opt/devkitpro/libnds/lib/libnds9.a(interrupts.o) (IntrMain)
/opt/devkitpro/libnds/lib/libnds9.a(debugprint.o)
                              /opt/devkitpro/libnds/lib/libnds9.a(console.o) (nocashWrite)
/opt/devkitpro/libnds/lib/libnds9.a(swiSoftReset.o)
                              /opt/devkitpro/libnds/lib/libnds9.a(fifosystem.o) (swiSoftReset)
/opt/devkitpro/libnds/lib/libnds9.a(default_font.bin.o)
                              /opt/devkitpro/libnds/lib/libnds9.a(console.o) (default_font_bin)
/opt/devkitpro/libnds/lib/libnds9.a(background.o)
                              /opt/devkitpro/libnds/lib/libnds9.a(console.o) (bgState)
/opt/devkitpro/libnds/lib/libnds9.a(trig.o)
                              /opt/devkitpro/libnds/lib/libnds9.a(background.o) (sinLerp)
/opt/devkitpro/libnds/lib/libnds9.a(video.o)
                              /opt/devkitpro/libnds/lib/libnds9.a(initSystem.o) (vramDefault)
/opt/devkitpro/libnds/lib/libnds9.a(system.o)
                              /opt/devkitpro/libnds/lib/libnds9.a(initSystem.o) (systemValueHandler)
/opt/devkitpro/libnds/lib/libnds9.a(biosCalls.o)
                              /opt/devkitpro/libnds/lib/libnds9.a(system.o) (swiDelay)
/opt/devkitpro/devkitARM/bin/../lib/gcc/arm-none-eabi/12.1.0/thumb/libgcc.a(_arm_muldf3.o)
                              MaxModExample.o (__aeabi_dmul)
/opt/devkitpro/devkitARM/bin/../lib/gcc/arm-none-eabi/12.1.0/thumb/libgcc.a(_arm_mulsf3.o)
                              MaxModExample.o (__aeabi_fmul)
/opt/devkitpro/devkitARM/bin/../lib/gcc/arm-none-eabi/12.1.0/thumb/libgcc.a(_udivsi3.o)
                              MaxModExample.o (__aeabi_uidiv)
/opt/devkitpro/devkitARM/bin/../lib/gcc/arm-none-eabi/12.1.0/thumb/libgcc.a(_divsi3.o)
                              MaxModExample.o (__aeabi_idiv)
/opt/devkitpro/devkitARM/bin/../lib/gcc/arm-none-eabi/12.1.0/thumb/libgcc.a(_dvmd_tls.o)
                              /opt/devkitpro/devkitARM/bin/../lib/gcc/arm-none-eabi/12.1.0/thumb/libgcc.a(_udivsi3.o) (__aeabi_idiv0)
/opt/devkitpro/devkitARM/bin/../lib/gcc/arm-none-eabi/12.1.0/thumb/libgcc.a(_arm_addsubdf3.o)
                              MaxModExample.o (__aeabi_i2d)
/opt/devkitpro/devkitARM/bin/../lib/gcc/arm-none-eabi/12.1.0/thumb/libgcc.a(_arm_fixdfsi.o)
                              MaxModExample.o (__aeabi_d2iz)
/opt/devkitpro/devkitARM/bin/../lib/gcc/arm-none-eabi/12.1.0/thumb/libgcc.a(_arm_addsubsf3.o)
                              MaxModExample.o (__aeabi_fsub)
[...]
Memory Configuration

Name             Origin             Length             Attributes
ewram            0x0000000002000000 0x0000000000380000
dtcm             0x0000000002ff0000 0x0000000000004000
vectors          0x0000000001000000 0x0000000000000100
itcm             0x0000000001000100 0x0000000000007f00
*default*        0x0000000000000000 0xffffffffffffffff

Linker script and memory map

                0x0000000002380000                __ewram_end = (ORIGIN (ewram) + LENGTH (ewram))
                0x0000000002380000                __eheap_end = (ORIGIN (ewram) + LENGTH (ewram))
                0x0000000002ff4000                __dtcm_top = (ORIGIN (dtcm) + LENGTH (dtcm))
                0x0000000002ff3ff8                __irq_flags = (__dtcm_top - 0x8)
                0x0000000002ff3ffc                __irq_vector = (__dtcm_top - 0x4)
                0x0000000002ff3f00                __sp_svc = (__dtcm_top - 0x100)
                0x0000000002ff3e00                __sp_irq = (__sp_svc - 0x100)
                0x0000000002ff3d00                __sp_usr = (__sp_irq - 0x100)

.secure         0x0000000002000000      0x800
 *(.secure)
 .secure        0x0000000002000000      0x800 /opt/devkitpro/libnds/lib/libnds9.a(securearea.o)
                0x0000000002000000                __secure_area__

.crt0           0x0000000002000800      0x300
                0x0000000002000800                __text_start = .
 *(.crt0)
 .crt0          0x0000000002000800      0x300 /opt/devkitpro/devkitARM/bin/../lib/gcc/arm-none-eabi/12.1.0/../../../../arm-none-eabi/lib/thumb/ds_arm9_crt0.o
                0x0000000002000800                _start
                0x0000000002000b00                . = ALIGN (0x4)

.plt
 *(.plt)

.init           0x0000000002000b00        0xc
 *(SORT_NONE(.init))
 .init          0x0000000002000b00        0x4 /opt/devkitpro/devkitARM/bin/../lib/gcc/arm-none-eabi/12.1.0/thumb/crti.o
                0x0000000002000b00                _init
 .init          0x0000000002000b04        0x8 /opt/devkitpro/devkitARM/bin/../lib/gcc/arm-none-eabi/12.1.0/thumb/crtn.o

.text           0x0000000002000b10    0x163d0
 *(EXCLUDE_FILE(*.twl* *.vectors* *.itcm*) .text)
 .text          0x0000000002000b10     0x4124 MaxModExample.o
                0x0000000002000b84                set_bpm_to_millis
                0x0000000002000ba8                set_shuffle
                0x0000000002000bd8                setup_timers
                0x0000000002000c14                update_timers
                0x0000000002000c3c                enable_serial_interrupt
                0x0000000002000c74                disable_serial_interrupt
                0x0000000002000c90                enable_trig_interrupt
                0x0000000002000cc0                disable_trig_interrupt
                0x0000000002000cdc                init_song
                0x0000000002000dbc                rand_pattern
                0x0000000002000f44                rand_samples
                0x0000000002000f90                clear_pattern
                0x0000000002000fdc                copy_pattern
                0x0000000002001008                paste_pattern
                0x0000000002001034                copy_order
                0x0000000002001048                paste_order
                0x0000000002001054                on_stream_request
                0x0000000002001058                play_sample
                0x00000000020010bc                play_sample_sync
                0x00000000020010f0                play_sound
                0x00000000020011c0                define_palettes
                0x0000000002001254                clear_screen
                0x0000000002001258                put_character
                0x000000000200125c                put_string
                0x00000000020012c0                set_palette
                0x00000000020012dc                dessiner_char
                0x0000000002001300                dessiner_int
                0x0000000002001324                draw_cursor
                0x00000000020014cc                draw_cell_status
                0x0000000002001b10                draw_column_cursor
                0x0000000002001b28                clear_last_song_cursor
                0x0000000002001b3c                clear_last_song_queued_cursor
                0x0000000002001ba0                draw_song_queued_cursor
                0x0000000002001c04                draw_song_cursor
                0x0000000002001c18                clear_song_cursor
                0x0000000002001c68                draw_status
                0x0000000002001c6c                draw_temp_status
                0x0000000002001ce4                set_status
                0x0000000002001cf0                draw_bpm_pattern
                0x00000000020021d4                draw_song
                0x000000000200239c                draw_samples
                0x0000000002002534                draw_settings
                0x00000000020028b4                draw_help
                0x000000000200299c                move_cursor
                0x0000000002002ca4                draw_screen
                0x0000000002002cdc                find_chain_start
                0x0000000002002d10                stop_song
                0x0000000002002dd4                play_pattern
                0x0000000002002e84                play_song
                0x0000000002002f7c                next_column
                0x0000000002003160                is_empty_pattern
                0x00000000020031a8                set_patterns_data
                0x00000000020031fc                set_orders_data
                0x0000000002003224                file_option_save
                0x00000000020032f0                file_option_load
                0x00000000020033d0                samples_menu
                0x0000000002003614                settings_menu
                0x0000000002003ad4                process_input
                0x0000000002004bfc                setup_interrupts
                0x0000000002004c20                setup_display
 .text          0x0000000002004c34      0x24c /opt/devkitpro/libnds/lib/libmm9.a(mm_comms.o)
                0x0000000002004c34                mmSetupComms
                0x0000000002004c86                mmSendBank
                0x0000000002004c90                mmLockChannels
                0x0000000002004c96                mmUnlockChannels
                0x0000000002004c9c                mmStart
                0x0000000002004ca6                mmPause
                0x0000000002004caa                mmResume
                0x0000000002004cae                mmStop
                0x0000000002004cb2                mmPosition
                0x0000000002004cb6                mmJingle
                0x0000000002004cba                mmSetModuleVolume
                0x0000000002004cbe                mmSetJingleVolume
                0x0000000002004cc2                mmSetModuleTempo
                0x0000000002004cc6                mmSetModulePitch
                0x0000000002004cca                mmSetEffectsVolume
                0x0000000002004cce                mmSelectMode
                0x0000000002004cd2                mmStreamBegin
                0x0000000002004ce6                mmStreamEnd
                0x0000000002004d3c                mmEffect
                0x0000000002004d60                mmEffectVolume
                0x0000000002004d64                mmEffectPanning
                0x0000000002004d68                mmEffectRate
                0x0000000002004d72                mmEffectScaleRate
                0x0000000002004d7c                mmEffectRelease
                0x0000000002004d82                mmEffectCancel
                0x0000000002004d88                mmEffectEx
                0x0000000002004dc6                mmEffectCancelAll
                0x0000000002004dca                mmReverbEnable
                0x0000000002004dce                mmReverbDisable
                0x0000000002004dd2                mmReverbConfigure
                0x0000000002004e2e                mmReverbStart
                0x0000000002004e32                mmReverbStop
 .text          0x0000000002004e80      0x120 /opt/devkitpro/libnds/lib/libmm9.a(mm_memory.o)
                0x0000000002004e80                mmLoad
                0x0000000002004ed0                mmUnload
                0x0000000002004f28                mmLoadEffect
                0x0000000002004f60                mmUnloadEffect
 .text          0x0000000002004fa0      0x108 /opt/devkitpro/libnds/lib/libmm9.a(mm_main9.o)
                0x0000000002004fa0                mmActive
                0x0000000002004fa6                mmSetEventHandler
                0x0000000002004fac                mmInit
                0x0000000002004fd6                mmInitDefault
                0x0000000002005020                mmInitDefaultMem
                0x0000000002005042                mmSuspendIRQ_t
                0x0000000002005060                mmRestoreIRQ_t
 .text          0x00000000020050a8      0x100 /opt/devkitpro/libnds/lib/libmm9.a(mm_soundbank.o)
                0x00000000020050a8                mmSoundBankInMemory
                0x00000000020050b0                mmSoundBankInFiles
                0x00000000020050c2                mmSetCustomSoundBankHandler
                0x00000000020050ee                mmsHandleFileOp
 .text          0x00000000020051a8       0x3c /opt/devkitpro/libnds/lib/libmm9.a(mm_flusher.o)
                0x00000000020051a8                mmFlushBank
 .text          0x00000000020051e4      0x11c /opt/devkitpro/devkitARM/bin/../lib/gcc/arm-none-eabi/12.1.0/thumb/libgcc.a(_udivsi3.o)
                0x00000000020051e4                __udivsi3
                0x00000000020051e4                __aeabi_uidiv
                0x00000000020052e0                __aeabi_uidivmod
 .text          0x0000000002005300      0x150 /opt/devkitpro/devkitARM/bin/../lib/gcc/arm-none-eabi/12.1.0/thumb/libgcc.a(_divsi3.o)
                0x0000000002005300                __aeabi_idiv
                0x0000000002005300                __divsi3
                0x0000000002005430                __aeabi_idivmod
 .text          0x0000000002005450        0x4 /opt/devkitpro/devkitARM/bin/../lib/gcc/arm-none-eabi/12.1.0/thumb/libgcc.a(_dvmd_tls.o)
                0x0000000002005450                __aeabi_ldiv0
                0x0000000002005450                __aeabi_idiv0
 .text          0x0000000002005454      0x424 /opt/devkitpro/devkitARM/bin/../lib/gcc/arm-none-eabi/12.1.0/thumb/libgcc.a(_arm_addsubdf3.o)
                0x0000000002005454                __aeabi_drsub
                0x000000000200545c                __aeabi_dsub
                0x000000000200545c                __subdf3
                0x0000000002005460                __adddf3
                0x0000000002005460                __aeabi_dadd
                0x0000000002005770                __aeabi_ui2d
                0x0000000002005770                __floatunsidf
                0x0000000002005794                __floatsidf
                0x0000000002005794                __aeabi_i2d
                0x00000000020057bc                __extendsfdf2
                0x00000000020057bc                __aeabi_f2d
                0x0000000002005804                __aeabi_ul2d
                0x0000000002005804                __floatundidf
                0x0000000002005818                __floatdidf
                0x0000000002005818                __aeabi_l2d
 .text          0x0000000002005878       0x5c /opt/devkitpro/devkitARM/bin/../lib/gcc/arm-none-eabi/12.1.0/thumb/libgcc.a(_arm_fixdfsi.o)
                0x0000000002005878                __fixdfsi
                0x0000000002005878                __aeabi_d2iz
 .text          0x00000000020058d4      0x2ac /opt/devkitpro/devkitARM/bin/../lib/gcc/arm-none-eabi/12.1.0/thumb/libgcc.a(_arm_addsubsf3.o)
                0x00000000020058d4                __aeabi_frsub
                0x00000000020058dc                __subsf3
                0x00000000020058dc                __aeabi_fsub
                0x00000000020058e0                __aeabi_fadd
                0x00000000020058e0                __addsf3
                0x0000000002005a9c                __aeabi_ui2f
                0x0000000002005a9c                __floatunsisf
                0x0000000002005aa4                __aeabi_i2f
                0x0000000002005aa4                __floatsisf
                0x0000000002005ac4                __floatundisf
                0x0000000002005ac4                __aeabi_ul2f
                0x0000000002005ad4                __floatdisf
                0x0000000002005ad4                __aeabi_l2f
 .text          0x0000000002005b80      0x2f8 /opt/devkitpro/devkitARM/bin/../lib/gcc/arm-none-eabi/12.1.0/thumb/libgcc.a(_arm_muldivsf3.o)
                0x0000000002005b80                __mulsf3
                0x0000000002005b80                __aeabi_fmul
                0x0000000002005d18                __divsf3
                0x0000000002005d18                __aeabi_fdiv
 .text          0x0000000002005e78      0x114 /opt/devkitpro/devkitARM/bin/../lib/gcc/arm-none-eabi/12.1.0/thumb/libgcc.a(_arm_cmpsf2.o)
                0x0000000002005e78                __gtsf2
                0x0000000002005e78                __gesf2
                0x0000000002005e80                __lesf2
                0x0000000002005e80                __ltsf2
                0x0000000002005e88                __nesf2
                0x0000000002005e88                __eqsf2
                0x0000000002005e88                __cmpsf2
                0x0000000002005eec                __aeabi_cfrcmple
                0x0000000002005efc                __aeabi_cfcmple
                0x0000000002005efc                __aeabi_cfcmpeq
                0x0000000002005f14                __aeabi_fcmpeq
                0x0000000002005f2c                __aeabi_fcmplt
                0x0000000002005f44                __aeabi_fcmple
                0x0000000002005f5c                __aeabi_fcmpge
                0x0000000002005f74                __aeabi_fcmpgt
 .text          0x0000000002005f8c       0x5c /opt/devkitpro/devkitARM/bin/../lib/gcc/arm-none-eabi/12.1.0/thumb/libgcc.a(_arm_fixsfsi.o)
                0x0000000002005f8c                __fixsfsi
                0x0000000002005f8c                __aeabi_f2iz
 .text          0x0000000002005fe8      0x224 /opt/devkitpro/devkitARM/bin/../lib/gcc/arm-none-eabi/12.1.0/../../../../arm-none-eabi/lib/thumb/libg.a(lib_a-strcmp.o)
                0x0000000002005fe8                strcmp
 .text          0x000000000200620c       0x14 /opt/devkitpro/devkitARM/bin/../lib/gcc/arm-none-eabi/12.1.0/thumb/libgcc.a(_thumb1_case_uqi.o)
                0x000000000200620c                __gnu_thumb1_case_uqi
 .text          0x0000000002006220       0x14 /opt/devkitpro/devkitARM/bin/../lib/gcc/arm-none-eabi/12.1.0/thumb/libgcc.a(_thumb1_case_uhi.o)
                0x0000000002006220                __gnu_thumb1_case_uhi
 .text          0x0000000002006234      0x49c /opt/devkitpro/devkitARM/bin/../lib/gcc/arm-none-eabi/12.1.0/thumb/libgcc.a(_arm_muldivdf3.o)
                0x0000000002006234                __aeabi_dmul
                0x0000000002006234                __muldf3
                0x00000000020064c4                __aeabi_ddiv
                0x00000000020064c4                __divdf3
 .text          0x00000000020066d0      0x144 /opt/devkitpro/devkitARM/bin/../lib/gcc/arm-none-eabi/12.1.0/thumb/libgcc.a(_arm_cmpdf2.o)
                0x00000000020066d0                __gtdf2
                0x00000000020066d0                __gedf2
                0x00000000020066d8                __ltdf2
                0x00000000020066d8                __ledf2
                0x00000000020066e0                __cmpdf2
                0x00000000020066e0                __eqdf2
                0x00000000020066e0                __nedf2
                0x0000000002006768                __aeabi_cdrcmple
                0x0000000002006784                __aeabi_cdcmple
                0x0000000002006784                __aeabi_cdcmpeq
                0x000000000200679c                __aeabi_dcmpeq
                0x00000000020067b4                __aeabi_dcmplt
                0x00000000020067cc                __aeabi_dcmple
                0x00000000020067e4                __aeabi_dcmpge
                0x00000000020067fc                __aeabi_dcmpgt
 .text          0x0000000002006814       0x38 /opt/devkitpro/devkitARM/bin/../lib/gcc/arm-none-eabi/12.1.0/thumb/libgcc.a(_arm_unorddf2.o)
                0x0000000002006814                __aeabi_dcmpun
                0x0000000002006814                __unorddf2
 .text          0x000000000200684c       0x3c /opt/devkitpro/devkitARM/bin/../lib/gcc/arm-none-eabi/12.1.0/thumb/libgcc.a(_aeabi_uldivmod.o)
                0x000000000200684c                __aeabi_uldivmod
 .text          0x0000000002006888       0x28 /opt/devkitpro/devkitARM/bin/../lib/gcc/arm-none-eabi/12.1.0/thumb/libgcc.a(_clzdi2.o)
                0x0000000002006888                __clzdi2
 .text          0x00000000020068b0       0x48 /opt/devkitpro/devkitARM/bin/../lib/gcc/arm-none-eabi/12.1.0/thumb/libgcc.a(_clzsi2.o)
                0x00000000020068b0                __clzsi2
 *(EXCLUDE_FILE(*.twl* *.vectors* *.itcm*) .stub)
 *(EXCLUDE_FILE(*.twl* *.vectors* *.itcm*) .text.*)
 .text.__do_global_dtors_aux
                0x00000000020068f8       0x2c /opt/devkitpro/devkitARM/bin/../lib/gcc/arm-none-eabi/12.1.0/thumb/crtbegin.o
 .text.frame_dummy
                0x0000000002006924       0x24 /opt/devkitpro/devkitARM/bin/../lib/gcc/arm-none-eabi/12.1.0/thumb/crtbegin.o
 .text.startup  0x0000000002006948       0xfc MaxModExample.o
                0x0000000002006948                main
 .text.touchRead
                0x0000000002006a44       0x24 /opt/devkitpro/libnds/lib/libnds9.a(touch.o)
                0x0000000002006a44                touchRead
 .text.newRow   0x0000000002006a68       0xa8 /opt/devkitpro/libnds/lib/libnds9.a(console.o)
 .text.consoleSelect
                0x0000000002006b10       0x10 /opt/devkitpro/libnds/lib/libnds9.a(console.o)
                0x0000000002006b10                consoleSelect
 .text.consolePrintChar
                0x0000000002006b20       0xe0 /opt/devkitpro/libnds/lib/libnds9.a(console.o)
                0x0000000002006b20                consolePrintChar
 .text.con_write
                0x0000000002006c00      0x36c /opt/devkitpro/libnds/lib/libnds9.a(console.o)
                0x0000000002006c00                con_write
 .text.consoleLoadFont
                0x0000000002006f6c      0x2a0 /opt/devkitpro/libnds/lib/libnds9.a(console.o)
                0x0000000002006f6c                consoleLoadFont
 .text.consoleInit
                0x000000000200720c      0x18c /opt/devkitpro/libnds/lib/libnds9.a(console.o)
                0x000000000200720c                consoleInit
 .text.consoleDemoInit
                0x0000000002007398       0x40 /opt/devkitpro/libnds/lib/libnds9.a(console.o)
                0x0000000002007398                consoleDemoInit
 .text.scanKeys
                0x00000000020073d8       0x8c /opt/devkitpro/libnds/lib/libnds9.a(keys.o)
                0x00000000020073d8                scanKeys
 .text.keysHeld
                0x0000000002007464        0xc /opt/devkitpro/libnds/lib/libnds9.a(keys.o)
                0x0000000002007464                keysHeld
 .text.keysDown
                0x0000000002007470       0x14 /opt/devkitpro/libnds/lib/libnds9.a(keys.o)
                0x0000000002007470                keysDown
 .text.keysUp   0x0000000002007484       0x18 /opt/devkitpro/libnds/lib/libnds9.a(keys.o)
                0x0000000002007484                keysUp
 .text.__syscall_exit
                0x000000000200749c        0x8 /opt/devkitpro/libnds/lib/libnds9.a(initSystem.o)
                0x000000000200749c                __syscall_exit
 .text.initSystem
                0x00000000020074a4      0x180 /opt/devkitpro/libnds/lib/libnds9.a(initSystem.o)
                0x00000000020074a4                initSystem
 .text.irqDummy
                0x0000000002007624        0x4 /opt/devkitpro/libnds/lib/libnds9.a(interrupts.o)
                0x0000000002007624                irqDummy
 .text.irqSet   0x0000000002007628       0x6c /opt/devkitpro/libnds/lib/libnds9.a(interrupts.o)
                0x0000000002007628                irqSet
 .text.irqInit  0x0000000002007694       0x50 /opt/devkitpro/libnds/lib/libnds9.a(interrupts.o)
                0x0000000002007694                irqInit
 .text.irqEnable
                0x00000000020076e4       0x64 /opt/devkitpro/libnds/lib/libnds9.a(interrupts.o)
                0x00000000020076e4                irqEnable
 .text.irqDisable
                0x0000000002007748       0x64 /opt/devkitpro/libnds/lib/libnds9.a(interrupts.o)
                0x0000000002007748                irqDisable
 .text.systemErrorExit
                0x00000000020077ac        0x4 /opt/devkitpro/libnds/lib/libnds9.a(libnds_exit.arm.o)
                0x00000000020077ac                systemErrorExit
 .text.__libnds_exit
                0x00000000020077b0       0x5c /opt/devkitpro/libnds/lib/libnds9.a(libnds_exit.arm.o)
                0x00000000020077b0                __libnds_exit
 .text.fifo_queueBlock
                0x000000000200780c       0x44 /opt/devkitpro/libnds/lib/libnds9.a(fifosystem.o)
 .text.fifo_waitBlock
                0x0000000002007850       0x80 /opt/devkitpro/libnds/lib/libnds9.a(fifosystem.o)
 .text.fifoInternalSend.part.0
                0x00000000020078d0       0xd4 /opt/devkitpro/libnds/lib/libnds9.a(fifosystem.o)
 .text.fifoInternalSendInterrupt
                0x00000000020079a4       0xb0 /opt/devkitpro/libnds/lib/libnds9.a(fifosystem.o)
 .text.fifoSetValue32Handler
                0x0000000002007a54       0xd4 /opt/devkitpro/libnds/lib/libnds9.a(fifosystem.o)
                0x0000000002007a54                fifoSetValue32Handler
 .text.fifoSendValue32
                0x0000000002007b28       0x4c /opt/devkitpro/libnds/lib/libnds9.a(fifosystem.o)
                0x0000000002007b28                fifoSendValue32
 .text.fifoSendDatamsg
                0x0000000002007b74       0x90 /opt/devkitpro/libnds/lib/libnds9.a(fifosystem.o)
                0x0000000002007b74                fifoSendDatamsg
 .text.fifoGetDatamsg
                0x0000000002007c04       0xf4 /opt/devkitpro/libnds/lib/libnds9.a(fifosystem.o)
                0x0000000002007c04                fifoGetDatamsg
 .text.fifoInternalRecvInterrupt
                0x0000000002007cf8      0x37c /opt/devkitpro/libnds/lib/libnds9.a(fifosystem.o)
 .text.fifoSetDatamsgHandler
                0x0000000002008074       0x9c /opt/devkitpro/libnds/lib/libnds9.a(fifosystem.o)
                0x0000000002008074                fifoSetDatamsgHandler
 .text.fifoInit
                0x0000000002008110      0x108 /opt/devkitpro/libnds/lib/libnds9.a(fifosystem.o)
                0x0000000002008110                fifoInit
 .text.__libnds_mpu_setup
                0x0000000002008218      0x174 /opt/devkitpro/libnds/lib/libnds9.a(mpu_setup.o)
                0x0000000002008218                __libnds_mpu_setup
 .text.memUncached
                0x000000000200838c       0x20 /opt/devkitpro/libnds/lib/libnds9.a(mpu_setup.o)
                0x000000000200838c                memUncached
 .text.swiIntrWait
                0x00000000020083ac       0x70 /opt/devkitpro/libnds/lib/libnds9.a(IntrWait.o)
                0x00000000020083ac                swiIntrWait
 .text.setCpuClock
                0x000000000200841c       0x50 /opt/devkitpro/libnds/lib/libnds9.a(cpu_clock.o)
                0x000000000200841c                setCpuClock
 .text.swiSoftReset
                0x000000000200846c       0x2c /opt/devkitpro/libnds/lib/libnds9.a(swiSoftReset.o)
                0x000000000200846c                swiSoftReset
 .text.checkIfText
                0x0000000002008498       0x5c /opt/devkitpro/libnds/lib/libnds9.a(background.o)
                0x0000000002008498                checkIfText
 .text.bgUpdate
                0x00000000020084f4       0xf4 /opt/devkitpro/libnds/lib/libnds9.a(background.o)
                0x00000000020084f4                bgUpdate
 .text.bgInit_call
                0x00000000020085e8       0xc4 /opt/devkitpro/libnds/lib/libnds9.a(background.o)
                0x00000000020085e8                bgInit_call
 .text.bgInitSub_call
                0x00000000020086ac       0xcc /opt/devkitpro/libnds/lib/libnds9.a(background.o)
                0x00000000020086ac                bgInitSub_call
 .text.sinLutLookup
                0x0000000002008778       0x4c /opt/devkitpro/libnds/lib/libnds9.a(trig.o)
                0x0000000002008778                sinLutLookup
 .text.sinLerp  0x00000000020087c4       0x40 /opt/devkitpro/libnds/lib/libnds9.a(trig.o)
                0x00000000020087c4                sinLerp
 .text.cosLerp  0x0000000002008804       0x4c /opt/devkitpro/libnds/lib/libnds9.a(trig.o)
                0x0000000002008804                cosLerp
 .text.vramDefault
                0x0000000002008850       0xd0 /opt/devkitpro/libnds/lib/libnds9.a(video.o)
                0x0000000002008850                vramDefault
 .text.systemValueHandler
                0x0000000002008920       0x48 /opt/devkitpro/libnds/lib/libnds9.a(system.o)
                0x0000000002008920                systemValueHandler
 .text.systemMsgHandler
                0x0000000002008968       0x60 /opt/devkitpro/libnds/lib/libnds9.a(system.o)
                0x0000000002008968                systemMsgHandler
 .text.powerOn  0x00000000020089c8       0x2c /opt/devkitpro/libnds/lib/libnds9.a(system.o)
                0x00000000020089c8                powerOn
 .text.swiDelay
                0x00000000020089f4        0x4 /opt/devkitpro/libnds/lib/libnds9.a(biosCalls.o)
                0x00000000020089f4                swiDelay
 .text._fclose_r
                0x00000000020089f8       0xe4 /opt/devkitpro/devkitARM/bin/../lib/gcc/arm-none-eabi/12.1.0/../../../../arm-none-eabi/lib/thumb/libg.a(lib_a-fclose.o)
                0x00000000020089f8                _fclose_r
 .text.fclose   0x0000000002008adc       0x14 /opt/devkitpro/devkitARM/bin/../lib/gcc/arm-none-eabi/12.1.0/../../../../arm-none-eabi/lib/thumb/libg.a(lib_a-fclose.o)
                0x0000000002008adc                fclose
 .text.__sflush_r
                0x0000000002008af0      0x18c /opt/devkitpro/devkitARM/bin/../lib/gcc/arm-none-eabi/12.1.0/../../../../arm-none-eabi/lib/thumb/libg.a(lib_a-fflush.o)
                0x0000000002008af0                __sflush_r
 .text._fflush_r
                0x0000000002008c7c       0x70 /opt/devkitpro/devkitARM/bin/../lib/gcc/arm-none-eabi/12.1.0/../../../../arm-none-eabi/lib/thumb/libg.a(lib_a-fflush.o)
                0x0000000002008c7c                _fflush_r
 .text.fflush   0x0000000002008cec       0x2c /opt/devkitpro/devkitARM/bin/../lib/gcc/arm-none-eabi/12.1.0/../../../../arm-none-eabi/lib/thumb/libg.a(lib_a-fflush.o)
                0x0000000002008cec                fflush
 .text._cleanup_r
                0x0000000002008d18       0x14 /opt/devkitpro/devkitARM/bin/../lib/gcc/arm-none-eabi/12.1.0/../../../../arm-none-eabi/lib/thumb/libg.a(lib_a-findfp.o)
                0x0000000002008d18                _cleanup_r
 .text.__sinit  0x0000000002008d2c      0x124 /opt/devkitpro/devkitARM/bin/../lib/gcc/arm-none-eabi/12.1.0/../../../../arm-none-eabi/lib/thumb/libg.a(lib_a-findfp.o)
                0x0000000002008d2c                __sinit
 .text.__sfp    0x0000000002008e50       0xd4 /opt/devkitpro/devkitARM/bin/../lib/gcc/arm-none-eabi/12.1.0/../../../../arm-none-eabi/lib/thumb/libg.a(lib_a-findfp.o)
                0x0000000002008e50                __sfp
 .text.__sfp_lock_acquire
                0x0000000002008f24       0x14 /opt/devkitpro/devkitARM/bin/../lib/gcc/arm-none-eabi/12.1.0/../../../../arm-none-eabi/lib/thumb/libg.a(lib_a-findfp.o)
                0x0000000002008f24                __sfp_lock_acquire
 .text.__sfp_lock_release
                0x0000000002008f38       0x14 /opt/devkitpro/devkitARM/bin/../lib/gcc/arm-none-eabi/12.1.0/../../../../arm-none-eabi/lib/thumb/libg.a(lib_a-findfp.o)
                0x0000000002008f38                __sfp_lock_release
 .text._fopen_r
                0x0000000002008f4c       0xbc /opt/devkitpro/devkitARM/bin/../lib/gcc/arm-none-eabi/12.1.0/../../../../arm-none-eabi/lib/thumb/libg.a(lib_a-fopen.o)
                0x0000000002008f4c                _fopen_r
 .text.fopen    0x0000000002009008       0x18 /opt/devkitpro/devkitARM/bin/../lib/gcc/arm-none-eabi/12.1.0/../../../../arm-none-eabi/lib/thumb/libg.a(lib_a-fopen.o)
                0x0000000002009008                fopen
 .text._fread_r
                0x0000000002009020      0x1e4 /opt/devkitpro/devkitARM/bin/../lib/gcc/arm-none-eabi/12.1.0/../../../../arm-none-eabi/lib/thumb/libg.a(lib_a-fread.o)
                0x0000000002009020                _fread_r
 .text.fread    0x0000000002009204       0x24 /opt/devkitpro/devkitARM/bin/../lib/gcc/arm-none-eabi/12.1.0/../../../../arm-none-eabi/lib/thumb/libg.a(lib_a-fread.o)
                0x0000000002009204                fread
 .text._malloc_trim_r
                0x0000000002009228       0xac /opt/devkitpro/devkitARM/bin/../lib/gcc/arm-none-eabi/12.1.0/../../../../arm-none-eabi/lib/thumb/libg.a(lib_a-freer.o)
                0x0000000002009228                _malloc_trim_r
 .text._free_r  0x00000000020092d4      0x1d8 /opt/devkitpro/devkitARM/bin/../lib/gcc/arm-none-eabi/12.1.0/../../../../arm-none-eabi/lib/thumb/libg.a(lib_a-freer.o)
                0x00000000020092d4                _free_r
 .text._fseek_r
                0x00000000020094ac       0x18 /opt/devkitpro/devkitARM/bin/../lib/gcc/arm-none-eabi/12.1.0/../../../../arm-none-eabi/lib/thumb/libg.a(lib_a-fseek.o)
                0x00000000020094ac                _fseek_r
 .text.fseek    0x00000000020094c4       0x24 /opt/devkitpro/devkitARM/bin/../lib/gcc/arm-none-eabi/12.1.0/../../../../arm-none-eabi/lib/thumb/libg.a(lib_a-fseek.o)
                0x00000000020094c4                fseek
 .text._fseeko_r
                0x00000000020094e8      0x410 /opt/devkitpro/devkitARM/bin/../lib/gcc/arm-none-eabi/12.1.0/../../../../arm-none-eabi/lib/thumb/libg.a(lib_a-fseeko.o)
                0x00000000020094e8                _fseeko_r
 .text._fwalk   0x00000000020098f8       0x48 /opt/devkitpro/devkitARM/bin/../lib/gcc/arm-none-eabi/12.1.0/../../../../arm-none-eabi/lib/thumb/libg.a(lib_a-fwalk.o)
                0x00000000020098f8                _fwalk
 .text._fwalk_reent
                0x0000000002009940       0x50 /opt/devkitpro/devkitARM/bin/../lib/gcc/arm-none-eabi/12.1.0/../../../../arm-none-eabi/lib/thumb/libg.a(lib_a-fwalk.o)
                0x0000000002009940                _fwalk_reent
 .text.__libc_init_array
                0x0000000002009990       0x54 /opt/devkitpro/devkitARM/bin/../lib/gcc/arm-none-eabi/12.1.0/../../../../arm-none-eabi/lib/thumb/libg.a(lib_a-init.o)
                0x0000000002009990                __libc_init_array
 .text.iprintf  0x00000000020099e4       0x24 /opt/devkitpro/devkitARM/bin/../lib/gcc/arm-none-eabi/12.1.0/../../../../arm-none-eabi/lib/thumb/libg.a(lib_a-iprintf.o)
                0x00000000020099e4                iprintf
 .text.__smakebuf_r
                0x0000000002009a08       0xf0 /opt/devkitpro/devkitARM/bin/../lib/gcc/arm-none-eabi/12.1.0/../../../../arm-none-eabi/lib/thumb/libg.a(lib_a-makebuf.o)
                0x0000000002009a08                __smakebuf_r
 .text.__swhatbuf_r
                0x0000000002009af8       0x5c /opt/devkitpro/devkitARM/bin/../lib/gcc/arm-none-eabi/12.1.0/../../../../arm-none-eabi/lib/thumb/libg.a(lib_a-makebuf.o)
                0x0000000002009af8                __swhatbuf_r
 .text.malloc   0x0000000002009b54       0x14 /opt/devkitpro/devkitARM/bin/../lib/gcc/arm-none-eabi/12.1.0/../../../../arm-none-eabi/lib/thumb/libg.a(lib_a-malloc.o)
                0x0000000002009b54                malloc
 .text.free     0x0000000002009b68       0x14 /opt/devkitpro/devkitARM/bin/../lib/gcc/arm-none-eabi/12.1.0/../../../../arm-none-eabi/lib/thumb/libg.a(lib_a-malloc.o)
                0x0000000002009b68                free
 .text._malloc_r
                0x0000000002009b7c      0x560 /opt/devkitpro/devkitARM/bin/../lib/gcc/arm-none-eabi/12.1.0/../../../../arm-none-eabi/lib/thumb/libg.a(lib_a-mallocr.o)
                0x0000000002009b7c                _malloc_r
 .text.memcpy   0x000000000200a0dc       0x94 /opt/devkitpro/devkitARM/bin/../lib/gcc/arm-none-eabi/12.1.0/../../../../arm-none-eabi/lib/thumb/libg.a(lib_a-memcpy-stub.o)
                0x000000000200a0dc                memcpy
 .text.memset   0x000000000200a170       0xb0 /opt/devkitpro/devkitARM/bin/../lib/gcc/arm-none-eabi/12.1.0/../../../../arm-none-eabi/lib/thumb/libg.a(lib_a-memset.o)
                0x000000000200a170                memset
 .text.__malloc_lock
                0x000000000200a220       0x14 /opt/devkitpro/devkitARM/bin/../lib/gcc/arm-none-eabi/12.1.0/../../../../arm-none-eabi/lib/thumb/libg.a(lib_a-mlock.o)
                0x000000000200a220                __malloc_lock
 .text.__malloc_unlock
                0x000000000200a234       0x14 /opt/devkitpro/devkitARM/bin/../lib/gcc/arm-none-eabi/12.1.0/../../../../arm-none-eabi/lib/thumb/libg.a(lib_a-mlock.o)
                0x000000000200a234                __malloc_unlock
 .text.printf   0x000000000200a248       0x24 /opt/devkitpro/devkitARM/bin/../lib/gcc/arm-none-eabi/12.1.0/../../../../arm-none-eabi/lib/thumb/libg.a(lib_a-printf.o)
                0x000000000200a248                printf
 .text.rand     0x000000000200a26c       0x34 /opt/devkitpro/devkitARM/bin/../lib/gcc/arm-none-eabi/12.1.0/../../../../arm-none-eabi/lib/thumb/libg.a(lib_a-rand.o)
                0x000000000200a26c                rand
 .text.lflush   0x000000000200a2a0       0x20 /opt/devkitpro/devkitARM/bin/../lib/gcc/arm-none-eabi/12.1.0/../../../../arm-none-eabi/lib/thumb/libg.a(lib_a-refill.o)
 .text.__srefill_r
                0x000000000200a2c0      0x108 /opt/devkitpro/devkitARM/bin/../lib/gcc/arm-none-eabi/12.1.0/../../../../arm-none-eabi/lib/thumb/libg.a(lib_a-refill.o)
                0x000000000200a2c0                __srefill_r
 .text.setvbuf  0x000000000200a3c8      0x19c /opt/devkitpro/devkitARM/bin/../lib/gcc/arm-none-eabi/12.1.0/../../../../arm-none-eabi/lib/thumb/libg.a(lib_a-setvbuf.o)
                0x000000000200a3c8                setvbuf
 .text.siscanf  0x000000000200a564       0x4c /opt/devkitpro/devkitARM/bin/../lib/gcc/arm-none-eabi/12.1.0/../../../../arm-none-eabi/lib/thumb/libg.a(lib_a-siscanf.o)
                0x000000000200a564                siscanf
 .text.sprintf  0x000000000200a5b0       0x40 /opt/devkitpro/devkitARM/bin/../lib/gcc/arm-none-eabi/12.1.0/../../../../arm-none-eabi/lib/thumb/libg.a(lib_a-sprintf.o)
                0x000000000200a5b0                sprintf
 .text.__sread  0x000000000200a5f0       0x34 /opt/devkitpro/devkitARM/bin/../lib/gcc/arm-none-eabi/12.1.0/../../../../arm-none-eabi/lib/thumb/libg.a(lib_a-stdio.o)
                0x000000000200a5f0                __sread
 .text.__seofread
                0x000000000200a624        0x4 /opt/devkitpro/devkitARM/bin/../lib/gcc/arm-none-eabi/12.1.0/../../../../arm-none-eabi/lib/thumb/libg.a(lib_a-stdio.o)
                0x000000000200a624                __seofread
 .text.__swrite
                0x000000000200a628       0x4c /opt/devkitpro/devkitARM/bin/../lib/gcc/arm-none-eabi/12.1.0/../../../../arm-none-eabi/lib/thumb/libg.a(lib_a-stdio.o)
                0x000000000200a628                __swrite
 .text.__sseek  0x000000000200a674       0x44 /opt/devkitpro/devkitARM/bin/../lib/gcc/arm-none-eabi/12.1.0/../../../../arm-none-eabi/lib/thumb/libg.a(lib_a-stdio.o)
                0x000000000200a674                __sseek
 .text.__sclose
                0x000000000200a6b8       0x10 /opt/devkitpro/devkitARM/bin/../lib/gcc/arm-none-eabi/12.1.0/../../../../arm-none-eabi/lib/thumb/libg.a(lib_a-stdio.o)
                0x000000000200a6b8                __sclose
 .text.strlen   0x000000000200a6c8       0x60 /opt/devkitpro/devkitARM/bin/../lib/gcc/arm-none-eabi/12.1.0/../../../../arm-none-eabi/lib/thumb/libg.a(lib_a-strlen-stub.o)
                0x000000000200a6c8                strlen
 .text.get_arg  0x000000000200a728       0x32 /opt/devkitpro/devkitARM/bin/../lib/gcc/arm-none-eabi/12.1.0/../../../../arm-none-eabi/lib/thumb/libg.a(lib_a-svfiscanf.o)
 .text._sungetc_r
                0x000000000200a75a       0x7e /opt/devkitpro/devkitARM/bin/../lib/gcc/arm-none-eabi/12.1.0/../../../../arm-none-eabi/lib/thumb/libg.a(lib_a-svfiscanf.o)
                0x000000000200a75a                _sungetc_r
 .text.__ssrefill_r
                0x000000000200a7d8       0x42 /opt/devkitpro/devkitARM/bin/../lib/gcc/arm-none-eabi/12.1.0/../../../../arm-none-eabi/lib/thumb/libg.a(lib_a-svfiscanf.o)
                0x000000000200a7d8                __ssrefill_r
 .text._sfread_r
                0x000000000200a81a       0x88 /opt/devkitpro/devkitARM/bin/../lib/gcc/arm-none-eabi/12.1.0/../../../../arm-none-eabi/lib/thumb/libg.a(lib_a-svfiscanf.o)
                0x000000000200a81a                _sfread_r
 *fill*         0x000000000200a8a2        0x2 ff
 .text.__ssvfiscanf_r
                0x000000000200a8a4     0x1ae0 /opt/devkitpro/devkitARM/bin/../lib/gcc/arm-none-eabi/12.1.0/../../../../arm-none-eabi/lib/thumb/libg.a(lib_a-svfiscanf.o)
                0x000000000200a8a4                __ssvfiscanf_r
 .text.get_arg  0x000000000200c384      0x42c /opt/devkitpro/devkitARM/bin/../lib/gcc/arm-none-eabi/12.1.0/../../../../arm-none-eabi/lib/thumb/libg.a(lib_a-svfprintf.o)
 .text._svfprintf_r
                0x000000000200c7b0     0x22fc /opt/devkitpro/devkitARM/bin/../lib/gcc/arm-none-eabi/12.1.0/../../../../arm-none-eabi/lib/thumb/libg.a(lib_a-svfprintf.o)
                0x000000000200c7b0                _svfprintf_r
 .text.__submore
                0x000000000200eaac       0x88 /opt/devkitpro/devkitARM/bin/../lib/gcc/arm-none-eabi/12.1.0/../../../../arm-none-eabi/lib/thumb/libg.a(lib_a-ungetc.o)
                0x000000000200eaac                __submore
 .text.get_arg  0x000000000200eb34      0x42c /opt/devkitpro/devkitARM/bin/../lib/gcc/arm-none-eabi/12.1.0/../../../../arm-none-eabi/lib/thumb/libg.a(lib_a-vfiprintf.o)
 .text.__sprint_r
                0x000000000200ef60       0x24 /opt/devkitpro/devkitARM/bin/../lib/gcc/arm-none-eabi/12.1.0/../../../../arm-none-eabi/lib/thumb/libg.a(lib_a-vfiprintf.o)
                0x000000000200ef60                __sprint_r
 .text._vfiprintf_r
                0x000000000200ef84     0x173c /opt/devkitpro/devkitARM/bin/../lib/gcc/arm-none-eabi/12.1.0/../../../../arm-none-eabi/lib/thumb/libg.a(lib_a-vfiprintf.o)
                0x000000000200ef84                _vfiprintf_r
 .text.__sbprintf
                0x00000000020106c0       0x8c /opt/devkitpro/devkitARM/bin/../lib/gcc/arm-none-eabi/12.1.0/../../../../arm-none-eabi/lib/thumb/libg.a(lib_a-vfiprintf.o)
 .text.get_arg  0x000000000201074c      0x42c /opt/devkitpro/devkitARM/bin/../lib/gcc/arm-none-eabi/12.1.0/../../../../arm-none-eabi/lib/thumb/libg.a(lib_a-vfprintf.o)
 .text._vfprintf_r
                0x0000000002010b78     0x2360 /opt/devkitpro/devkitARM/bin/../lib/gcc/arm-none-eabi/12.1.0/../../../../arm-none-eabi/lib/thumb/libg.a(lib_a-vfprintf.o)
                0x0000000002010b78                _vfprintf_r
 .text.__sbprintf
                0x0000000002012ed8       0x8c /opt/devkitpro/devkitARM/bin/../lib/gcc/arm-none-eabi/12.1.0/../../../../arm-none-eabi/lib/thumb/libg.a(lib_a-vfprintf.o)
 .text._wcrtomb_r
                0x0000000002012f64       0x5c /opt/devkitpro/devkitARM/bin/../lib/gcc/arm-none-eabi/12.1.0/../../../../arm-none-eabi/lib/thumb/libg.a(lib_a-wcrtomb.o)
                0x0000000002012f64                _wcrtomb_r
 .text._wcsrtombs_r
                0x0000000002012fc0       0x1c /opt/devkitpro/devkitARM/bin/../lib/gcc/arm-none-eabi/12.1.0/../../../../arm-none-eabi/lib/thumb/libg.a(lib_a-wcsrtombs.o)
                0x0000000002012fc0                _wcsrtombs_r
 .text.__swsetup_r
                0x0000000002012fdc       0xd0 /opt/devkitpro/devkitARM/bin/../lib/gcc/arm-none-eabi/12.1.0/../../../../arm-none-eabi/lib/thumb/libg.a(lib_a-wsetup.o)
                0x0000000002012fdc                __swsetup_r
 .text.quorem   0x00000000020130ac      0x158 /opt/devkitpro/devkitARM/bin/../lib/gcc/arm-none-eabi/12.1.0/../../../../arm-none-eabi/lib/thumb/libg.a(lib_a-dtoa.o)
 .text._dtoa_r  0x0000000002013204      0xfcc /opt/devkitpro/devkitARM/bin/../lib/gcc/arm-none-eabi/12.1.0/../../../../arm-none-eabi/lib/thumb/libg.a(lib_a-dtoa.o)
                0x0000000002013204                _dtoa_r
 .text.__sflags
                0x00000000020141d0       0xa4 /opt/devkitpro/devkitARM/bin/../lib/gcc/arm-none-eabi/12.1.0/../../../../arm-none-eabi/lib/thumb/libg.a(lib_a-flags.o)
                0x00000000020141d0                __sflags
 .text.__sfvwrite_r
                0x0000000002014274      0x334 /opt/devkitpro/devkitARM/bin/../lib/gcc/arm-none-eabi/12.1.0/../../../../arm-none-eabi/lib/thumb/libg.a(lib_a-fvwrite.o)
                0x0000000002014274                __sfvwrite_r
 .text.iswspace
                0x00000000020145a8       0x10 /opt/devkitpro/devkitARM/bin/../lib/gcc/arm-none-eabi/12.1.0/../../../../arm-none-eabi/lib/thumb/libg.a(lib_a-iswspace.o)
                0x00000000020145a8                iswspace
 .text._localeconv_r
                0x00000000020145b8        0x8 /opt/devkitpro/devkitARM/bin/../lib/gcc/arm-none-eabi/12.1.0/../../../../arm-none-eabi/lib/thumb/libg.a(lib_a-localeconv.o)
                0x00000000020145b8                _localeconv_r
 .text.__locale_mb_cur_max
                0x00000000020145c0       0x10 /opt/devkitpro/devkitARM/bin/../lib/gcc/arm-none-eabi/12.1.0/../../../../arm-none-eabi/lib/thumb/libg.a(lib_a-locale.o)
                0x00000000020145c0                __locale_mb_cur_max
 .text._mbrtowc_r
                0x00000000020145d0       0x60 /opt/devkitpro/devkitARM/bin/../lib/gcc/arm-none-eabi/12.1.0/../../../../arm-none-eabi/lib/thumb/libg.a(lib_a-mbrtowc.o)
                0x00000000020145d0                _mbrtowc_r
 .text.__utf8_mbtowc
                0x0000000002014630      0x27c /opt/devkitpro/devkitARM/bin/../lib/gcc/arm-none-eabi/12.1.0/../../../../arm-none-eabi/lib/thumb/libg.a(lib_a-mbtowc_r.o)
                0x0000000002014630                __utf8_mbtowc
 .text.memchr   0x00000000020148ac       0x78 /opt/devkitpro/devkitARM/bin/../lib/gcc/arm-none-eabi/12.1.0/../../../../arm-none-eabi/lib/thumb/libg.a(lib_a-memchr-stub.o)
                0x00000000020148ac                memchr
 .text.memmove  0x0000000002014924       0xc0 /opt/devkitpro/devkitARM/bin/../lib/gcc/arm-none-eabi/12.1.0/../../../../arm-none-eabi/lib/thumb/libg.a(lib_a-memmove.o)
                0x0000000002014924                memmove
 .text._Balloc  0x00000000020149e4       0x54 /opt/devkitpro/devkitARM/bin/../lib/gcc/arm-none-eabi/12.1.0/../../../../arm-none-eabi/lib/thumb/libg.a(lib_a-mprec.o)
                0x00000000020149e4                _Balloc
 .text._Bfree   0x0000000002014a38       0x14 /opt/devkitpro/devkitARM/bin/../lib/gcc/arm-none-eabi/12.1.0/../../../../arm-none-eabi/lib/thumb/libg.a(lib_a-mprec.o)
                0x0000000002014a38                _Bfree
 .text.__multadd
                0x0000000002014a4c       0xac /opt/devkitpro/devkitARM/bin/../lib/gcc/arm-none-eabi/12.1.0/../../../../arm-none-eabi/lib/thumb/libg.a(lib_a-mprec.o)
                0x0000000002014a4c                __multadd
 .text.__hi0bits
                0x0000000002014af8       0x4c /opt/devkitpro/devkitARM/bin/../lib/gcc/arm-none-eabi/12.1.0/../../../../arm-none-eabi/lib/thumb/libg.a(lib_a-mprec.o)
                0x0000000002014af8                __hi0bits
 .text.__lo0bits
                0x0000000002014b44       0x5c /opt/devkitpro/devkitARM/bin/../lib/gcc/arm-none-eabi/12.1.0/../../../../arm-none-eabi/lib/thumb/libg.a(lib_a-mprec.o)
                0x0000000002014b44                __lo0bits
 .text.__i2b    0x0000000002014ba0       0x64 /opt/devkitpro/devkitARM/bin/../lib/gcc/arm-none-eabi/12.1.0/../../../../arm-none-eabi/lib/thumb/libg.a(lib_a-mprec.o)
                0x0000000002014ba0                __i2b
 .text.__multiply
                0x0000000002014c04      0x1b4 /opt/devkitpro/devkitARM/bin/../lib/gcc/arm-none-eabi/12.1.0/../../../../arm-none-eabi/lib/thumb/libg.a(lib_a-mprec.o)
                0x0000000002014c04                __multiply
 .text.__pow5mult
                0x0000000002014db8       0xd4 /opt/devkitpro/devkitARM/bin/../lib/gcc/arm-none-eabi/12.1.0/../../../../arm-none-eabi/lib/thumb/libg.a(lib_a-mprec.o)
                0x0000000002014db8                __pow5mult
 .text.__lshift
                0x0000000002014e8c      0x100 /opt/devkitpro/devkitARM/bin/../lib/gcc/arm-none-eabi/12.1.0/../../../../arm-none-eabi/lib/thumb/libg.a(lib_a-mprec.o)
                0x0000000002014e8c                __lshift
 .text.__mcmp   0x0000000002014f8c       0x40 /opt/devkitpro/devkitARM/bin/../lib/gcc/arm-none-eabi/12.1.0/../../../../arm-none-eabi/lib/thumb/libg.a(lib_a-mprec.o)
                0x0000000002014f8c                __mcmp
 .text.__mdiff  0x0000000002014fcc      0x1a8 /opt/devkitpro/devkitARM/bin/../lib/gcc/arm-none-eabi/12.1.0/../../../../arm-none-eabi/lib/thumb/libg.a(lib_a-mprec.o)
                0x0000000002014fcc                __mdiff
 .text.__d2b    0x0000000002015174       0xd0 /opt/devkitpro/devkitARM/bin/../lib/gcc/arm-none-eabi/12.1.0/../../../../arm-none-eabi/lib/thumb/libg.a(lib_a-mprec.o)
                0x0000000002015174                __d2b
 .text.realloc  0x0000000002015244       0x18 /opt/devkitpro/devkitARM/bin/../lib/gcc/arm-none-eabi/12.1.0/../../../../arm-none-eabi/lib/thumb/libg.a(lib_a-realloc.o)
                0x0000000002015244                realloc
 .text._realloc_r
                0x000000000201525c      0x384 /opt/devkitpro/devkitARM/bin/../lib/gcc/arm-none-eabi/12.1.0/../../../../arm-none-eabi/lib/thumb/libg.a(lib_a-reallocr.o)
                0x000000000201525c                _realloc_r
 .text.__sccl   0x00000000020155e0       0x90 /opt/devkitpro/devkitARM/bin/../lib/gcc/arm-none-eabi/12.1.0/../../../../arm-none-eabi/lib/thumb/libg.a(lib_a-sccl.o)
                0x00000000020155e0                __sccl
 .text.frexp    0x0000000002015670       0x6c /opt/devkitpro/devkitARM/bin/../lib/gcc/arm-none-eabi/12.1.0/../../../../arm-none-eabi/lib/thumb/libg.a(lib_a-s_frexp.o)
                0x0000000002015670                frexp
 .text.strchr   0x00000000020156dc       0xc8 /opt/devkitpro/devkitARM/bin/../lib/gcc/arm-none-eabi/12.1.0/../../../../arm-none-eabi/lib/thumb/libg.a(lib_a-strchr.o)
                0x00000000020156dc                strchr
 .text.strncpy  0x00000000020157a4       0x68 /opt/devkitpro/devkitARM/bin/../lib/gcc/arm-none-eabi/12.1.0/../../../../arm-none-eabi/lib/thumb/libg.a(lib_a-strncpy.o)
                0x00000000020157a4                strncpy
 .text._strtoll_l.constprop.0
                0x000000000201580c      0x1a0 /opt/devkitpro/devkitARM/bin/../lib/gcc/arm-none-eabi/12.1.0/../../../../arm-none-eabi/lib/thumb/libg.a(lib_a-strtoll.o)
 .text._strtoll_r
                0x00000000020159ac        0xc /opt/devkitpro/devkitARM/bin/../lib/gcc/arm-none-eabi/12.1.0/../../../../arm-none-eabi/lib/thumb/libg.a(lib_a-strtoll.o)
                0x00000000020159ac                _strtoll_r
 .text._strtol_l.part.0
                0x00000000020159b8      0x144 /opt/devkitpro/devkitARM/bin/../lib/gcc/arm-none-eabi/12.1.0/../../../../arm-none-eabi/lib/thumb/libg.a(lib_a-strtol.o)
 .text._strtol_r
                0x0000000002015afc       0x20 /opt/devkitpro/devkitARM/bin/../lib/gcc/arm-none-eabi/12.1.0/../../../../arm-none-eabi/lib/thumb/libg.a(lib_a-strtol.o)
                0x0000000002015afc                _strtol_r
 .text._strtoull_l.constprop.0
                0x0000000002015b1c      0x1bc /opt/devkitpro/devkitARM/bin/../lib/gcc/arm-none-eabi/12.1.0/../../../../arm-none-eabi/lib/thumb/libg.a(lib_a-strtoull.o)
 .text._strtoull_r
                0x0000000002015cd8        0xc /opt/devkitpro/devkitARM/bin/../lib/gcc/arm-none-eabi/12.1.0/../../../../arm-none-eabi/lib/thumb/libg.a(lib_a-strtoull.o)
                0x0000000002015cd8                _strtoull_r
 .text._strtoul_l.constprop.0
                0x0000000002015ce4      0x144 /opt/devkitpro/devkitARM/bin/../lib/gcc/arm-none-eabi/12.1.0/../../../../arm-none-eabi/lib/thumb/libg.a(lib_a-strtoul.o)
 .text._strtoul_r
                0x0000000002015e28        0xc /opt/devkitpro/devkitARM/bin/../lib/gcc/arm-none-eabi/12.1.0/../../../../arm-none-eabi/lib/thumb/libg.a(lib_a-strtoul.o)
                0x0000000002015e28                _strtoul_r
 .text.__ssprint_r
                0x0000000002015e34      0x120 /opt/devkitpro/devkitARM/bin/../lib/gcc/arm-none-eabi/12.1.0/../../../../arm-none-eabi/lib/thumb/libg.a(lib_a-svfiprintf.o)
                0x0000000002015e34                __ssprint_r
 .text._wcsnrtombs_l
                0x0000000002015f54      0x11c /opt/devkitpro/devkitARM/bin/../lib/gcc/arm-none-eabi/12.1.0/../../../../arm-none-eabi/lib/thumb/libg.a(lib_a-wcsnrtombs.o)
                0x0000000002015f54                _wcsnrtombs_l
 .text._wcsnrtombs_r
                0x0000000002016070       0x30 /opt/devkitpro/devkitARM/bin/../lib/gcc/arm-none-eabi/12.1.0/../../../../arm-none-eabi/lib/thumb/libg.a(lib_a-wcsnrtombs.o)
                0x0000000002016070                _wcsnrtombs_r
 .text.__utf8_wctomb
                0x00000000020160a0       0xb4 /opt/devkitpro/devkitARM/bin/../lib/gcc/arm-none-eabi/12.1.0/../../../../arm-none-eabi/lib/thumb/libg.a(lib_a-wctomb_r.o)
                0x00000000020160a0                __utf8_wctomb
 .text.__assert_func
                0x0000000002016154       0x40 /opt/devkitpro/devkitARM/bin/../lib/gcc/arm-none-eabi/12.1.0/../../../../arm-none-eabi/lib/thumb/libg.a(lib_a-assert.o)
                0x0000000002016154                __assert_func
 .text._calloc_r
                0x0000000002016194       0xb8 /opt/devkitpro/devkitARM/bin/../lib/gcc/arm-none-eabi/12.1.0/../../../../arm-none-eabi/lib/thumb/libg.a(lib_a-callocr.o)
                0x0000000002016194                _calloc_r
 .text.__errno  0x000000000201624c        0xc /opt/devkitpro/devkitARM/bin/../lib/gcc/arm-none-eabi/12.1.0/../../../../arm-none-eabi/lib/thumb/libg.a(lib_a-errno.o)
                0x000000000201624c                __errno
 .text.fiprintf
                0x0000000002016258       0x28 /opt/devkitpro/devkitARM/bin/../lib/gcc/arm-none-eabi/12.1.0/../../../../arm-none-eabi/lib/thumb/libg.a(lib_a-fiprintf.o)
                0x0000000002016258                fiprintf
 .text.iswspace_l
                0x0000000002016280       0x2c /opt/devkitpro/devkitARM/bin/../lib/gcc/arm-none-eabi/12.1.0/../../../../arm-none-eabi/lib/thumb/libg.a(lib_a-iswspace_l.o)
                0x0000000002016280                iswspace_l
 .text.__jp2uc  0x00000000020162ac      0x14c /opt/devkitpro/devkitARM/bin/../lib/gcc/arm-none-eabi/12.1.0/../../../../arm-none-eabi/lib/thumb/libg.a(lib_a-jp2uc.o)
 .text._jp2uc_l
                0x00000000020163f8       0x6c /opt/devkitpro/devkitARM/bin/../lib/gcc/arm-none-eabi/12.1.0/../../../../arm-none-eabi/lib/thumb/libg.a(lib_a-jp2uc.o)
                0x00000000020163f8                _jp2uc_l
 .text.strncmp  0x0000000002016464       0x78 /opt/devkitpro/devkitARM/bin/../lib/gcc/arm-none-eabi/12.1.0/../../../../arm-none-eabi/lib/thumb/libg.a(lib_a-strncmp.o)
                0x0000000002016464                strncmp
 .text.abort    0x00000000020164dc       0x10 /opt/devkitpro/devkitARM/bin/../lib/gcc/arm-none-eabi/12.1.0/../../../../arm-none-eabi/lib/thumb/libg.a(lib_a-abort.o)
                0x00000000020164dc                abort
 .text.category
                0x00000000020164ec       0x54 /opt/devkitpro/devkitARM/bin/../lib/gcc/arm-none-eabi/12.1.0/../../../../arm-none-eabi/lib/thumb/libg.a(lib_a-categories.o)
                0x00000000020164ec                category
 .text._raise_r
                0x0000000002016540       0x60 /opt/devkitpro/devkitARM/bin/../lib/gcc/arm-none-eabi/12.1.0/../../../../arm-none-eabi/lib/thumb/libg.a(lib_a-signal.o)
                0x0000000002016540                _raise_r
 .text.raise    0x00000000020165a0       0x14 /opt/devkitpro/devkitARM/bin/../lib/gcc/arm-none-eabi/12.1.0/../../../../arm-none-eabi/lib/thumb/libg.a(lib_a-signal.o)
                0x00000000020165a0                raise
 .text.null_write
                0x00000000020165b4        0x4 /opt/devkitpro/devkitARM/bin/../lib/gcc/arm-none-eabi/12.1.0/../../../../arm-none-eabi/lib/thumb/libsysbase.a(iosupport.o)
 .text.FindDevice
                0x00000000020165b8       0x98 /opt/devkitpro/devkitARM/bin/../lib/gcc/arm-none-eabi/12.1.0/../../../../arm-none-eabi/lib/thumb/libsysbase.a(iosupport.o)
                0x00000000020165b8                FindDevice
 .text._fstat_r
                0x0000000002016650       0x4c /opt/devkitpro/devkitARM/bin/../lib/gcc/arm-none-eabi/12.1.0/../../../../arm-none-eabi/lib/thumb/libsysbase.a(fstat.o)
                0x0000000002016650                _fstat_r
 .text._getpid_r
                0x000000000201669c        0xc /opt/devkitpro/devkitARM/bin/../lib/gcc/arm-none-eabi/12.1.0/../../../../arm-none-eabi/lib/thumb/libsysbase.a(getpid.o)
                0x000000000201669c                _getpid_r
 .text._isatty_r
                0x00000000020166a8        0x4 /opt/devkitpro/devkitARM/bin/../lib/gcc/arm-none-eabi/12.1.0/../../../../arm-none-eabi/lib/thumb/libsysbase.a(isatty.o)
                0x00000000020166a8                _isatty_r
 .text._kill_r  0x00000000020166ac        0xc /opt/devkitpro/devkitARM/bin/../lib/gcc/arm-none-eabi/12.1.0/../../../../arm-none-eabi/lib/thumb/libsysbase.a(kill.o)
                0x00000000020166ac                _kill_r
 .text._lseek_r
                0x00000000020166b8       0x5c /opt/devkitpro/devkitARM/bin/../lib/gcc/arm-none-eabi/12.1.0/../../../../arm-none-eabi/lib/thumb/libsysbase.a(lseek.o)
                0x00000000020166b8                _lseek_r
 .text._open_r  0x0000000002016714       0x98 /opt/devkitpro/devkitARM/bin/../lib/gcc/arm-none-eabi/12.1.0/../../../../arm-none-eabi/lib/thumb/libsysbase.a(open.o)
                0x0000000002016714                _open_r
 .text._read_r  0x00000000020167ac       0x50 /opt/devkitpro/devkitARM/bin/../lib/gcc/arm-none-eabi/12.1.0/../../../../arm-none-eabi/lib/thumb/libsysbase.a(read.o)
                0x00000000020167ac                _read_r
 .text._sbrk_r  0x00000000020167fc       0x54 /opt/devkitpro/devkitARM/bin/../lib/gcc/arm-none-eabi/12.1.0/../../../../arm-none-eabi/lib/thumb/libsysbase.a(sbrk.o)
                0x00000000020167fc                _sbrk_r
 .text._write_r
                0x0000000002016850       0x50 /opt/devkitpro/devkitARM/bin/../lib/gcc/arm-none-eabi/12.1.0/../../../../arm-none-eabi/lib/thumb/libsysbase.a(write.o)
                0x0000000002016850                _write_r
 .text._exit    0x00000000020168a0       0x14 /opt/devkitpro/devkitARM/bin/../lib/gcc/arm-none-eabi/12.1.0/../../../../arm-none-eabi/lib/thumb/libsysbase.a(_exit.o)
                0x00000000020168a0                _exit
 .text.build_argv
                0x00000000020168b4       0x4c /opt/devkitpro/devkitARM/bin/../lib/gcc/arm-none-eabi/12.1.0/../../../../arm-none-eabi/lib/thumb/libsysbase.a(build_argv.o)
                0x00000000020168b4                build_argv
 .text.__flockfile
                0x0000000002016900       0x10 /opt/devkitpro/devkitARM/bin/../lib/gcc/arm-none-eabi/12.1.0/../../../../arm-none-eabi/lib/thumb/libsysbase.a(flock.o)
                0x0000000002016900                __flockfile
 .text.__funlockfile
                0x0000000002016910       0x10 /opt/devkitpro/devkitARM/bin/../lib/gcc/arm-none-eabi/12.1.0/../../../../arm-none-eabi/lib/thumb/libsysbase.a(flock.o)
                0x0000000002016910                __funlockfile
 .text.__release_handle
                0x0000000002016920       0x68 /opt/devkitpro/devkitARM/bin/../lib/gcc/arm-none-eabi/12.1.0/../../../../arm-none-eabi/lib/thumb/libsysbase.a(handle_manager.o)
                0x0000000002016920                __release_handle
 .text.__alloc_handle
                0x0000000002016988       0x7c /opt/devkitpro/devkitARM/bin/../lib/gcc/arm-none-eabi/12.1.0/../../../../arm-none-eabi/lib/thumb/libsysbase.a(handle_manager.o)
                0x0000000002016988                __alloc_handle
 .text.__get_handle
                0x0000000002016a04       0x34 /opt/devkitpro/devkitARM/bin/../lib/gcc/arm-none-eabi/12.1.0/../../../../arm-none-eabi/lib/thumb/libsysbase.a(handle_manager.o)
                0x0000000002016a04                __get_handle
 .text._close_r
                0x0000000002016a38       0xb8 /opt/devkitpro/devkitARM/bin/../lib/gcc/arm-none-eabi/12.1.0/../../../../arm-none-eabi/lib/thumb/libsysbase.a(handle_manager.o)
                0x0000000002016a38                _close_r
 .text.__getreent
                0x0000000002016af0       0x20 /opt/devkitpro/devkitARM/bin/../lib/gcc/arm-none-eabi/12.1.0/../../../../arm-none-eabi/lib/thumb/libsysbase.a(getreent.o)
                0x0000000002016af0                __getreent
 .text.__libc_lock_acquire
                0x0000000002016b10       0x18 /opt/devkitpro/devkitARM/bin/../lib/gcc/arm-none-eabi/12.1.0/../../../../arm-none-eabi/lib/thumb/libsysbase.a(syscall_support.o)
                0x0000000002016b10                __libc_lock_acquire
 .text.__libc_lock_release
                0x0000000002016b28       0x18 /opt/devkitpro/devkitARM/bin/../lib/gcc/arm-none-eabi/12.1.0/../../../../arm-none-eabi/lib/thumb/libsysbase.a(syscall_support.o)
                0x0000000002016b28                __libc_lock_release
 .text.__libc_lock_init_recursive
                0x0000000002016b40       0x18 /opt/devkitpro/devkitARM/bin/../lib/gcc/arm-none-eabi/12.1.0/../../../../arm-none-eabi/lib/thumb/libsysbase.a(syscall_support.o)
                0x0000000002016b40                __libc_lock_init_recursive
 .text.__libc_lock_acquire_recursive
                0x0000000002016b58       0x18 /opt/devkitpro/devkitARM/bin/../lib/gcc/arm-none-eabi/12.1.0/../../../../arm-none-eabi/lib/thumb/libsysbase.a(syscall_support.o)
                0x0000000002016b58                __libc_lock_acquire_recursive
 .text.__libc_lock_release_recursive
                0x0000000002016b70       0x18 /opt/devkitpro/devkitARM/bin/../lib/gcc/arm-none-eabi/12.1.0/../../../../arm-none-eabi/lib/thumb/libsysbase.a(syscall_support.o)
                0x0000000002016b70                __libc_lock_release_recursive
 .text.__libc_lock_close_recursive
                0x0000000002016b88       0x18 /opt/devkitpro/devkitARM/bin/../lib/gcc/arm-none-eabi/12.1.0/../../../../arm-none-eabi/lib/thumb/libsysbase.a(syscall_support.o)
                0x0000000002016b88                __libc_lock_close_recursive
 .text.__muldi3
                0x0000000002016ba0       0x64 /opt/devkitpro/devkitARM/bin/../lib/gcc/arm-none-eabi/12.1.0/thumb/libgcc.a(_muldi3.o)
                0x0000000002016ba0                __aeabi_lmul
                0x0000000002016ba0                __muldi3
 .text.__udivmoddi4
                0x0000000002016c04      0x19c /opt/devkitpro/devkitARM/bin/../lib/gcc/arm-none-eabi/12.1.0/thumb/libgcc.a(_udivmoddi4.o)
                0x0000000002016c04                __udivmoddi4
 .text.__udivmoddi4.__stub
                0x0000000002016da0      0x130 linker stubs
 *(EXCLUDE_FILE(*.twl*) .gnu.warning)
 *(EXCLUDE_FILE(*.twl*) .gnu.linkonce.t*)
 *(.glue_7)
 .glue_7        0x0000000002016ee0        0x0 linker stubs
 *(.glue_7t)
 .glue_7t       0x0000000002016ee0        0x0 linker stubs
                0x0000000002016ee0                . = ALIGN (0x4)

.vfp11_veneer   0x0000000002016ee0        0x0
 .vfp11_veneer  0x0000000002016ee0        0x0 linker stubs

.v4_bx          0x0000000002016ee0        0x0
 .v4_bx         0x0000000002016ee0        0x0 linker stubs

.iplt           0x0000000002016ee0        0x0
 .iplt          0x0000000002016ee0        0x0 /opt/devkitpro/devkitARM/bin/../lib/gcc/arm-none-eabi/12.1.0/../../../../arm-none-eabi/lib/thumb/ds_arm9_crt0.o

.iwram          0x0000000002016ee0      0x788
 .iwram         0x0000000002016ee0      0x740 MaxModExample.o
                0x0000000002016ee0                vblank_interrupt
                0x0000000002016eec                draw_pattern
                0x0000000002017030                play_column
                0x0000000002017530                timer3_interrupt
                0x0000000002017580                gpio_interrupt
                0x00000000020175d0                serial_interrupt
 .iwram.__stub  0x0000000002017620       0x48 linker stubs

.fini           0x0000000002017668        0xc
 *(.fini)
 .fini          0x0000000002017668        0x4 /opt/devkitpro/devkitARM/bin/../lib/gcc/arm-none-eabi/12.1.0/thumb/crti.o
                0x0000000002017668                _fini
 .fini          0x000000000201766c        0x8 /opt/devkitpro/devkitARM/bin/../lib/gcc/arm-none-eabi/12.1.0/thumb/crtn.o
                0x0000000002017674                __text_end = .

.rodata         0x0000000002017678   0x2824b4
 *(EXCLUDE_FILE(*.twl*) .rodata)
 .rodata        0x0000000002017678      0x1a4 MaxModExample.o
                0x00000000020176f4                pitch_table
                0x0000000002017758                note_table
                0x0000000002017774                palettes
 *all.rodata*(*)
 *(EXCLUDE_FILE(*.twl*) .roda)
 *(EXCLUDE_FILE(*.twl*) .rodata.*)
 .rodata.soundbank_bin
                0x000000000201781c   0x2786d8 soundbank.bin.o
                0x000000000201781c                soundbank_bin
                0x000000000228fef4                soundbank_bin_end
 .rodata.str1.4
                0x000000000228fef4      0x926 MaxModExample.o
                                        0x946 (size before relaxing)
 *fill*         0x000000000229081a        0x2 ff
 .rodata.con_write.str1.4
                0x000000000229081c       0x30 /opt/devkitpro/libnds/lib/libnds9.a(console.o)
 .rodata.con_write
                0x000000000229084c       0xd4 /opt/devkitpro/libnds/lib/libnds9.a(console.o)
 .rodata.str1.4
                0x0000000002290920       0x14 /opt/devkitpro/libnds/lib/libnds9.a(console.o)
 .rodata.dotab_stdout
                0x0000000002290934       0x70 /opt/devkitpro/libnds/lib/libnds9.a(console.o)
 .rodata.default_font_bin
                0x00000000022909a4     0x2000 /opt/devkitpro/libnds/lib/libnds9.a(default_font.bin.o)
                0x00000000022909a4                default_font_bin
                0x00000000022929a4                default_font_bin_end
 .rodata.SIN_LUT
                0x00000000022929a4      0x102 /opt/devkitpro/libnds/lib/libnds9.a(trig.o)
                0x00000000022929a4                SIN_LUT
 *fill*         0x0000000002292aa6        0x2 ff
 .rodata._global_impure_ptr
                0x0000000002292aa8        0x4 /opt/devkitpro/devkitARM/bin/../lib/gcc/arm-none-eabi/12.1.0/../../../../arm-none-eabi/lib/thumb/libg.a(lib_a-impure.o)
                0x0000000002292aa8                _global_impure_ptr
 .rodata.basefix.0
                0x0000000002292aac       0x22 /opt/devkitpro/devkitARM/bin/../lib/gcc/arm-none-eabi/12.1.0/../../../../arm-none-eabi/lib/thumb/libg.a(lib_a-svfiscanf.o)
 .rodata._svfprintf_r.str1.1
                0x0000000002292ace       0x3b /opt/devkitpro/devkitARM/bin/../lib/gcc/arm-none-eabi/12.1.0/../../../../arm-none-eabi/lib/thumb/libg.a(lib_a-svfprintf.o)
 *fill*         0x0000000002292b09        0x3 ff
 .rodata.zeroes.0
                0x0000000002292b0c       0x10 /opt/devkitpro/devkitARM/bin/../lib/gcc/arm-none-eabi/12.1.0/../../../../arm-none-eabi/lib/thumb/libg.a(lib_a-svfprintf.o)
 .rodata.blanks.1
                0x0000000002292b1c       0x10 /opt/devkitpro/devkitARM/bin/../lib/gcc/arm-none-eabi/12.1.0/../../../../arm-none-eabi/lib/thumb/libg.a(lib_a-svfprintf.o)
 .rodata._vfiprintf_r.str1.1
                0x0000000002292b2c       0x29 /opt/devkitpro/devkitARM/bin/../lib/gcc/arm-none-eabi/12.1.0/../../../../arm-none-eabi/lib/thumb/libg.a(lib_a-vfiprintf.o)
 .rodata.zeroes.0
                0x0000000002292b2c       0x10 /opt/devkitpro/devkitARM/bin/../lib/gcc/arm-none-eabi/12.1.0/../../../../arm-none-eabi/lib/thumb/libg.a(lib_a-vfiprintf.o)
 .rodata.blanks.1
                0x0000000002292b3c       0x10 /opt/devkitpro/devkitARM/bin/../lib/gcc/arm-none-eabi/12.1.0/../../../../arm-none-eabi/lib/thumb/libg.a(lib_a-vfiprintf.o)
 .rodata._vfprintf_r.str1.1
                0x0000000002292b4c       0x3b /opt/devkitpro/devkitARM/bin/../lib/gcc/arm-none-eabi/12.1.0/../../../../arm-none-eabi/lib/thumb/libg.a(lib_a-vfprintf.o)
 .rodata.zeroes.0
                0x0000000002292b4c       0x10 /opt/devkitpro/devkitARM/bin/../lib/gcc/arm-none-eabi/12.1.0/../../../../arm-none-eabi/lib/thumb/libg.a(lib_a-vfprintf.o)
 .rodata.blanks.1
                0x0000000002292b5c       0x10 /opt/devkitpro/devkitARM/bin/../lib/gcc/arm-none-eabi/12.1.0/../../../../arm-none-eabi/lib/thumb/libg.a(lib_a-vfprintf.o)
 .rodata._ctype_
                0x0000000002292b6c      0x101 /opt/devkitpro/devkitARM/bin/../lib/gcc/arm-none-eabi/12.1.0/../../../../arm-none-eabi/lib/thumb/libg.a(lib_a-ctype_.o)
                0x0000000002292b6c                _ctype_
 *fill*         0x0000000002292c6d        0x3 ff
 .rodata._dtoa_r.str1.4
                0x0000000002292c70       0x6d /opt/devkitpro/devkitARM/bin/../lib/gcc/arm-none-eabi/12.1.0/../../../../arm-none-eabi/lib/thumb/libg.a(lib_a-dtoa.o)
 *fill*         0x0000000002292cdd        0x3 ff
 .rodata.str1.4
                0x0000000002292ce0       0x48 /opt/devkitpro/devkitARM/bin/../lib/gcc/arm-none-eabi/12.1.0/../../../../arm-none-eabi/lib/thumb/libg.a(lib_a-locale.o)
                                         0x4c (size before relaxing)
 .rodata._mbrtowc_r.str1.4
                0x0000000002292d28        0x1 /opt/devkitpro/devkitARM/bin/../lib/gcc/arm-none-eabi/12.1.0/../../../../arm-none-eabi/lib/thumb/libg.a(lib_a-mbrtowc.o)
 .rodata.__multadd.str1.4
                0x0000000002292d28       0x46 /opt/devkitpro/devkitARM/bin/../lib/gcc/arm-none-eabi/12.1.0/../../../../arm-none-eabi/lib/thumb/libg.a(lib_a-mprec.o)
                                         0x5a (size before relaxing)
 *fill*         0x0000000002292d6e        0x2 ff
 .rodata.p05.0  0x0000000002292d70        0xc /opt/devkitpro/devkitARM/bin/../lib/gcc/arm-none-eabi/12.1.0/../../../../arm-none-eabi/lib/thumb/libg.a(lib_a-mprec.o)
 *fill*         0x0000000002292d7c        0x4 ff
 .rodata.__mprec_bigtens
                0x0000000002292d80       0x28 /opt/devkitpro/devkitARM/bin/../lib/gcc/arm-none-eabi/12.1.0/../../../../arm-none-eabi/lib/thumb/libg.a(lib_a-mprec.o)
                0x0000000002292d80                __mprec_bigtens
 .rodata.__mprec_tens
                0x0000000002292da8       0xc8 /opt/devkitpro/devkitARM/bin/../lib/gcc/arm-none-eabi/12.1.0/../../../../arm-none-eabi/lib/thumb/libg.a(lib_a-mprec.o)
                0x0000000002292da8                __mprec_tens
 .rodata.__action_table
                0x0000000002292e70       0x6c /opt/devkitpro/devkitARM/bin/../lib/gcc/arm-none-eabi/12.1.0/../../../../arm-none-eabi/lib/thumb/libg.a(lib_a-svfiprintf.o)
                0x0000000002292e70                __action_table
 .rodata.__state_table
                0x0000000002292edc       0x6c /opt/devkitpro/devkitARM/bin/../lib/gcc/arm-none-eabi/12.1.0/../../../../arm-none-eabi/lib/thumb/libg.a(lib_a-svfiprintf.o)
                0x0000000002292edc                __state_table
 .rodata.__chclass
                0x0000000002292f48      0x100 /opt/devkitpro/devkitARM/bin/../lib/gcc/arm-none-eabi/12.1.0/../../../../arm-none-eabi/lib/thumb/libg.a(lib_a-svfiprintf.o)
                0x0000000002292f48                __chclass
 .rodata.__assert_func.str1.4
                0x0000000002293048       0x3f /opt/devkitpro/devkitARM/bin/../lib/gcc/arm-none-eabi/12.1.0/../../../../arm-none-eabi/lib/thumb/libg.a(lib_a-assert.o)
                                         0x43 (size before relaxing)
 *fill*         0x0000000002293087        0x1 ff
 .rodata.__jp2uc
                0x0000000002293088       0x20 /opt/devkitpro/devkitARM/bin/../lib/gcc/arm-none-eabi/12.1.0/../../../../arm-none-eabi/lib/thumb/libg.a(lib_a-jp2uc.o)
 .rodata._jp2uc_l.str1.4
                0x00000000022930a8       0x12 /opt/devkitpro/devkitARM/bin/../lib/gcc/arm-none-eabi/12.1.0/../../../../arm-none-eabi/lib/thumb/libg.a(lib_a-jp2uc.o)
 *fill*         0x00000000022930ba        0x2 ff
 .rodata.d02f4  0x00000000022930bc     0x1a7c /opt/devkitpro/devkitARM/bin/../lib/gcc/arm-none-eabi/12.1.0/../../../../arm-none-eabi/lib/thumb/libg.a(lib_a-jp2uc.o)
 .rodata.b02cf  0x0000000002294b38     0x172a /opt/devkitpro/devkitARM/bin/../lib/gcc/arm-none-eabi/12.1.0/../../../../arm-none-eabi/lib/thumb/libg.a(lib_a-jp2uc.o)
 *fill*         0x0000000002296262        0x2 ff
 .rodata.a8     0x0000000002296264       0x40 /opt/devkitpro/devkitARM/bin/../lib/gcc/arm-none-eabi/12.1.0/../../../../arm-none-eabi/lib/thumb/libg.a(lib_a-jp2uc.o)
 .rodata.a7     0x00000000022962a4       0xa2 /opt/devkitpro/devkitARM/bin/../lib/gcc/arm-none-eabi/12.1.0/../../../../arm-none-eabi/lib/thumb/libg.a(lib_a-jp2uc.o)
 *fill*         0x0000000002296346        0x2 ff
 .rodata.a6     0x0000000002296348       0x70 /opt/devkitpro/devkitARM/bin/../lib/gcc/arm-none-eabi/12.1.0/../../../../arm-none-eabi/lib/thumb/libg.a(lib_a-jp2uc.o)
 .rodata.a3     0x00000000022963b8       0x5b /opt/devkitpro/devkitARM/bin/../lib/gcc/arm-none-eabi/12.1.0/../../../../arm-none-eabi/lib/thumb/libg.a(lib_a-jp2uc.o)
 *fill*         0x0000000002296413        0x1 ff
 .rodata.a2     0x0000000002296414       0xbc /opt/devkitpro/devkitARM/bin/../lib/gcc/arm-none-eabi/12.1.0/../../../../arm-none-eabi/lib/thumb/libg.a(lib_a-jp2uc.o)
 .rodata.a1     0x00000000022964d0       0xbc /opt/devkitpro/devkitARM/bin/../lib/gcc/arm-none-eabi/12.1.0/../../../../arm-none-eabi/lib/thumb/libg.a(lib_a-jp2uc.o)
 .rodata.categories
                0x000000000229658c     0x3528 /opt/devkitpro/devkitARM/bin/../lib/gcc/arm-none-eabi/12.1.0/../../../../arm-none-eabi/lib/thumb/libg.a(lib_a-categories.o)
 .rodata.AddDevice.str1.4
                0x0000000002299ab4        0x8 /opt/devkitpro/devkitARM/bin/../lib/gcc/arm-none-eabi/12.1.0/../../../../arm-none-eabi/lib/thumb/libsysbase.a(iosupport.o)
 .rodata.dotab_stdnull
                0x0000000002299abc       0x70 /opt/devkitpro/devkitARM/bin/../lib/gcc/arm-none-eabi/12.1.0/../../../../arm-none-eabi/lib/thumb/libsysbase.a(iosupport.o)
                0x0000000002299abc                dotab_stdnull
 *(EXCLUDE_FILE(*.twl*) .gnu.linkonce.r*)
                0x0000000002299b2c                . = ALIGN (0x4)

.ARM.extab
 *(.ARM.extab* .gnu.linkonce.armextab.*)
                0x0000000002299b2c                __exidx_start = .

ARM.exidx
 *(.ARM.exidx* .gnu.linkonce.armexidx.*)
                0x0000000002299b2c                __exidx_end = .
                0x0000000002299b2c                . = ALIGN (0x4)
                0x0000000002299b2c                PROVIDE (__preinit_array_start = .)

.preinit_array
 *(.preinit_array)
                0x0000000002299b2c                PROVIDE (__preinit_array_end = .)
                0x0000000002299b2c                PROVIDE (__init_array_start = .)

.init_array     0x0000000002299b2c        0x4
 *(SORT_BY_NAME(.init_array.*))
 *(.init_array)
 .init_array    0x0000000002299b2c        0x4 /opt/devkitpro/devkitARM/bin/../lib/gcc/arm-none-eabi/12.1.0/thumb/crtbegin.o
                0x0000000002299b30                PROVIDE (__init_array_end = .)
                [!provide]                        PROVIDE (__fini_array_start = .)

.fini_array     0x0000000002299b30        0x4
 *(.fini_array)
 .fini_array    0x0000000002299b30        0x4 /opt/devkitpro/devkitARM/bin/../lib/gcc/arm-none-eabi/12.1.0/thumb/crtbegin.o
 *(SORT_BY_NAME(.fini_array.*))
                [!provide]                        PROVIDE (__fini_array_end = .)

.ctors          0x0000000002299b34        0x0
 *crtbegin.o(.ctors)
 *(EXCLUDE_FILE(*crtend.o) .ctors)
 *(SORT_BY_NAME(.ctors.*))
 *(.ctors)
                0x0000000002299b34                . = ALIGN (0x4)

.dtors          0x0000000002299b34        0x0
 *crtbegin.o(.dtors)
 *(EXCLUDE_FILE(*crtend.o) .dtors)
 *(SORT_BY_NAME(.dtors.*))
 *(.dtors)
                0x0000000002299b34                . = ALIGN (0x4)

.eh_frame       0x0000000002299b34        0x4
 *(.eh_frame)
 .eh_frame      0x0000000002299b34        0x0 /opt/devkitpro/devkitARM/bin/../lib/gcc/arm-none-eabi/12.1.0/thumb/crtbegin.o
 .eh_frame      0x0000000002299b34        0x4 /opt/devkitpro/devkitARM/bin/../lib/gcc/arm-none-eabi/12.1.0/thumb/crtend.o
                0x0000000002299b38                . = ALIGN (0x4)

.rel.dyn        0x0000000002299b38        0x0
 .rel.iplt      0x0000000002299b38        0x0 /opt/devkitpro/devkitARM/bin/../lib/gcc/arm-none-eabi/12.1.0/../../../../arm-none-eabi/lib/thumb/ds_arm9_crt0.o

.gcc_except_table
                0x0000000002299b38        0x0
 *(.gcc_except_table)
                0x0000000002299b38                . = ALIGN (0x4)

.jcr
 *(.jcr)

.got
 *(.got.plt)
 *(.got)
 *(.rel.got)

.ewram          0x0000000002299b38        0x0
                0x0000000002299b38                __ewram_start = ABSOLUTE (.)
 *(.ewram)
 *ewram.*(.text)
                0x0000000002299b38                . = ALIGN (0x4)

.data           0x0000000002299b38     0x1c50
                0x0000000002299b38                __data_start = ABSOLUTE (.)
 *(EXCLUDE_FILE(*.twl*) .data)
 .data          0x0000000002299b38       0xc0 MaxModExample.o
                0x0000000002299b38                current_column
                0x0000000002299b3c                less_columns
                0x0000000002299b40                IALimit
                0x0000000002299b44                rouge
                0x0000000002299b48                blanc
                0x0000000002299b4c                vert
                0x0000000002299b50                jaune
                0x0000000002299b54                play_next
                0x0000000002299b58                status_text
                0x0000000002299b7c                violet
                0x0000000002299b80                cyan
                0x0000000002299b84                gbSoundDecay
                0x0000000002299b88                bpmFolies
                0x0000000002299ba4                pan_string
                0x0000000002299bb0                loop_mode_text
                0x0000000002299bb8                sync_mode_text
                0x0000000002299bd0                help_text
                0x0000000002299be0                sram
                0x0000000002299be4                bleu
                0x0000000002299be8                gris
                0x0000000002299bec                IABpm
                0x0000000002299bf0                randomEnCours
                0x0000000002299bf4                ymod
 .data          0x0000000002299bf8       0x28 /opt/devkitpro/libnds/lib/libnds9.a(mpu_setup.o)
 *(EXCLUDE_FILE(*.twl*) .data.*)
 .data.currentConsole
                0x0000000002299c20        0x4 /opt/devkitpro/libnds/lib/libnds9.a(console.o)
                0x0000000002299c20                currentConsole
 .data.defaultConsole
                0x0000000002299c24       0x5c /opt/devkitpro/libnds/lib/libnds9.a(console.o)
                0x0000000002299c24                defaultConsole
 .data.firstConsoleInit.0
                0x0000000002299c80        0x1 /opt/devkitpro/libnds/lib/libnds9.a(console.o)
 .data.count    0x0000000002299c81        0x1 /opt/devkitpro/libnds/lib/libnds9.a(keys.o)
 .data.delay    0x0000000002299c82        0x1 /opt/devkitpro/libnds/lib/libnds9.a(keys.o)
 .data.repeat   0x0000000002299c83        0x1 /opt/devkitpro/libnds/lib/libnds9.a(keys.o)
 .data.fifo_buffer_free
                0x0000000002299c84        0x4 /opt/devkitpro/libnds/lib/libnds9.a(fifosystem.o)
                0x0000000002299c84                fifo_buffer_free
 .data.fifo_freewords
                0x0000000002299c88        0x4 /opt/devkitpro/libnds/lib/libnds9.a(fifosystem.o)
                0x0000000002299c88                fifo_freewords
 .data.fifo_receive_queue
                0x0000000002299c8c        0x4 /opt/devkitpro/libnds/lib/libnds9.a(fifosystem.o)
                0x0000000002299c8c                fifo_receive_queue
 .data.fifo_send_queue
                0x0000000002299c90        0x4 /opt/devkitpro/libnds/lib/libnds9.a(fifosystem.o)
                0x0000000002299c90                fifo_send_queue
 .data.bgControl
                0x0000000002299c94       0x20 /opt/devkitpro/libnds/lib/libnds9.a(background.o)
                0x0000000002299c94                bgControl
 .data.bgScrollTable
                0x0000000002299cb4       0x20 /opt/devkitpro/libnds/lib/libnds9.a(background.o)
                0x0000000002299cb4                bgScrollTable
 .data.bgTransform
                0x0000000002299cd4       0x20 /opt/devkitpro/libnds/lib/libnds9.a(background.o)
                0x0000000002299cd4                bgTransform
 .data._impure_ptr
                0x0000000002299cf4        0x4 /opt/devkitpro/devkitARM/bin/../lib/gcc/arm-none-eabi/12.1.0/../../../../arm-none-eabi/lib/thumb/libg.a(lib_a-impure.o)
                0x0000000002299cf4                _impure_ptr
 .data.impure_data
                0x0000000002299cf8      0x460 /opt/devkitpro/devkitARM/bin/../lib/gcc/arm-none-eabi/12.1.0/../../../../arm-none-eabi/lib/thumb/libg.a(lib_a-impure.o)
 .data.__malloc_sbrk_base
                0x000000000229a158        0x4 /opt/devkitpro/devkitARM/bin/../lib/gcc/arm-none-eabi/12.1.0/../../../../arm-none-eabi/lib/thumb/libg.a(lib_a-mallocr.o)
                0x000000000229a158                __malloc_sbrk_base
 .data.__malloc_trim_threshold
                0x000000000229a15c        0x4 /opt/devkitpro/devkitARM/bin/../lib/gcc/arm-none-eabi/12.1.0/../../../../arm-none-eabi/lib/thumb/libg.a(lib_a-mallocr.o)
                0x000000000229a15c                __malloc_trim_threshold
 .data.__malloc_av_
                0x000000000229a160      0x408 /opt/devkitpro/devkitARM/bin/../lib/gcc/arm-none-eabi/12.1.0/../../../../arm-none-eabi/lib/thumb/libg.a(lib_a-mallocr.o)
                0x000000000229a160                __malloc_av_
 .data.__global_locale
                0x000000000229a568      0x16c /opt/devkitpro/devkitARM/bin/../lib/gcc/arm-none-eabi/12.1.0/../../../../arm-none-eabi/lib/thumb/libg.a(lib_a-locale.o)
                0x000000000229a568                __global_locale
 .data.devoptab_list
                0x000000000229a6d4       0x8c /opt/devkitpro/devkitARM/bin/../lib/gcc/arm-none-eabi/12.1.0/../../../../arm-none-eabi/lib/thumb/libsysbase.a(iosupport.o)
                0x000000000229a6d4                devoptab_list
 .data.defaultDevice
                0x000000000229a760        0x4 /opt/devkitpro/devkitARM/bin/../lib/gcc/arm-none-eabi/12.1.0/../../../../arm-none-eabi/lib/thumb/libsysbase.a(iosupport.o)
 .data.handles  0x000000000229a764     0x1000 /opt/devkitpro/devkitARM/bin/../lib/gcc/arm-none-eabi/12.1.0/../../../../arm-none-eabi/lib/thumb/libsysbase.a(handle_manager.o)
 .data.__stderr_handle
                0x000000000229b764        0xc /opt/devkitpro/devkitARM/bin/../lib/gcc/arm-none-eabi/12.1.0/../../../../arm-none-eabi/lib/thumb/libsysbase.a(handle_manager.o)
 .data.__stdout_handle
                0x000000000229b770        0xc /opt/devkitpro/devkitARM/bin/../lib/gcc/arm-none-eabi/12.1.0/../../../../arm-none-eabi/lib/thumb/libsysbase.a(handle_manager.o)
 .data.__stdin_handle
                0x000000000229b77c        0xc /opt/devkitpro/devkitARM/bin/../lib/gcc/arm-none-eabi/12.1.0/../../../../arm-none-eabi/lib/thumb/libsysbase.a(handle_manager.o)
 *(EXCLUDE_FILE(*.twl*) .gnu.linkonce.d*)
                0x000000000229b788                . = ALIGN (0x4)
                0x000000000229b788                __data_end = ABSOLUTE (.)
                0x000000000229b788                __bss_vma = .

.igot.plt       0x000000000229b788        0x0
 .igot.plt      0x000000000229b788        0x0 /opt/devkitpro/devkitARM/bin/../lib/gcc/arm-none-eabi/12.1.0/../../../../arm-none-eabi/lib/thumb/ds_arm9_crt0.o

.dtcm           0x0000000002ff0000        0x0 load address 0x000000000229b788
                0x000000000229b788                __dtcm_lma = LOADADDR (.dtcm)
                0x0000000002ff0000                __dtcm_start = ABSOLUTE (.)
 *(.dtcm)
 *(.dtcm.*)
                0x0000000002ff0000                . = ALIGN (0x4)
                0x0000000002ff0000                __dtcm_end = ABSOLUTE (.)

.itcm           0x0000000001000100      0x194 load address 0x000000000229b788
                0x000000000229b788                __itcm_lma = LOADADDR (.itcm)
                0x0000000001000100                __itcm_start = ABSOLUTE (.)
 *(.itcm)
 .itcm          0x0000000001000100       0xc8 /opt/devkitpro/libnds/lib/libnds9.a(interrupts.o)
                0x0000000001000100                irqTable
 .itcm          0x00000000010001c8       0xcc /opt/devkitpro/libnds/lib/libnds9.a(interruptDispatcher.o)
                0x00000000010001c8                IntrMain
 *.itcm*(.text .stub .text.*)
                0x0000000001000294                . = ALIGN (0x4)
                0x0000000001000294                __itcm_end = ABSOLUTE (.)

.vectors        0x0000000001000000        0x0 load address 0x000000000229b91c
                0x000000000229b91c                __vectors_lma = LOADADDR (.vectors)
                0x0000000001000000                __vectors_start = ABSOLUTE (.)
 *(.vectors .vectors.*)
                0x0000000001000000                . = ALIGN (0x4)
                0x0000000001000000                __vectors_end = ABSOLUTE (.)

.sbss           0x0000000002ff0000        0x0
                0x0000000002ff0000                __sbss_start = ABSOLUTE (.)
                0x0000000002ff0000                __sbss_start__ = ABSOLUTE (.)
 *(.sbss)
                0x0000000002ff0000                . = ALIGN (0x4)
                0x0000000002ff0000                __sbss_end = ABSOLUTE (.)

.bss            0x000000000229b788     0x15b4
                0x000000000229b788                __bss_start = ABSOLUTE (.)
                0x000000000229b788                __bss_start__ = ABSOLUTE (.)
 *(EXCLUDE_FILE(*.twl*) .dynbss)
 *(EXCLUDE_FILE(*.twl*) .gnu.linkonce.b*)
 *(EXCLUDE_FILE(*.twl*) .bss*)
 .bss.completed.1
                0x000000000229b788        0x1 /opt/devkitpro/devkitARM/bin/../lib/gcc/arm-none-eabi/12.1.0/thumb/crtbegin.o
 *fill*         0x000000000229b789        0x3 
 .bss.object.0  0x000000000229b78c       0x18 /opt/devkitpro/devkitARM/bin/../lib/gcc/arm-none-eabi/12.1.0/thumb/crtbegin.o
 .bss           0x000000000229b7a4      0x8c0 MaxModExample.o
                0x000000000229b7a4                draw_flag
                0x000000000229b7a8                xmod
                0x000000000229b7ac                last_column
                0x000000000229b7b0                last_xmod
                0x000000000229b7b4                topScreen
                0x000000000229b810                millis_between_ticks
                0x000000000229b814                current_song
                0x000000000229b818                ticks
                0x000000000229b81c                tocks
                0x000000000229b820                tours
                0x000000000229b824                step
                0x000000000229b828                randVolOne
                0x000000000229b82c                randVolTwo
                0x000000000229b830                IAAutoCymbal
                0x000000000229b834                IARandom
                0x000000000229b838                current_pattern_index
                0x000000000229b83c                order_buff
                0x000000000229b840                globalPitch
                0x000000000229b844                superLiveMod
                0x000000000229b848                active_sounds
                0x000000000229b860                syncDSMode
                0x000000000229b864                typeOfSyncs
                0x000000000229b868                current_screen
                0x000000000229b86c                cursor_x
                0x000000000229b870                cursor_y
                0x000000000229b874                order_index
                0x000000000229b878                order_page
                0x000000000229b87c                string_buff
                0x000000000229b8b0                status
                0x000000000229b8b4                playing_pattern_index
                0x000000000229b8b8                pas
                0x000000000229b8bc                iaChangeRandom
                0x000000000229b8c0                iaPreviousPatern
                0x000000000229b8c4                bpmIaAugmented
                0x000000000229b8c8                bpmFoliesActivated
                0x000000000229b8cc                bpmAugmentedSecondTurn
                0x000000000229b8d0                randBpmFolies
                0x000000000229b8d4                valueBpmFolies
                0x000000000229b8d8                play
                0x000000000229b8dc                current_ticks
                0x000000000229b8e0                tick_or_tock
                0x000000000229b8e4                name_index
                0x000000000229b8e8                bottomPrinted
                0x000000000229b8ec                touch
                0x000000000229b8f8                bottomScreen
                0x000000000229b954                autoLoopPattern
                0x000000000229b958                touchedBtn
                0x000000000229b95c                countColons
                0x000000000229b960                soundsInCurrentPattern
                0x000000000229b964                changedPatternOne
                0x000000000229b968                lfo_shift
                0x000000000229b96c                lfo_freq
                0x000000000229b970                sine_freq
                0x000000000229b974                lfo
                0x000000000229b978                sine
                0x000000000229b97c                soundsInPattern
                0x000000000229ba44                unSurCombien
                0x000000000229ba48                streamChange
                0x000000000229ba4c                streamOpen
                0x000000000229ba50                gbSoundStatus
                0x000000000229ba54                sound
                0x000000000229ba58                alternateVol
                0x000000000229ba5c                pattern_buff
                0x000000000229c05c                current_pattern
                0x000000000229c060                serial_ticks
 .bss           0x000000000229c064       0x18 /opt/devkitpro/libnds/lib/libmm9.a(mm_comms.o)
 .bss           0x000000000229c07c       0x19 /opt/devkitpro/libnds/lib/libmm9.a(mm_main9.o)
                0x000000000229c07c                mmcbMemory
                0x000000000229c080                mmModuleCount
                0x000000000229c084                mmSampleCount
                0x000000000229c088                mmModuleBank
                0x000000000229c088                mmMemoryBank
                0x000000000229c08c                mmSampleBank
                0x000000000229c090                mmCallback
                0x000000000229c094                mmActiveStatus
 *fill*         0x000000000229c095        0x3 
 .bss           0x000000000229c098       0x44 /opt/devkitpro/libnds/lib/libmm9.a(mm_soundbank.o)
 .bss.currentCopy
                0x000000000229c0dc       0x5c /opt/devkitpro/libnds/lib/libnds9.a(console.o)
                0x000000000229c0dc                currentCopy
 .bss.keys      0x000000000229c138        0x2 /opt/devkitpro/libnds/lib/libnds9.a(keys.o)
 .bss.keysold   0x000000000229c13a        0x2 /opt/devkitpro/libnds/lib/libnds9.a(keys.o)
 .bss.keysrepeat
                0x000000000229c13c        0x2 /opt/devkitpro/libnds/lib/libnds9.a(keys.o)
 .bss.__dsimode
                0x000000000229c13e        0x1 /opt/devkitpro/libnds/lib/libnds9.a(initSystem.o)
                0x000000000229c13e                __dsimode
 *fill*         0x000000000229c13f        0x1 
 .bss.punixTime
                0x000000000229c140        0x4 /opt/devkitpro/libnds/lib/libnds9.a(initSystem.o)
                0x000000000229c140                punixTime
 .bss.fifo_address_data
                0x000000000229c144       0x40 /opt/devkitpro/libnds/lib/libnds9.a(fifosystem.o)
                0x000000000229c144                fifo_address_data
 .bss.fifo_address_func
                0x000000000229c184       0x40 /opt/devkitpro/libnds/lib/libnds9.a(fifosystem.o)
                0x000000000229c184                fifo_address_func
 .bss.fifo_address_queue
                0x000000000229c1c4       0x40 /opt/devkitpro/libnds/lib/libnds9.a(fifosystem.o)
                0x000000000229c1c4                fifo_address_queue
 .bss.fifo_buffer
                0x000000000229c204      0x800 /opt/devkitpro/libnds/lib/libnds9.a(fifosystem.o)
                0x000000000229c204                fifo_buffer
 .bss.fifo_data_queue
                0x000000000229ca04       0x40 /opt/devkitpro/libnds/lib/libnds9.a(fifosystem.o)
                0x000000000229ca04                fifo_data_queue
 .bss.fifo_datamsg_data
                0x000000000229ca44       0x40 /opt/devkitpro/libnds/lib/libnds9.a(fifosystem.o)
                0x000000000229ca44                fifo_datamsg_data
 .bss.fifo_datamsg_func
                0x000000000229ca84       0x40 /opt/devkitpro/libnds/lib/libnds9.a(fifosystem.o)
                0x000000000229ca84                fifo_datamsg_func
 .bss.fifo_value32_data
                0x000000000229cac4       0x40 /opt/devkitpro/libnds/lib/libnds9.a(fifosystem.o)
                0x000000000229cac4                fifo_value32_data
 .bss.fifo_value32_func
                0x000000000229cb04       0x40 /opt/devkitpro/libnds/lib/libnds9.a(fifosystem.o)
                0x000000000229cb04                fifo_value32_func
 .bss.fifo_value32_queue
                0x000000000229cb44       0x40 /opt/devkitpro/libnds/lib/libnds9.a(fifosystem.o)
                0x000000000229cb44                fifo_value32_queue
 .bss.processing
                0x000000000229cb84        0x4 /opt/devkitpro/libnds/lib/libnds9.a(fifosystem.o)
                0x000000000229cb84                processing
 .bss.bgIsTextLut
                0x000000000229cb88        0x8 /opt/devkitpro/libnds/lib/libnds9.a(background.o)
                0x000000000229cb88                bgIsTextLut
 .bss.bgState   0x000000000229cb90      0x140 /opt/devkitpro/libnds/lib/libnds9.a(background.o)
                0x000000000229cb90                bgState
 .bss.SDcallback
                0x000000000229ccd0        0x4 /opt/devkitpro/libnds/lib/libnds9.a(system.o)
 .bss.__sinit_recursive_mutex
                0x000000000229ccd4        0xc /opt/devkitpro/devkitARM/bin/../lib/gcc/arm-none-eabi/12.1.0/../../../../arm-none-eabi/lib/thumb/libg.a(lib_a-findfp.o)
 .bss.__sfp_recursive_mutex
                0x000000000229cce0        0xc /opt/devkitpro/devkitARM/bin/../lib/gcc/arm-none-eabi/12.1.0/../../../../arm-none-eabi/lib/thumb/libg.a(lib_a-findfp.o)
 .bss.__malloc_current_mallinfo
                0x000000000229ccec       0x28 /opt/devkitpro/devkitARM/bin/../lib/gcc/arm-none-eabi/12.1.0/../../../../arm-none-eabi/lib/thumb/libg.a(lib_a-mallocr.o)
                0x000000000229ccec                __malloc_current_mallinfo
 .bss.__malloc_max_total_mem
                0x000000000229cd14        0x4 /opt/devkitpro/devkitARM/bin/../lib/gcc/arm-none-eabi/12.1.0/../../../../arm-none-eabi/lib/thumb/libg.a(lib_a-mallocr.o)
                0x000000000229cd14                __malloc_max_total_mem
 .bss.__malloc_max_sbrked_mem
                0x000000000229cd18        0x4 /opt/devkitpro/devkitARM/bin/../lib/gcc/arm-none-eabi/12.1.0/../../../../arm-none-eabi/lib/thumb/libg.a(lib_a-mallocr.o)
                0x000000000229cd18                __malloc_max_sbrked_mem
 .bss.__malloc_top_pad
                0x000000000229cd1c        0x4 /opt/devkitpro/devkitARM/bin/../lib/gcc/arm-none-eabi/12.1.0/../../../../arm-none-eabi/lib/thumb/libg.a(lib_a-mallocr.o)
                0x000000000229cd1c                __malloc_top_pad
 .bss.__malloc_recursive_mutex
                0x000000000229cd20        0xc /opt/devkitpro/devkitARM/bin/../lib/gcc/arm-none-eabi/12.1.0/../../../../arm-none-eabi/lib/thumb/libg.a(lib_a-mlock.o)
 .bss.heap_start.0
                0x000000000229cd2c        0x4 /opt/devkitpro/devkitARM/bin/../lib/gcc/arm-none-eabi/12.1.0/../../../../arm-none-eabi/lib/thumb/libsysbase.a(sbrk.o)
 .bss.fake_heap_start
                0x000000000229cd30        0x4 /opt/devkitpro/devkitARM/bin/../lib/gcc/arm-none-eabi/12.1.0/../../../../arm-none-eabi/lib/thumb/libsysbase.a(malloc_vars.o)
                0x000000000229cd30                fake_heap_start
 .bss.fake_heap_end
                0x000000000229cd34        0x4 /opt/devkitpro/devkitARM/bin/../lib/gcc/arm-none-eabi/12.1.0/../../../../arm-none-eabi/lib/thumb/libsysbase.a(malloc_vars.o)
                0x000000000229cd34                fake_heap_end
 .bss.__hndl_lock
                0x000000000229cd38        0x4 /opt/devkitpro/devkitARM/bin/../lib/gcc/arm-none-eabi/12.1.0/../../../../arm-none-eabi/lib/thumb/libsysbase.a(handle_manager.o)
 *(EXCLUDE_FILE(*.twl*) COMMON)
                0x000000000229cd3c                . = ALIGN (0x4)
                0x000000000229cd3c                __bss_end__ = ABSOLUTE (.)
                0x000000000229cd3c                __end__ = ABSOLUTE (.)

.twl            0x000000000229cd3c        0x0 load address 0x0000000002400000
                0x0000000002400000                __arm9i_lma__ = LOADADDR (.twl)