Archive member included to satisfy reference by file (symbol)

/opt/devkitpro/libnds/lib/libmm9.a(mm_comms.o)
                              rootDrumMachineDS.o (mmStart)
/opt/devkitpro/libnds/lib/libmm9.a(mm_memory.o)
                              rootDrumMachineDS.o (mmLoad)
/opt/devkitpro/libnds/lib/libmm9.a(mm_main9.o)
                              /opt/devkitpro/libnds/lib/libmm9.a(mm_memory.o) (mmcbMemory)
/opt/devkitpro/libnds/lib/libmm9.a(mm_soundbank.o)
                              /opt/devkitpro/libnds/lib/libmm9.a(mm_main9.o) (mmSoundBankInMemory)
/opt/devkitpro/libnds/lib/libmm9.a(mm_flusher.o)
                              /opt/devkitpro/libnds/lib/libmm9.a(mm_memory.o) (mmFlushBank)
/opt/devkitpro/libnds/lib/libnds9.a(touch.o)
                              rootDrumMachineDS.o (touchRead)
/opt/devkitpro/libnds/lib/libnds9.a(console.o)
                              rootDrumMachineDS.o (consoleSelect)
/opt/devkitpro/libnds/lib/libnds9.a(keys.o)
                              rootDrumMachineDS.o (scanKeys)
/opt/devkitpro/libnds/lib/libnds9.a(initSystem.o)
                              /opt/devkitpro/devkitARM/bin/../lib/gcc/arm-none-eabi/12.1.0/../../../../arm-none-eabi/lib/thumb/ds_arm9_crt0.o (initSystem)
/opt/devkitpro/libnds/lib/libnds9.a(securearea.o)
                              /opt/devkitpro/devkitARM/bin/../lib/gcc/arm-none-eabi/12.1.0/../../../../arm-none-eabi/lib/thumb/ds_arm9_crt0.o (__secure_area__)
/opt/devkitpro/libnds/lib/libnds9.a(interrupts.o)
                              rootDrumMachineDS.o (irqSet)
/opt/devkitpro/libnds/lib/libnds9.a(libnds_exit.arm.o)
                              /opt/devkitpro/devkitARM/bin/../lib/gcc/arm-none-eabi/12.1.0/../../../../arm-none-eabi/lib/thumb/ds_arm9_crt0.o (__libnds_exit)
/opt/devkitpro/libnds/lib/libnds9.a(fifosystem.o)
                              /opt/devkitpro/libnds/lib/libmm9.a(mm_comms.o) (fifoSetValue32Handler)
/opt/devkitpro/libnds/lib/libnds9.a(mpu_setup.o)
                              /opt/devkitpro/devkitARM/bin/../lib/gcc/arm-none-eabi/12.1.0/../../../../arm-none-eabi/lib/thumb/ds_arm9_crt0.o (__libnds_mpu_setup)
/opt/devkitpro/libnds/lib/libnds9.a(IntrWait.o)
                              /opt/devkitpro/libnds/lib/libnds9.a(fifosystem.o) (swiIntrWait)
/opt/devkitpro/libnds/lib/libnds9.a(cpu_clock.o)
                              /opt/devkitpro/libnds/lib/libnds9.a(initSystem.o) (setCpuClock)
/opt/devkitpro/libnds/lib/libnds9.a(interruptDispatcher.o)
                              /opt/devkitpro/libnds/lib/libnds9.a(interrupts.o) (IntrMain)
/opt/devkitpro/libnds/lib/libnds9.a(debugprint.o)
                              /opt/devkitpro/libnds/lib/libnds9.a(console.o) (nocashWrite)
/opt/devkitpro/libnds/lib/libnds9.a(swiSoftReset.o)
                              /opt/devkitpro/libnds/lib/libnds9.a(fifosystem.o) (swiSoftReset)
/opt/devkitpro/libnds/lib/libnds9.a(default_font.bin.o)
                              /opt/devkitpro/libnds/lib/libnds9.a(console.o) (default_font_bin)
/opt/devkitpro/libnds/lib/libnds9.a(background.o)
                              /opt/devkitpro/libnds/lib/libnds9.a(console.o) (bgState)
/opt/devkitpro/libnds/lib/libnds9.a(trig.o)
                              /opt/devkitpro/libnds/lib/libnds9.a(background.o) (sinLerp)
/opt/devkitpro/libnds/lib/libnds9.a(video.o)
                              /opt/devkitpro/libnds/lib/libnds9.a(initSystem.o) (vramDefault)
/opt/devkitpro/libnds/lib/libnds9.a(system.o)
                              /opt/devkitpro/libnds/lib/libnds9.a(initSystem.o) (systemValueHandler)
/opt/devkitpro/libnds/lib/libnds9.a(biosCalls.o)
                              /opt/devkitpro/libnds/lib/libnds9.a(system.o) (swiDelay)
/opt/devkitpro/devkitARM/bin/../lib/gcc/arm-none-eabi/12.1.0/thumb/libgcc.a(_arm_muldf3.o)
                              rootDrumMachineDS.o (__aeabi_dmul)
/opt/devkitpro/devkitARM/bin/../lib/gcc/arm-none-eabi/12.1.0/thumb/libgcc.a(_arm_mulsf3.o)
                              rootDrumMachineDS.o (__aeabi_fmul)
/opt/devkitpro/devkitARM/bin/../lib/gcc/arm-none-eabi/12.1.0/thumb/libgcc.a(_udivsi3.o)
                              rootDrumMachineDS.o (__aeabi_uidiv)
/opt/devkitpro/devkitARM/bin/../lib/gcc/arm-none-eabi/12.1.0/thumb/libgcc.a(_divsi3.o)
                              rootDrumMachineDS.o (__aeabi_idiv)
/opt/devkitpro/devkitARM/bin/../lib/gcc/arm-none-eabi/12.1.0/thumb/libgcc.a(_dvmd_tls.o)
                              /opt/devkitpro/devkitARM/bin/../lib/gcc/arm-none-eabi/12.1.0/thumb/libgcc.a(_udivsi3.o) (__aeabi_idiv0)
/opt/devkitpro/devkitARM/bin/../lib/gcc/arm-none-eabi/12.1.0/thumb/libgcc.a(_arm_addsubdf3.o)
                              rootDrumMachineDS.o (__aeabi_ui2d)
/opt/devkitpro/devkitARM/bin/../lib/gcc/arm-none-eabi/12.1.0/thumb/libgcc.a(_arm_muldivdf3.o)
                              rootDrumMachineDS.o (__aeabi_ddiv)
/opt/devkitpro/devkitARM/bin/../lib/gcc/arm-none-eabi/12.1.0/thumb/libgcc.a(_arm_fixdfsi.o)
[...]
Memory Configuration

Name             Origin             Length             Attributes
ewram            0x0000000002000000 0x0000000000380000
dtcm             0x0000000002ff0000 0x0000000000004000
vectors          0x0000000001000000 0x0000000000000100
itcm             0x0000000001000100 0x0000000000007f00
*default*        0x0000000000000000 0xffffffffffffffff

Linker script and memory map

                0x0000000002380000                __ewram_end = (ORIGIN (ewram) + LENGTH (ewram))
                0x0000000002380000                __eheap_end = (ORIGIN (ewram) + LENGTH (ewram))
                0x0000000002ff4000                __dtcm_top = (ORIGIN (dtcm) + LENGTH (dtcm))
                0x0000000002ff3ff8                __irq_flags = (__dtcm_top - 0x8)
                0x0000000002ff3ffc                __irq_vector = (__dtcm_top - 0x4)
                0x0000000002ff3f00                __sp_svc = (__dtcm_top - 0x100)
                0x0000000002ff3e00                __sp_irq = (__sp_svc - 0x100)
                0x0000000002ff3d00                __sp_usr = (__sp_irq - 0x100)

.secure         0x0000000002000000      0x800
 *(.secure)
 .secure        0x0000000002000000      0x800 /opt/devkitpro/libnds/lib/libnds9.a(securearea.o)
                0x0000000002000000                __secure_area__

.crt0           0x0000000002000800      0x300
                0x0000000002000800                __text_start = .
 *(.crt0)
 .crt0          0x0000000002000800      0x300 /opt/devkitpro/devkitARM/bin/../lib/gcc/arm-none-eabi/12.1.0/../../../../arm-none-eabi/lib/thumb/ds_arm9_crt0.o
                0x0000000002000800                _start
                0x0000000002000b00                . = ALIGN (0x4)

.plt
 *(.plt)

.init           0x0000000002000b00        0xc
 *(SORT_NONE(.init))
 .init          0x0000000002000b00        0x4 /opt/devkitpro/devkitARM/bin/../lib/gcc/arm-none-eabi/12.1.0/thumb/crti.o
                0x0000000002000b00                _init
 .init          0x0000000002000b04        0x8 /opt/devkitpro/devkitARM/bin/../lib/gcc/arm-none-eabi/12.1.0/thumb/crtn.o

.text           0x0000000002000b10    0x199b0
 *(EXCLUDE_FILE(*.twl* *.vectors* *.itcm*) .text)
 .text          0x0000000002000b10     0x7668 rootDrumMachineDS.o
                0x0000000002000dec                handleTapTempo
                0x0000000002000e4c                updateTapTempo
                0x0000000002000e64                choisirEcran
                0x0000000002000e90                set_bpm_to_millis
                0x0000000002000eb4                set_shuffle
                0x0000000002000ee8                setup_timers
                0x0000000002000f24                update_timers
                0x0000000002000f4c                enable_serial_interrupt
                0x0000000002000f84                disable_serial_interrupt
                0x0000000002000fa0                enable_trig_interrupt
                0x0000000002000fd0                disable_trig_interrupt
                0x0000000002000fec                playNote
                0x0000000002001028                set_module_position
                0x000000000200103c                modPlay
                0x0000000002001130                init_song
                0x0000000002001214                print_random
                0x0000000002001244                rand_samples
                0x0000000002001294                clear_pattern
                0x00000000020012e4                copy_pattern
                0x0000000002001314                paste_pattern
                0x0000000002001344                copy_order
                0x0000000002001358                paste_order
                0x0000000002001368                on_stream_request
                0x000000000200136c                play_sample
                0x000000000200149c                play_sample_sync
                0x00000000020014d0                play_sound
                0x000000000200158c                play_rythm_sample
                0x00000000020015c4                define_palettes
                0x0000000002001658                clear_screen
                0x000000000200165c                put_character
                0x0000000002001660                put_string
                0x00000000020016dc                set_palette
                0x00000000020016f8                dessiner_char
                0x000000000200173c                dessiner_int
                0x0000000002001780                draw_cursor
                0x00000000020019c4                draw_cell_status
                0x0000000002001c60                custom_draw_pv
                0x0000000002001f74                move_cursor
                0x0000000002001fac                draw_column_cursor
                0x0000000002001fc0                clear_last_song_cursor
                0x0000000002001fd4                clear_last_song_queued_cursor
                0x0000000002002048                draw_song_queued_cursor
                0x00000000020020bc                draw_song_cursor
                0x00000000020020d0                clear_song_cursor
                0x0000000002002134                draw_status
                0x0000000002002138                draw_temp_status
                0x0000000002002154                set_status
                0x0000000002002160                draw_bpm_pattern
                0x00000000020023cc                custom_redessiner_all_seq_polyrhythm
                0x00000000020025ec                custom_redessiner_seq
                0x000000000200277c                draw_song
                0x00000000020028c8                draw_samples
                0x0000000002002970                draw_settings
                0x0000000002002aa0                draw_help
                0x0000000002002ad4                draw_screen
                0x0000000002002b0c                find_chain_start
                0x0000000002002b40                stop_song
                0x0000000002002c28                play_pattern
                0x0000000002002c6c                play_song
                0x0000000002002d64                is_empty_pattern
                0x0000000002002db0                set_patterns_data
                0x0000000002002e04                set_orders_data
                0x0000000002002e2c                file_option_save
                0x0000000002002f10                file_option_load
                0x0000000002002fe4                randomize_pattern
                0x00000000020030d0                rand_pattern
                0x0000000002003194                next_column
                0x00000000020033b8                samples_menu
                0x000000000200360c                settings_menu
                0x0000000002003ab8                update_time
                0x0000000002003ac8                process_input
                0x00000000020080d8                setup_interrupts
                0x00000000020080fc                setup_display
                0x0000000002008110                change_bpm
 .text          0x0000000002008178      0x24c /opt/devkitpro/libnds/lib/libmm9.a(mm_comms.o)
                0x0000000002008178                mmSetupComms
                0x00000000020081ca                mmSendBank
                0x00000000020081d4                mmLockChannels
                0x00000000020081da                mmUnlockChannels
                0x00000000020081e0                mmStart
                0x00000000020081ea                mmPause
                0x00000000020081ee                mmResume
                0x00000000020081f2                mmStop
                0x00000000020081f6                mmPosition
                0x00000000020081fa                mmJingle
                0x00000000020081fe                mmSetModuleVolume
                0x0000000002008202                mmSetJingleVolume
                0x0000000002008206                mmSetModuleTempo
                0x000000000200820a                mmSetModulePitch
                0x000000000200820e                mmSetEffectsVolume
                0x0000000002008212                mmSelectMode
                0x0000000002008216                mmStreamBegin
                0x000000000200822a                mmStreamEnd
                0x0000000002008280                mmEffect
                0x00000000020082a4                mmEffectVolume
                0x00000000020082a8                mmEffectPanning
                0x00000000020082ac                mmEffectRate
                0x00000000020082b6                mmEffectScaleRate
                0x00000000020082c0                mmEffectRelease
                0x00000000020082c6                mmEffectCancel
                0x00000000020082cc                mmEffectEx
                0x000000000200830a                mmEffectCancelAll
                0x000000000200830e                mmReverbEnable
                0x0000000002008312                mmReverbDisable
                0x0000000002008316                mmReverbConfigure
                0x0000000002008372                mmReverbStart
                0x0000000002008376                mmReverbStop
 .text          0x00000000020083c4      0x120 /opt/devkitpro/libnds/lib/libmm9.a(mm_memory.o)
                0x00000000020083c4                mmLoad
                0x0000000002008414                mmUnload
                0x000000000200846c                mmLoadEffect
                0x00000000020084a4                mmUnloadEffect
 .text          0x00000000020084e4      0x108 /opt/devkitpro/libnds/lib/libmm9.a(mm_main9.o)
                0x00000000020084e4                mmActive
                0x00000000020084ea                mmSetEventHandler
                0x00000000020084f0                mmInit
                0x000000000200851a                mmInitDefault
                0x0000000002008564                mmInitDefaultMem
                0x0000000002008586                mmSuspendIRQ_t
                0x00000000020085a4                mmRestoreIRQ_t
 .text          0x00000000020085ec      0x100 /opt/devkitpro/libnds/lib/libmm9.a(mm_soundbank.o)
                0x00000000020085ec                mmSoundBankInMemory
                0x00000000020085f4                mmSoundBankInFiles
                0x0000000002008606                mmSetCustomSoundBankHandler
                0x0000000002008632                mmsHandleFileOp
 .text          0x00000000020086ec       0x3c /opt/devkitpro/libnds/lib/libmm9.a(mm_flusher.o)
                0x00000000020086ec                mmFlushBank
 .text          0x0000000002008728      0x11c /opt/devkitpro/devkitARM/bin/../lib/gcc/arm-none-eabi/12.1.0/thumb/libgcc.a(_udivsi3.o)
                0x0000000002008728                __udivsi3
                0x0000000002008728                __aeabi_uidiv
                0x0000000002008824                __aeabi_uidivmod
 .text          0x0000000002008844      0x150 /opt/devkitpro/devkitARM/bin/../lib/gcc/arm-none-eabi/12.1.0/thumb/libgcc.a(_divsi3.o)
                0x0000000002008844                __aeabi_idiv
                0x0000000002008844                __divsi3
                0x0000000002008974                __aeabi_idivmod
 .text          0x0000000002008994        0x4 /opt/devkitpro/devkitARM/bin/../lib/gcc/arm-none-eabi/12.1.0/thumb/libgcc.a(_dvmd_tls.o)
                0x0000000002008994                __aeabi_ldiv0
                0x0000000002008994                __aeabi_idiv0
 .text          0x0000000002008998      0x424 /opt/devkitpro/devkitARM/bin/../lib/gcc/arm-none-eabi/12.1.0/thumb/libgcc.a(_arm_addsubdf3.o)
                0x0000000002008998                __aeabi_drsub
                0x00000000020089a0                __aeabi_dsub
                0x00000000020089a0                __subdf3
                0x00000000020089a4                __adddf3
                0x00000000020089a4                __aeabi_dadd
                0x0000000002008cb4                __aeabi_ui2d
                0x0000000002008cb4                __floatunsidf
                0x0000000002008cd8                __floatsidf
                0x0000000002008cd8                __aeabi_i2d
                0x0000000002008d00                __extendsfdf2
                0x0000000002008d00                __aeabi_f2d
                0x0000000002008d48                __aeabi_ul2d
                0x0000000002008d48                __floatundidf
                0x0000000002008d5c                __floatdidf
                0x0000000002008d5c                __aeabi_l2d
 .text          0x0000000002008dbc      0x49c /opt/devkitpro/devkitARM/bin/../lib/gcc/arm-none-eabi/12.1.0/thumb/libgcc.a(_arm_muldivdf3.o)
                0x0000000002008dbc                __aeabi_dmul
                0x0000000002008dbc                __muldf3
                0x000000000200904c                __aeabi_ddiv
                0x000000000200904c                __divdf3
 .text          0x0000000002009258       0x5c /opt/devkitpro/devkitARM/bin/../lib/gcc/arm-none-eabi/12.1.0/thumb/libgcc.a(_arm_fixdfsi.o)
                0x0000000002009258                __fixdfsi
                0x0000000002009258                __aeabi_d2iz
 .text          0x00000000020092b4       0x54 /opt/devkitpro/devkitARM/bin/../lib/gcc/arm-none-eabi/12.1.0/thumb/libgcc.a(_arm_fixunsdfsi.o)
                0x00000000020092b4                __fixunsdfsi
                0x00000000020092b4                __aeabi_d2uiz
 .text          0x0000000002009308      0x2ac /opt/devkitpro/devkitARM/bin/../lib/gcc/arm-none-eabi/12.1.0/thumb/libgcc.a(_arm_addsubsf3.o)
                0x0000000002009308                __aeabi_frsub
                0x0000000002009310                __subsf3
                0x0000000002009310                __aeabi_fsub
                0x0000000002009314                __aeabi_fadd
                0x0000000002009314                __addsf3
                0x00000000020094d0                __aeabi_ui2f
                0x00000000020094d0                __floatunsisf
                0x00000000020094d8                __aeabi_i2f
                0x00000000020094d8                __floatsisf
                0x00000000020094f8                __floatundisf
                0x00000000020094f8                __aeabi_ul2f
                0x0000000002009508                __floatdisf
                0x0000000002009508                __aeabi_l2f
 .text          0x00000000020095b4      0x2f8 /opt/devkitpro/devkitARM/bin/../lib/gcc/arm-none-eabi/12.1.0/thumb/libgcc.a(_arm_muldivsf3.o)
                0x00000000020095b4                __mulsf3
                0x00000000020095b4                __aeabi_fmul
                0x000000000200974c                __divsf3
                0x000000000200974c                __aeabi_fdiv
 .text          0x00000000020098ac      0x114 /opt/devkitpro/devkitARM/bin/../lib/gcc/arm-none-eabi/12.1.0/thumb/libgcc.a(_arm_cmpsf2.o)
                0x00000000020098ac                __gtsf2
                0x00000000020098ac                __gesf2
                0x00000000020098b4                __lesf2
                0x00000000020098b4                __ltsf2
                0x00000000020098bc                __nesf2
                0x00000000020098bc                __eqsf2
                0x00000000020098bc                __cmpsf2
                0x0000000002009920                __aeabi_cfrcmple
                0x0000000002009930                __aeabi_cfcmple
                0x0000000002009930                __aeabi_cfcmpeq
                0x0000000002009948                __aeabi_fcmpeq
                0x0000000002009960                __aeabi_fcmplt
                0x0000000002009978                __aeabi_fcmple
                0x0000000002009990                __aeabi_fcmpge
                0x00000000020099a8                __aeabi_fcmpgt
 .text          0x00000000020099c0       0x5c /opt/devkitpro/devkitARM/bin/../lib/gcc/arm-none-eabi/12.1.0/thumb/libgcc.a(_arm_fixsfsi.o)
                0x00000000020099c0                __fixsfsi
                0x00000000020099c0                __aeabi_f2iz
 .text          0x0000000002009a1c      0x224 /opt/devkitpro/devkitARM/bin/../lib/gcc/arm-none-eabi/12.1.0/../../../../arm-none-eabi/lib/thumb/libg.a(lib_a-strcmp.o)
                0x0000000002009a1c                strcmp
 .text          0x0000000002009c40       0x14 /opt/devkitpro/devkitARM/bin/../lib/gcc/arm-none-eabi/12.1.0/thumb/libgcc.a(_thumb1_case_uqi.o)
                0x0000000002009c40                __gnu_thumb1_case_uqi
 .text          0x0000000002009c54       0x14 /opt/devkitpro/devkitARM/bin/../lib/gcc/arm-none-eabi/12.1.0/thumb/libgcc.a(_thumb1_case_uhi.o)
                0x0000000002009c54                __gnu_thumb1_case_uhi
 .text          0x0000000002009c68      0x144 /opt/devkitpro/devkitARM/bin/../lib/gcc/arm-none-eabi/12.1.0/thumb/libgcc.a(_arm_cmpdf2.o)
                0x0000000002009c68                __gtdf2
                0x0000000002009c68                __gedf2
                0x0000000002009c70                __ltdf2
                0x0000000002009c70                __ledf2
                0x0000000002009c78                __cmpdf2
                0x0000000002009c78                __eqdf2
                0x0000000002009c78                __nedf2
                0x0000000002009d00                __aeabi_cdrcmple
                0x0000000002009d1c                __aeabi_cdcmple
                0x0000000002009d1c                __aeabi_cdcmpeq
                0x0000000002009d34                __aeabi_dcmpeq
                0x0000000002009d4c                __aeabi_dcmplt
                0x0000000002009d64                __aeabi_dcmple
                0x0000000002009d7c                __aeabi_dcmpge
                0x0000000002009d94                __aeabi_dcmpgt
 .text          0x0000000002009dac       0x38 /opt/devkitpro/devkitARM/bin/../lib/gcc/arm-none-eabi/12.1.0/thumb/libgcc.a(_arm_unorddf2.o)
                0x0000000002009dac                __aeabi_dcmpun
                0x0000000002009dac                __unorddf2
 .text          0x0000000002009de4       0x3c /opt/devkitpro/devkitARM/bin/../lib/gcc/arm-none-eabi/12.1.0/thumb/libgcc.a(_aeabi_uldivmod.o)
                0x0000000002009de4                __aeabi_uldivmod
 .text          0x0000000002009e20       0x28 /opt/devkitpro/devkitARM/bin/../lib/gcc/arm-none-eabi/12.1.0/thumb/libgcc.a(_clzdi2.o)
                0x0000000002009e20                __clzdi2
 .text          0x0000000002009e48       0x48 /opt/devkitpro/devkitARM/bin/../lib/gcc/arm-none-eabi/12.1.0/thumb/libgcc.a(_clzsi2.o)
                0x0000000002009e48                __clzsi2
 *(EXCLUDE_FILE(*.twl* *.vectors* *.itcm*) .stub)
 *(EXCLUDE_FILE(*.twl* *.vectors* *.itcm*) .text.*)
 .text.__do_global_dtors_aux
                0x0000000002009e90       0x2c /opt/devkitpro/devkitARM/bin/../lib/gcc/arm-none-eabi/12.1.0/thumb/crtbegin.o
 .text.frame_dummy
                0x0000000002009ebc       0x24 /opt/devkitpro/devkitARM/bin/../lib/gcc/arm-none-eabi/12.1.0/thumb/crtbegin.o
 .text.startup  0x0000000002009ee0      0x120 rootDrumMachineDS.o
                0x0000000002009ee0                main
 .text.touchRead
                0x000000000200a000       0x24 /opt/devkitpro/libnds/lib/libnds9.a(touch.o)
                0x000000000200a000                touchRead
 .text.newRow   0x000000000200a024       0xa8 /opt/devkitpro/libnds/lib/libnds9.a(console.o)
 .text.consoleSelect
                0x000000000200a0cc       0x10 /opt/devkitpro/libnds/lib/libnds9.a(console.o)
                0x000000000200a0cc                consoleSelect
 .text.consolePrintChar
                0x000000000200a0dc       0xe0 /opt/devkitpro/libnds/lib/libnds9.a(console.o)
                0x000000000200a0dc                consolePrintChar
 .text.con_write
                0x000000000200a1bc      0x36c /opt/devkitpro/libnds/lib/libnds9.a(console.o)
                0x000000000200a1bc                con_write
 .text.consoleLoadFont
                0x000000000200a528      0x2a0 /opt/devkitpro/libnds/lib/libnds9.a(console.o)
                0x000000000200a528                consoleLoadFont
 .text.consoleInit
                0x000000000200a7c8      0x18c /opt/devkitpro/libnds/lib/libnds9.a(console.o)
                0x000000000200a7c8                consoleInit
 .text.consoleDemoInit
                0x000000000200a954       0x40 /opt/devkitpro/libnds/lib/libnds9.a(console.o)
                0x000000000200a954                consoleDemoInit
 .text.scanKeys
                0x000000000200a994       0x8c /opt/devkitpro/libnds/lib/libnds9.a(keys.o)
                0x000000000200a994                scanKeys
 .text.keysHeld
                0x000000000200aa20        0xc /opt/devkitpro/libnds/lib/libnds9.a(keys.o)
                0x000000000200aa20                keysHeld
 .text.keysDown
                0x000000000200aa2c       0x14 /opt/devkitpro/libnds/lib/libnds9.a(keys.o)
                0x000000000200aa2c                keysDown
 .text.keysUp   0x000000000200aa40       0x18 /opt/devkitpro/libnds/lib/libnds9.a(keys.o)
                0x000000000200aa40                keysUp
 .text.__syscall_exit
                0x000000000200aa58        0x8 /opt/devkitpro/libnds/lib/libnds9.a(initSystem.o)
                0x000000000200aa58                __syscall_exit
 .text.initSystem
                0x000000000200aa60      0x180 /opt/devkitpro/libnds/lib/libnds9.a(initSystem.o)
                0x000000000200aa60                initSystem
 .text.irqDummy
                0x000000000200abe0        0x4 /opt/devkitpro/libnds/lib/libnds9.a(interrupts.o)
                0x000000000200abe0                irqDummy
 .text.irqSet   0x000000000200abe4       0x6c /opt/devkitpro/libnds/lib/libnds9.a(interrupts.o)
                0x000000000200abe4                irqSet
 .text.irqInit  0x000000000200ac50       0x50 /opt/devkitpro/libnds/lib/libnds9.a(interrupts.o)
                0x000000000200ac50                irqInit
 .text.irqEnable
                0x000000000200aca0       0x64 /opt/devkitpro/libnds/lib/libnds9.a(interrupts.o)
                0x000000000200aca0                irqEnable
 .text.irqDisable
                0x000000000200ad04       0x64 /opt/devkitpro/libnds/lib/libnds9.a(interrupts.o)
                0x000000000200ad04                irqDisable
 .text.systemErrorExit
                0x000000000200ad68        0x4 /opt/devkitpro/libnds/lib/libnds9.a(libnds_exit.arm.o)
                0x000000000200ad68                systemErrorExit
 .text.__libnds_exit
                0x000000000200ad6c       0x5c /opt/devkitpro/libnds/lib/libnds9.a(libnds_exit.arm.o)
                0x000000000200ad6c                __libnds_exit
 .text.fifo_queueBlock
                0x000000000200adc8       0x44 /opt/devkitpro/libnds/lib/libnds9.a(fifosystem.o)
 .text.fifo_waitBlock
                0x000000000200ae0c       0x80 /opt/devkitpro/libnds/lib/libnds9.a(fifosystem.o)
 .text.fifoInternalSend.part.0
                0x000000000200ae8c       0xd4 /opt/devkitpro/libnds/lib/libnds9.a(fifosystem.o)
 .text.fifoInternalSendInterrupt
                0x000000000200af60       0xb0 /opt/devkitpro/libnds/lib/libnds9.a(fifosystem.o)
 .text.fifoSetValue32Handler
                0x000000000200b010       0xd4 /opt/devkitpro/libnds/lib/libnds9.a(fifosystem.o)
                0x000000000200b010                fifoSetValue32Handler
 .text.fifoSendValue32
                0x000000000200b0e4       0x4c /opt/devkitpro/libnds/lib/libnds9.a(fifosystem.o)
                0x000000000200b0e4                fifoSendValue32
 .text.fifoSendDatamsg
                0x000000000200b130       0x90 /opt/devkitpro/libnds/lib/libnds9.a(fifosystem.o)
                0x000000000200b130                fifoSendDatamsg
 .text.fifoGetDatamsg
                0x000000000200b1c0       0xf4 /opt/devkitpro/libnds/lib/libnds9.a(fifosystem.o)
                0x000000000200b1c0                fifoGetDatamsg
 .text.fifoInternalRecvInterrupt
                0x000000000200b2b4      0x37c /opt/devkitpro/libnds/lib/libnds9.a(fifosystem.o)
 .text.fifoSetDatamsgHandler
                0x000000000200b630       0x9c /opt/devkitpro/libnds/lib/libnds9.a(fifosystem.o)
                0x000000000200b630                fifoSetDatamsgHandler
 .text.fifoInit
                0x000000000200b6cc      0x108 /opt/devkitpro/libnds/lib/libnds9.a(fifosystem.o)
                0x000000000200b6cc                fifoInit
 .text.__libnds_mpu_setup
                0x000000000200b7d4      0x174 /opt/devkitpro/libnds/lib/libnds9.a(mpu_setup.o)
                0x000000000200b7d4                __libnds_mpu_setup
 .text.memUncached
                0x000000000200b948       0x20 /opt/devkitpro/libnds/lib/libnds9.a(mpu_setup.o)
                0x000000000200b948                memUncached
 .text.swiIntrWait
                0x000000000200b968       0x70 /opt/devkitpro/libnds/lib/libnds9.a(IntrWait.o)
                0x000000000200b968                swiIntrWait
 .text.setCpuClock
                0x000000000200b9d8       0x50 /opt/devkitpro/libnds/lib/libnds9.a(cpu_clock.o)
                0x000000000200b9d8                setCpuClock
 .text.swiSoftReset
                0x000000000200ba28       0x2c /opt/devkitpro/libnds/lib/libnds9.a(swiSoftReset.o)
                0x000000000200ba28                swiSoftReset
 .text.checkIfText
                0x000000000200ba54       0x5c /opt/devkitpro/libnds/lib/libnds9.a(background.o)
                0x000000000200ba54                checkIfText
 .text.bgUpdate
                0x000000000200bab0       0xf4 /opt/devkitpro/libnds/lib/libnds9.a(background.o)
                0x000000000200bab0                bgUpdate
 .text.bgInit_call
                0x000000000200bba4       0xc4 /opt/devkitpro/libnds/lib/libnds9.a(background.o)
                0x000000000200bba4                bgInit_call
 .text.bgInitSub_call
                0x000000000200bc68       0xcc /opt/devkitpro/libnds/lib/libnds9.a(background.o)
                0x000000000200bc68                bgInitSub_call
 .text.sinLutLookup
                0x000000000200bd34       0x4c /opt/devkitpro/libnds/lib/libnds9.a(trig.o)
                0x000000000200bd34                sinLutLookup
 .text.sinLerp  0x000000000200bd80       0x40 /opt/devkitpro/libnds/lib/libnds9.a(trig.o)
                0x000000000200bd80                sinLerp
 .text.cosLerp  0x000000000200bdc0       0x4c /opt/devkitpro/libnds/lib/libnds9.a(trig.o)
                0x000000000200bdc0                cosLerp
 .text.vramDefault
                0x000000000200be0c       0xd0 /opt/devkitpro/libnds/lib/libnds9.a(video.o)
                0x000000000200be0c                vramDefault
 .text.systemValueHandler
                0x000000000200bedc       0x48 /opt/devkitpro/libnds/lib/libnds9.a(system.o)
                0x000000000200bedc                systemValueHandler
 .text.systemMsgHandler
                0x000000000200bf24       0x60 /opt/devkitpro/libnds/lib/libnds9.a(system.o)
                0x000000000200bf24                systemMsgHandler
 .text.powerOn  0x000000000200bf84       0x2c /opt/devkitpro/libnds/lib/libnds9.a(system.o)
                0x000000000200bf84                powerOn
 .text.swiDelay
                0x000000000200bfb0        0x4 /opt/devkitpro/libnds/lib/libnds9.a(biosCalls.o)
                0x000000000200bfb0                swiDelay
 .text._fclose_r
                0x000000000200bfb4       0xe4 /opt/devkitpro/devkitARM/bin/../lib/gcc/arm-none-eabi/12.1.0/../../../../arm-none-eabi/lib/thumb/libg.a(lib_a-fclose.o)
                0x000000000200bfb4                _fclose_r
 .text.fclose   0x000000000200c098       0x14 /opt/devkitpro/devkitARM/bin/../lib/gcc/arm-none-eabi/12.1.0/../../../../arm-none-eabi/lib/thumb/libg.a(lib_a-fclose.o)
                0x000000000200c098                fclose
 .text.__sflush_r
                0x000000000200c0ac      0x18c /opt/devkitpro/devkitARM/bin/../lib/gcc/arm-none-eabi/12.1.0/../../../../arm-none-eabi/lib/thumb/libg.a(lib_a-fflush.o)
                0x000000000200c0ac                __sflush_r
 .text._fflush_r
                0x000000000200c238       0x70 /opt/devkitpro/devkitARM/bin/../lib/gcc/arm-none-eabi/12.1.0/../../../../arm-none-eabi/lib/thumb/libg.a(lib_a-fflush.o)
                0x000000000200c238                _fflush_r
 .text.fflush   0x000000000200c2a8       0x2c /opt/devkitpro/devkitARM/bin/../lib/gcc/arm-none-eabi/12.1.0/../../../../arm-none-eabi/lib/thumb/libg.a(lib_a-fflush.o)
                0x000000000200c2a8                fflush
 .text._cleanup_r
                0x000000000200c2d4       0x14 /opt/devkitpro/devkitARM/bin/../lib/gcc/arm-none-eabi/12.1.0/../../../../arm-none-eabi/lib/thumb/libg.a(lib_a-findfp.o)
                0x000000000200c2d4                _cleanup_r
 .text.__sinit  0x000000000200c2e8      0x124 /opt/devkitpro/devkitARM/bin/../lib/gcc/arm-none-eabi/12.1.0/../../../../arm-none-eabi/lib/thumb/libg.a(lib_a-findfp.o)
                0x000000000200c2e8                __sinit
 .text.__sfp    0x000000000200c40c       0xd4 /opt/devkitpro/devkitARM/bin/../lib/gcc/arm-none-eabi/12.1.0/../../../../arm-none-eabi/lib/thumb/libg.a(lib_a-findfp.o)
                0x000000000200c40c                __sfp
 .text.__sfp_lock_acquire
                0x000000000200c4e0       0x14 /opt/devkitpro/devkitARM/bin/../lib/gcc/arm-none-eabi/12.1.0/../../../../arm-none-eabi/lib/thumb/libg.a(lib_a-findfp.o)
                0x000000000200c4e0                __sfp_lock_acquire
 .text.__sfp_lock_release
                0x000000000200c4f4       0x14 /opt/devkitpro/devkitARM/bin/../lib/gcc/arm-none-eabi/12.1.0/../../../../arm-none-eabi/lib/thumb/libg.a(lib_a-findfp.o)
                0x000000000200c4f4                __sfp_lock_release
 .text._fopen_r
                0x000000000200c508       0xbc /opt/devkitpro/devkitARM/bin/../lib/gcc/arm-none-eabi/12.1.0/../../../../arm-none-eabi/lib/thumb/libg.a(lib_a-fopen.o)
                0x000000000200c508                _fopen_r
 .text.fopen    0x000000000200c5c4       0x18 /opt/devkitpro/devkitARM/bin/../lib/gcc/arm-none-eabi/12.1.0/../../../../arm-none-eabi/lib/thumb/libg.a(lib_a-fopen.o)
                0x000000000200c5c4                fopen
 .text._fread_r
                0x000000000200c5dc      0x1e4 /opt/devkitpro/devkitARM/bin/../lib/gcc/arm-none-eabi/12.1.0/../../../../arm-none-eabi/lib/thumb/libg.a(lib_a-fread.o)
                0x000000000200c5dc                _fread_r
 .text.fread    0x000000000200c7c0       0x24 /opt/devkitpro/devkitARM/bin/../lib/gcc/arm-none-eabi/12.1.0/../../../../arm-none-eabi/lib/thumb/libg.a(lib_a-fread.o)
                0x000000000200c7c0                fread
 .text._malloc_trim_r
                0x000000000200c7e4       0xac /opt/devkitpro/devkitARM/bin/../lib/gcc/arm-none-eabi/12.1.0/../../../../arm-none-eabi/lib/thumb/libg.a(lib_a-freer.o)
                0x000000000200c7e4                _malloc_trim_r
 .text._free_r  0x000000000200c890      0x1d8 /opt/devkitpro/devkitARM/bin/../lib/gcc/arm-none-eabi/12.1.0/../../../../arm-none-eabi/lib/thumb/libg.a(lib_a-freer.o)
                0x000000000200c890                _free_r
 .text._fseek_r
                0x000000000200ca68       0x18 /opt/devkitpro/devkitARM/bin/../lib/gcc/arm-none-eabi/12.1.0/../../../../arm-none-eabi/lib/thumb/libg.a(lib_a-fseek.o)
                0x000000000200ca68                _fseek_r
 .text.fseek    0x000000000200ca80       0x24 /opt/devkitpro/devkitARM/bin/../lib/gcc/arm-none-eabi/12.1.0/../../../../arm-none-eabi/lib/thumb/libg.a(lib_a-fseek.o)
                0x000000000200ca80                fseek
 .text._fseeko_r
                0x000000000200caa4      0x410 /opt/devkitpro/devkitARM/bin/../lib/gcc/arm-none-eabi/12.1.0/../../../../arm-none-eabi/lib/thumb/libg.a(lib_a-fseeko.o)
                0x000000000200caa4                _fseeko_r
 .text._fwalk   0x000000000200ceb4       0x48 /opt/devkitpro/devkitARM/bin/../lib/gcc/arm-none-eabi/12.1.0/../../../../arm-none-eabi/lib/thumb/libg.a(lib_a-fwalk.o)
                0x000000000200ceb4                _fwalk
 .text._fwalk_reent
                0x000000000200cefc       0x50 /opt/devkitpro/devkitARM/bin/../lib/gcc/arm-none-eabi/12.1.0/../../../../arm-none-eabi/lib/thumb/libg.a(lib_a-fwalk.o)
                0x000000000200cefc                _fwalk_reent
 .text.__libc_init_array
                0x000000000200cf4c       0x54 /opt/devkitpro/devkitARM/bin/../lib/gcc/arm-none-eabi/12.1.0/../../../../arm-none-eabi/lib/thumb/libg.a(lib_a-init.o)
                0x000000000200cf4c                __libc_init_array
 .text.iprintf  0x000000000200cfa0       0x24 /opt/devkitpro/devkitARM/bin/../lib/gcc/arm-none-eabi/12.1.0/../../../../arm-none-eabi/lib/thumb/libg.a(lib_a-iprintf.o)
                0x000000000200cfa0                iprintf
 .text.__smakebuf_r
                0x000000000200cfc4       0xf0 /opt/devkitpro/devkitARM/bin/../lib/gcc/arm-none-eabi/12.1.0/../../../../arm-none-eabi/lib/thumb/libg.a(lib_a-makebuf.o)
                0x000000000200cfc4                __smakebuf_r
 .text.__swhatbuf_r
                0x000000000200d0b4       0x5c /opt/devkitpro/devkitARM/bin/../lib/gcc/arm-none-eabi/12.1.0/../../../../arm-none-eabi/lib/thumb/libg.a(lib_a-makebuf.o)
                0x000000000200d0b4                __swhatbuf_r
 .text.malloc   0x000000000200d110       0x14 /opt/devkitpro/devkitARM/bin/../lib/gcc/arm-none-eabi/12.1.0/../../../../arm-none-eabi/lib/thumb/libg.a(lib_a-malloc.o)
                0x000000000200d110                malloc
 .text.free     0x000000000200d124       0x14 /opt/devkitpro/devkitARM/bin/../lib/gcc/arm-none-eabi/12.1.0/../../../../arm-none-eabi/lib/thumb/libg.a(lib_a-malloc.o)
                0x000000000200d124                free
 .text._malloc_r
                0x000000000200d138      0x560 /opt/devkitpro/devkitARM/bin/../lib/gcc/arm-none-eabi/12.1.0/../../../../arm-none-eabi/lib/thumb/libg.a(lib_a-mallocr.o)
                0x000000000200d138                _malloc_r
 .text.memcpy   0x000000000200d698       0x94 /opt/devkitpro/devkitARM/bin/../lib/gcc/arm-none-eabi/12.1.0/../../../../arm-none-eabi/lib/thumb/libg.a(lib_a-memcpy-stub.o)
                0x000000000200d698                memcpy
 .text.memset   0x000000000200d72c       0xb0 /opt/devkitpro/devkitARM/bin/../lib/gcc/arm-none-eabi/12.1.0/../../../../arm-none-eabi/lib/thumb/libg.a(lib_a-memset.o)
                0x000000000200d72c                memset
 .text.__malloc_lock
                0x000000000200d7dc       0x14 /opt/devkitpro/devkitARM/bin/../lib/gcc/arm-none-eabi/12.1.0/../../../../arm-none-eabi/lib/thumb/libg.a(lib_a-mlock.o)
                0x000000000200d7dc                __malloc_lock
 .text.__malloc_unlock
                0x000000000200d7f0       0x14 /opt/devkitpro/devkitARM/bin/../lib/gcc/arm-none-eabi/12.1.0/../../../../arm-none-eabi/lib/thumb/libg.a(lib_a-mlock.o)
                0x000000000200d7f0                __malloc_unlock
 .text.printf   0x000000000200d804       0x24 /opt/devkitpro/devkitARM/bin/../lib/gcc/arm-none-eabi/12.1.0/../../../../arm-none-eabi/lib/thumb/libg.a(lib_a-printf.o)
                0x000000000200d804                printf
 .text.rand     0x000000000200d828       0x34 /opt/devkitpro/devkitARM/bin/../lib/gcc/arm-none-eabi/12.1.0/../../../../arm-none-eabi/lib/thumb/libg.a(lib_a-rand.o)
                0x000000000200d828                rand
 .text.lflush   0x000000000200d85c       0x20 /opt/devkitpro/devkitARM/bin/../lib/gcc/arm-none-eabi/12.1.0/../../../../arm-none-eabi/lib/thumb/libg.a(lib_a-refill.o)
 .text.__srefill_r
                0x000000000200d87c      0x108 /opt/devkitpro/devkitARM/bin/../lib/gcc/arm-none-eabi/12.1.0/../../../../arm-none-eabi/lib/thumb/libg.a(lib_a-refill.o)
                0x000000000200d87c                __srefill_r
 .text.setvbuf  0x000000000200d984      0x19c /opt/devkitpro/devkitARM/bin/../lib/gcc/arm-none-eabi/12.1.0/../../../../arm-none-eabi/lib/thumb/libg.a(lib_a-setvbuf.o)
                0x000000000200d984                setvbuf
 .text.siscanf  0x000000000200db20       0x4c /opt/devkitpro/devkitARM/bin/../lib/gcc/arm-none-eabi/12.1.0/../../../../arm-none-eabi/lib/thumb/libg.a(lib_a-siscanf.o)
                0x000000000200db20                siscanf
 .text.sprintf  0x000000000200db6c       0x40 /opt/devkitpro/devkitARM/bin/../lib/gcc/arm-none-eabi/12.1.0/../../../../arm-none-eabi/lib/thumb/libg.a(lib_a-sprintf.o)
                0x000000000200db6c                sprintf
 .text.__sread  0x000000000200dbac       0x34 /opt/devkitpro/devkitARM/bin/../lib/gcc/arm-none-eabi/12.1.0/../../../../arm-none-eabi/lib/thumb/libg.a(lib_a-stdio.o)
                0x000000000200dbac                __sread
 .text.__seofread
                0x000000000200dbe0        0x4 /opt/devkitpro/devkitARM/bin/../lib/gcc/arm-none-eabi/12.1.0/../../../../arm-none-eabi/lib/thumb/libg.a(lib_a-stdio.o)
                0x000000000200dbe0                __seofread
 .text.__swrite
                0x000000000200dbe4       0x4c /opt/devkitpro/devkitARM/bin/../lib/gcc/arm-none-eabi/12.1.0/../../../../arm-none-eabi/lib/thumb/libg.a(lib_a-stdio.o)
                0x000000000200dbe4                __swrite
 .text.__sseek  0x000000000200dc30       0x44 /opt/devkitpro/devkitARM/bin/../lib/gcc/arm-none-eabi/12.1.0/../../../../arm-none-eabi/lib/thumb/libg.a(lib_a-stdio.o)
                0x000000000200dc30                __sseek
 .text.__sclose
                0x000000000200dc74       0x10 /opt/devkitpro/devkitARM/bin/../lib/gcc/arm-none-eabi/12.1.0/../../../../arm-none-eabi/lib/thumb/libg.a(lib_a-stdio.o)
                0x000000000200dc74                __sclose
 .text.strlen   0x000000000200dc84       0x60 /opt/devkitpro/devkitARM/bin/../lib/gcc/arm-none-eabi/12.1.0/../../../../arm-none-eabi/lib/thumb/libg.a(lib_a-strlen-stub.o)
                0x000000000200dc84                strlen
 .text.get_arg  0x000000000200dce4       0x32 /opt/devkitpro/devkitARM/bin/../lib/gcc/arm-none-eabi/12.1.0/../../../../arm-none-eabi/lib/thumb/libg.a(lib_a-svfiscanf.o)
 .text._sungetc_r
                0x000000000200dd16       0x7e /opt/devkitpro/devkitARM/bin/../lib/gcc/arm-none-eabi/12.1.0/../../../../arm-none-eabi/lib/thumb/libg.a(lib_a-svfiscanf.o)
                0x000000000200dd16                _sungetc_r
 .text.__ssrefill_r
                0x000000000200dd94       0x42 /opt/devkitpro/devkitARM/bin/../lib/gcc/arm-none-eabi/12.1.0/../../../../arm-none-eabi/lib/thumb/libg.a(lib_a-svfiscanf.o)
                0x000000000200dd94                __ssrefill_r
 .text._sfread_r
                0x000000000200ddd6       0x88 /opt/devkitpro/devkitARM/bin/../lib/gcc/arm-none-eabi/12.1.0/../../../../arm-none-eabi/lib/thumb/libg.a(lib_a-svfiscanf.o)
                0x000000000200ddd6                _sfread_r
 *fill*         0x000000000200de5e        0x2 ff
 .text.__ssvfiscanf_r
                0x000000000200de60     0x1ae0 /opt/devkitpro/devkitARM/bin/../lib/gcc/arm-none-eabi/12.1.0/../../../../arm-none-eabi/lib/thumb/libg.a(lib_a-svfiscanf.o)
                0x000000000200de60                __ssvfiscanf_r
 .text.get_arg  0x000000000200f940      0x42c /opt/devkitpro/devkitARM/bin/../lib/gcc/arm-none-eabi/12.1.0/../../../../arm-none-eabi/lib/thumb/libg.a(lib_a-svfprintf.o)
 .text._svfprintf_r
                0x000000000200fd6c     0x22fc /opt/devkitpro/devkitARM/bin/../lib/gcc/arm-none-eabi/12.1.0/../../../../arm-none-eabi/lib/thumb/libg.a(lib_a-svfprintf.o)
                0x000000000200fd6c                _svfprintf_r
 .text.__submore
                0x0000000002012068       0x88 /opt/devkitpro/devkitARM/bin/../lib/gcc/arm-none-eabi/12.1.0/../../../../arm-none-eabi/lib/thumb/libg.a(lib_a-ungetc.o)
                0x0000000002012068                __submore
 .text.get_arg  0x00000000020120f0      0x42c /opt/devkitpro/devkitARM/bin/../lib/gcc/arm-none-eabi/12.1.0/../../../../arm-none-eabi/lib/thumb/libg.a(lib_a-vfiprintf.o)
 .text.__sprint_r
                0x000000000201251c       0x24 /opt/devkitpro/devkitARM/bin/../lib/gcc/arm-none-eabi/12.1.0/../../../../arm-none-eabi/lib/thumb/libg.a(lib_a-vfiprintf.o)
                0x000000000201251c                __sprint_r
 .text._vfiprintf_r
                0x0000000002012540     0x173c /opt/devkitpro/devkitARM/bin/../lib/gcc/arm-none-eabi/12.1.0/../../../../arm-none-eabi/lib/thumb/libg.a(lib_a-vfiprintf.o)
                0x0000000002012540                _vfiprintf_r
 .text.__sbprintf
                0x0000000002013c7c       0x8c /opt/devkitpro/devkitARM/bin/../lib/gcc/arm-none-eabi/12.1.0/../../../../arm-none-eabi/lib/thumb/libg.a(lib_a-vfiprintf.o)
 .text.get_arg  0x0000000002013d08      0x42c /opt/devkitpro/devkitARM/bin/../lib/gcc/arm-none-eabi/12.1.0/../../../../arm-none-eabi/lib/thumb/libg.a(lib_a-vfprintf.o)
 .text._vfprintf_r
                0x0000000002014134     0x2360 /opt/devkitpro/devkitARM/bin/../lib/gcc/arm-none-eabi/12.1.0/../../../../arm-none-eabi/lib/thumb/libg.a(lib_a-vfprintf.o)
                0x0000000002014134                _vfprintf_r
 .text.__sbprintf
                0x0000000002016494       0x8c /opt/devkitpro/devkitARM/bin/../lib/gcc/arm-none-eabi/12.1.0/../../../../arm-none-eabi/lib/thumb/libg.a(lib_a-vfprintf.o)
 .text._wcrtomb_r
                0x0000000002016520       0x5c /opt/devkitpro/devkitARM/bin/../lib/gcc/arm-none-eabi/12.1.0/../../../../arm-none-eabi/lib/thumb/libg.a(lib_a-wcrtomb.o)
                0x0000000002016520                _wcrtomb_r
 .text._wcsrtombs_r
                0x000000000201657c       0x1c /opt/devkitpro/devkitARM/bin/../lib/gcc/arm-none-eabi/12.1.0/../../../../arm-none-eabi/lib/thumb/libg.a(lib_a-wcsrtombs.o)
                0x000000000201657c                _wcsrtombs_r
 .text.__swsetup_r
                0x0000000002016598       0xd0 /opt/devkitpro/devkitARM/bin/../lib/gcc/arm-none-eabi/12.1.0/../../../../arm-none-eabi/lib/thumb/libg.a(lib_a-wsetup.o)
                0x0000000002016598                __swsetup_r
 .text.quorem   0x0000000002016668      0x158 /opt/devkitpro/devkitARM/bin/../lib/gcc/arm-none-eabi/12.1.0/../../../../arm-none-eabi/lib/thumb/libg.a(lib_a-dtoa.o)
 .text._dtoa_r  0x00000000020167c0      0xfcc /opt/devkitpro/devkitARM/bin/../lib/gcc/arm-none-eabi/12.1.0/../../../../arm-none-eabi/lib/thumb/libg.a(lib_a-dtoa.o)
                0x00000000020167c0                _dtoa_r
 .text.__sflags
                0x000000000201778c       0xa4 /opt/devkitpro/devkitARM/bin/../lib/gcc/arm-none-eabi/12.1.0/../../../../arm-none-eabi/lib/thumb/libg.a(lib_a-flags.o)
                0x000000000201778c                __sflags
 .text.__sfvwrite_r
                0x0000000002017830      0x334 /opt/devkitpro/devkitARM/bin/../lib/gcc/arm-none-eabi/12.1.0/../../../../arm-none-eabi/lib/thumb/libg.a(lib_a-fvwrite.o)
                0x0000000002017830                __sfvwrite_r
 .text.iswspace
                0x0000000002017b64       0x10 /opt/devkitpro/devkitARM/bin/../lib/gcc/arm-none-eabi/12.1.0/../../../../arm-none-eabi/lib/thumb/libg.a(lib_a-iswspace.o)
                0x0000000002017b64                iswspace
 .text._localeconv_r
                0x0000000002017b74        0x8 /opt/devkitpro/devkitARM/bin/../lib/gcc/arm-none-eabi/12.1.0/../../../../arm-none-eabi/lib/thumb/libg.a(lib_a-localeconv.o)
                0x0000000002017b74                _localeconv_r
 .text.__locale_mb_cur_max
                0x0000000002017b7c       0x10 /opt/devkitpro/devkitARM/bin/../lib/gcc/arm-none-eabi/12.1.0/../../../../arm-none-eabi/lib/thumb/libg.a(lib_a-locale.o)
                0x0000000002017b7c                __locale_mb_cur_max
 .text._mbrtowc_r
                0x0000000002017b8c       0x60 /opt/devkitpro/devkitARM/bin/../lib/gcc/arm-none-eabi/12.1.0/../../../../arm-none-eabi/lib/thumb/libg.a(lib_a-mbrtowc.o)
                0x0000000002017b8c                _mbrtowc_r
 .text.__utf8_mbtowc
                0x0000000002017bec      0x27c /opt/devkitpro/devkitARM/bin/../lib/gcc/arm-none-eabi/12.1.0/../../../../arm-none-eabi/lib/thumb/libg.a(lib_a-mbtowc_r.o)
                0x0000000002017bec                __utf8_mbtowc
 .text.memchr   0x0000000002017e68       0x78 /opt/devkitpro/devkitARM/bin/../lib/gcc/arm-none-eabi/12.1.0/../../../../arm-none-eabi/lib/thumb/libg.a(lib_a-memchr-stub.o)
                0x0000000002017e68                memchr
 .text.memmove  0x0000000002017ee0       0xc0 /opt/devkitpro/devkitARM/bin/../lib/gcc/arm-none-eabi/12.1.0/../../../../arm-none-eabi/lib/thumb/libg.a(lib_a-memmove.o)
                0x0000000002017ee0                memmove
 .text._Balloc  0x0000000002017fa0       0x54 /opt/devkitpro/devkitARM/bin/../lib/gcc/arm-none-eabi/12.1.0/../../../../arm-none-eabi/lib/thumb/libg.a(lib_a-mprec.o)
                0x0000000002017fa0                _Balloc
 .text._Bfree   0x0000000002017ff4       0x14 /opt/devkitpro/devkitARM/bin/../lib/gcc/arm-none-eabi/12.1.0/../../../../arm-none-eabi/lib/thumb/libg.a(lib_a-mprec.o)
                0x0000000002017ff4                _Bfree
 .text.__multadd
                0x0000000002018008       0xac /opt/devkitpro/devkitARM/bin/../lib/gcc/arm-none-eabi/12.1.0/../../../../arm-none-eabi/lib/thumb/libg.a(lib_a-mprec.o)
                0x0000000002018008                __multadd
 .text.__hi0bits
                0x00000000020180b4       0x4c /opt/devkitpro/devkitARM/bin/../lib/gcc/arm-none-eabi/12.1.0/../../../../arm-none-eabi/lib/thumb/libg.a(lib_a-mprec.o)
                0x00000000020180b4                __hi0bits
 .text.__lo0bits
                0x0000000002018100       0x5c /opt/devkitpro/devkitARM/bin/../lib/gcc/arm-none-eabi/12.1.0/../../../../arm-none-eabi/lib/thumb/libg.a(lib_a-mprec.o)
                0x0000000002018100                __lo0bits
 .text.__i2b    0x000000000201815c       0x64 /opt/devkitpro/devkitARM/bin/../lib/gcc/arm-none-eabi/12.1.0/../../../../arm-none-eabi/lib/thumb/libg.a(lib_a-mprec.o)
                0x000000000201815c                __i2b
 .text.__multiply
                0x00000000020181c0      0x1b4 /opt/devkitpro/devkitARM/bin/../lib/gcc/arm-none-eabi/12.1.0/../../../../arm-none-eabi/lib/thumb/libg.a(lib_a-mprec.o)
                0x00000000020181c0                __multiply
 .text.__pow5mult
                0x0000000002018374       0xd4 /opt/devkitpro/devkitARM/bin/../lib/gcc/arm-none-eabi/12.1.0/../../../../arm-none-eabi/lib/thumb/libg.a(lib_a-mprec.o)
                0x0000000002018374                __pow5mult
 .text.__lshift
                0x0000000002018448      0x100 /opt/devkitpro/devkitARM/bin/../lib/gcc/arm-none-eabi/12.1.0/../../../../arm-none-eabi/lib/thumb/libg.a(lib_a-mprec.o)
                0x0000000002018448                __lshift
 .text.__mcmp   0x0000000002018548       0x40 /opt/devkitpro/devkitARM/bin/../lib/gcc/arm-none-eabi/12.1.0/../../../../arm-none-eabi/lib/thumb/libg.a(lib_a-mprec.o)
                0x0000000002018548                __mcmp
 .text.__mdiff  0x0000000002018588      0x1a8 /opt/devkitpro/devkitARM/bin/../lib/gcc/arm-none-eabi/12.1.0/../../../../arm-none-eabi/lib/thumb/libg.a(lib_a-mprec.o)
                0x0000000002018588                __mdiff
 .text.__d2b    0x0000000002018730       0xd0 /opt/devkitpro/devkitARM/bin/../lib/gcc/arm-none-eabi/12.1.0/../../../../arm-none-eabi/lib/thumb/libg.a(lib_a-mprec.o)
                0x0000000002018730                __d2b
 .text.realloc  0x0000000002018800       0x18 /opt/devkitpro/devkitARM/bin/../lib/gcc/arm-none-eabi/12.1.0/../../../../arm-none-eabi/lib/thumb/libg.a(lib_a-realloc.o)
                0x0000000002018800                realloc
 .text._realloc_r
                0x0000000002018818      0x384 /opt/devkitpro/devkitARM/bin/../lib/gcc/arm-none-eabi/12.1.0/../../../../arm-none-eabi/lib/thumb/libg.a(lib_a-reallocr.o)
                0x0000000002018818                _realloc_r
 .text.__sccl   0x0000000002018b9c       0x90 /opt/devkitpro/devkitARM/bin/../lib/gcc/arm-none-eabi/12.1.0/../../../../arm-none-eabi/lib/thumb/libg.a(lib_a-sccl.o)
                0x0000000002018b9c                __sccl
 .text.frexp    0x0000000002018c2c       0x6c /opt/devkitpro/devkitARM/bin/../lib/gcc/arm-none-eabi/12.1.0/../../../../arm-none-eabi/lib/thumb/libg.a(lib_a-s_frexp.o)
                0x0000000002018c2c                frexp
 .text.strchr   0x0000000002018c98       0xc8 /opt/devkitpro/devkitARM/bin/../lib/gcc/arm-none-eabi/12.1.0/../../../../arm-none-eabi/lib/thumb/libg.a(lib_a-strchr.o)
                0x0000000002018c98                strchr
 .text.strncpy  0x0000000002018d60       0x68 /opt/devkitpro/devkitARM/bin/../lib/gcc/arm-none-eabi/12.1.0/../../../../arm-none-eabi/lib/thumb/libg.a(lib_a-strncpy.o)
                0x0000000002018d60                strncpy
 .text._strtoll_l.constprop.0
                0x0000000002018dc8      0x1a0 /opt/devkitpro/devkitARM/bin/../lib/gcc/arm-none-eabi/12.1.0/../../../../arm-none-eabi/lib/thumb/libg.a(lib_a-strtoll.o)
 .text._strtoll_r
                0x0000000002018f68        0xc /opt/devkitpro/devkitARM/bin/../lib/gcc/arm-none-eabi/12.1.0/../../../../arm-none-eabi/lib/thumb/libg.a(lib_a-strtoll.o)
                0x0000000002018f68                _strtoll_r
 .text._strtol_l.part.0
                0x0000000002018f74      0x144 /opt/devkitpro/devkitARM/bin/../lib/gcc/arm-none-eabi/12.1.0/../../../../arm-none-eabi/lib/thumb/libg.a(lib_a-strtol.o)
 .text._strtol_r
                0x00000000020190b8       0x20 /opt/devkitpro/devkitARM/bin/../lib/gcc/arm-none-eabi/12.1.0/../../../../arm-none-eabi/lib/thumb/libg.a(lib_a-strtol.o)
                0x00000000020190b8                _strtol_r
 .text._strtoull_l.constprop.0
                0x00000000020190d8      0x1bc /opt/devkitpro/devkitARM/bin/../lib/gcc/arm-none-eabi/12.1.0/../../../../arm-none-eabi/lib/thumb/libg.a(lib_a-strtoull.o)
 .text._strtoull_r
                0x0000000002019294        0xc /opt/devkitpro/devkitARM/bin/../lib/gcc/arm-none-eabi/12.1.0/../../../../arm-none-eabi/lib/thumb/libg.a(lib_a-strtoull.o)
                0x0000000002019294                _strtoull_r
 .text._strtoul_l.constprop.0
                0x00000000020192a0      0x144 /opt/devkitpro/devkitARM/bin/../lib/gcc/arm-none-eabi/12.1.0/../../../../arm-none-eabi/lib/thumb/libg.a(lib_a-strtoul.o)
 .text._strtoul_r
                0x00000000020193e4        0xc /opt/devkitpro/devkitARM/bin/../lib/gcc/arm-none-eabi/12.1.0/../../../../arm-none-eabi/lib/thumb/libg.a(lib_a-strtoul.o)
                0x00000000020193e4                _strtoul_r
 .text.__ssprint_r
                0x00000000020193f0      0x120 /opt/devkitpro/devkitARM/bin/../lib/gcc/arm-none-eabi/12.1.0/../../../../arm-none-eabi/lib/thumb/libg.a(lib_a-svfiprintf.o)
                0x00000000020193f0                __ssprint_r
 .text._wcsnrtombs_l
                0x0000000002019510      0x11c /opt/devkitpro/devkitARM/bin/../lib/gcc/arm-none-eabi/12.1.0/../../../../arm-none-eabi/lib/thumb/libg.a(lib_a-wcsnrtombs.o)
                0x0000000002019510                _wcsnrtombs_l
 .text._wcsnrtombs_r
                0x000000000201962c       0x30 /opt/devkitpro/devkitARM/bin/../lib/gcc/arm-none-eabi/12.1.0/../../../../arm-none-eabi/lib/thumb/libg.a(lib_a-wcsnrtombs.o)
                0x000000000201962c                _wcsnrtombs_r
 .text.__utf8_wctomb
                0x000000000201965c       0xb4 /opt/devkitpro/devkitARM/bin/../lib/gcc/arm-none-eabi/12.1.0/../../../../arm-none-eabi/lib/thumb/libg.a(lib_a-wctomb_r.o)
                0x000000000201965c                __utf8_wctomb
 .text.__assert_func
                0x0000000002019710       0x40 /opt/devkitpro/devkitARM/bin/../lib/gcc/arm-none-eabi/12.1.0/../../../../arm-none-eabi/lib/thumb/libg.a(lib_a-assert.o)
                0x0000000002019710                __assert_func
 .text._calloc_r
                0x0000000002019750       0xb8 /opt/devkitpro/devkitARM/bin/../lib/gcc/arm-none-eabi/12.1.0/../../../../arm-none-eabi/lib/thumb/libg.a(lib_a-callocr.o)
                0x0000000002019750                _calloc_r
 .text.__errno  0x0000000002019808        0xc /opt/devkitpro/devkitARM/bin/../lib/gcc/arm-none-eabi/12.1.0/../../../../arm-none-eabi/lib/thumb/libg.a(lib_a-errno.o)
                0x0000000002019808                __errno
 .text.fiprintf
                0x0000000002019814       0x28 /opt/devkitpro/devkitARM/bin/../lib/gcc/arm-none-eabi/12.1.0/../../../../arm-none-eabi/lib/thumb/libg.a(lib_a-fiprintf.o)
                0x0000000002019814                fiprintf
 .text.iswspace_l
                0x000000000201983c       0x2c /opt/devkitpro/devkitARM/bin/../lib/gcc/arm-none-eabi/12.1.0/../../../../arm-none-eabi/lib/thumb/libg.a(lib_a-iswspace_l.o)
                0x000000000201983c                iswspace_l
 .text.__jp2uc  0x0000000002019868      0x14c /opt/devkitpro/devkitARM/bin/../lib/gcc/arm-none-eabi/12.1.0/../../../../arm-none-eabi/lib/thumb/libg.a(lib_a-jp2uc.o)
 .text._jp2uc_l
                0x00000000020199b4       0x6c /opt/devkitpro/devkitARM/bin/../lib/gcc/arm-none-eabi/12.1.0/../../../../arm-none-eabi/lib/thumb/libg.a(lib_a-jp2uc.o)
                0x00000000020199b4                _jp2uc_l
 .text.strncmp  0x0000000002019a20       0x78 /opt/devkitpro/devkitARM/bin/../lib/gcc/arm-none-eabi/12.1.0/../../../../arm-none-eabi/lib/thumb/libg.a(lib_a-strncmp.o)
                0x0000000002019a20                strncmp
 .text.abort    0x0000000002019a98       0x10 /opt/devkitpro/devkitARM/bin/../lib/gcc/arm-none-eabi/12.1.0/../../../../arm-none-eabi/lib/thumb/libg.a(lib_a-abort.o)
                0x0000000002019a98                abort
 .text.category
                0x0000000002019aa8       0x54 /opt/devkitpro/devkitARM/bin/../lib/gcc/arm-none-eabi/12.1.0/../../../../arm-none-eabi/lib/thumb/libg.a(lib_a-categories.o)
                0x0000000002019aa8                category
 .text._raise_r
                0x0000000002019afc       0x60 /opt/devkitpro/devkitARM/bin/../lib/gcc/arm-none-eabi/12.1.0/../../../../arm-none-eabi/lib/thumb/libg.a(lib_a-signal.o)
                0x0000000002019afc                _raise_r
 .text.raise    0x0000000002019b5c       0x14 /opt/devkitpro/devkitARM/bin/../lib/gcc/arm-none-eabi/12.1.0/../../../../arm-none-eabi/lib/thumb/libg.a(lib_a-signal.o)
                0x0000000002019b5c                raise
 .text.null_write
                0x0000000002019b70        0x4 /opt/devkitpro/devkitARM/bin/../lib/gcc/arm-none-eabi/12.1.0/../../../../arm-none-eabi/lib/thumb/libsysbase.a(iosupport.o)
 .text.FindDevice
                0x0000000002019b74       0x98 /opt/devkitpro/devkitARM/bin/../lib/gcc/arm-none-eabi/12.1.0/../../../../arm-none-eabi/lib/thumb/libsysbase.a(iosupport.o)
                0x0000000002019b74                FindDevice
 .text._fstat_r
                0x0000000002019c0c       0x4c /opt/devkitpro/devkitARM/bin/../lib/gcc/arm-none-eabi/12.1.0/../../../../arm-none-eabi/lib/thumb/libsysbase.a(fstat.o)
                0x0000000002019c0c                _fstat_r
 .text._getpid_r
                0x0000000002019c58        0xc /opt/devkitpro/devkitARM/bin/../lib/gcc/arm-none-eabi/12.1.0/../../../../arm-none-eabi/lib/thumb/libsysbase.a(getpid.o)
                0x0000000002019c58                _getpid_r
 .text._isatty_r
                0x0000000002019c64        0x4 /opt/devkitpro/devkitARM/bin/../lib/gcc/arm-none-eabi/12.1.0/../../../../arm-none-eabi/lib/thumb/libsysbase.a(isatty.o)
                0x0000000002019c64                _isatty_r
 .text._kill_r  0x0000000002019c68        0xc /opt/devkitpro/devkitARM/bin/../lib/gcc/arm-none-eabi/12.1.0/../../../../arm-none-eabi/lib/thumb/libsysbase.a(kill.o)
                0x0000000002019c68                _kill_r
 .text._lseek_r
                0x0000000002019c74       0x5c /opt/devkitpro/devkitARM/bin/../lib/gcc/arm-none-eabi/12.1.0/../../../../arm-none-eabi/lib/thumb/libsysbase.a(lseek.o)
                0x0000000002019c74                _lseek_r
 .text._open_r  0x0000000002019cd0       0x98 /opt/devkitpro/devkitARM/bin/../lib/gcc/arm-none-eabi/12.1.0/../../../../arm-none-eabi/lib/thumb/libsysbase.a(open.o)
                0x0000000002019cd0                _open_r
 .text._read_r  0x0000000002019d68       0x50 /opt/devkitpro/devkitARM/bin/../lib/gcc/arm-none-eabi/12.1.0/../../../../arm-none-eabi/lib/thumb/libsysbase.a(read.o)
                0x0000000002019d68                _read_r
 .text._sbrk_r  0x0000000002019db8       0x54 /opt/devkitpro/devkitARM/bin/../lib/gcc/arm-none-eabi/12.1.0/../../../../arm-none-eabi/lib/thumb/libsysbase.a(sbrk.o)
                0x0000000002019db8                _sbrk_r
 .text._write_r
                0x0000000002019e0c       0x50 /opt/devkitpro/devkitARM/bin/../lib/gcc/arm-none-eabi/12.1.0/../../../../arm-none-eabi/lib/thumb/libsysbase.a(write.o)
                0x0000000002019e0c                _write_r
 .text._exit    0x0000000002019e5c       0x14 /opt/devkitpro/devkitARM/bin/../lib/gcc/arm-none-eabi/12.1.0/../../../../arm-none-eabi/lib/thumb/libsysbase.a(_exit.o)
                0x0000000002019e5c                _exit
 .text.build_argv
                0x0000000002019e70       0x4c /opt/devkitpro/devkitARM/bin/../lib/gcc/arm-none-eabi/12.1.0/../../../../arm-none-eabi/lib/thumb/libsysbase.a(build_argv.o)
                0x0000000002019e70                build_argv
 .text.__flockfile
                0x0000000002019ebc       0x10 /opt/devkitpro/devkitARM/bin/../lib/gcc/arm-none-eabi/12.1.0/../../../../arm-none-eabi/lib/thumb/libsysbase.a(flock.o)
                0x0000000002019ebc                __flockfile
 .text.__funlockfile
                0x0000000002019ecc       0x10 /opt/devkitpro/devkitARM/bin/../lib/gcc/arm-none-eabi/12.1.0/../../../../arm-none-eabi/lib/thumb/libsysbase.a(flock.o)
                0x0000000002019ecc                __funlockfile
 .text.__release_handle
                0x0000000002019edc       0x68 /opt/devkitpro/devkitARM/bin/../lib/gcc/arm-none-eabi/12.1.0/../../../../arm-none-eabi/lib/thumb/libsysbase.a(handle_manager.o)
                0x0000000002019edc                __release_handle
 .text.__alloc_handle
                0x0000000002019f44       0x7c /opt/devkitpro/devkitARM/bin/../lib/gcc/arm-none-eabi/12.1.0/../../../../arm-none-eabi/lib/thumb/libsysbase.a(handle_manager.o)
                0x0000000002019f44                __alloc_handle
 .text.__get_handle
                0x0000000002019fc0       0x34 /opt/devkitpro/devkitARM/bin/../lib/gcc/arm-none-eabi/12.1.0/../../../../arm-none-eabi/lib/thumb/libsysbase.a(handle_manager.o)
                0x0000000002019fc0                __get_handle
 .text._close_r
                0x0000000002019ff4       0xb8 /opt/devkitpro/devkitARM/bin/../lib/gcc/arm-none-eabi/12.1.0/../../../../arm-none-eabi/lib/thumb/libsysbase.a(handle_manager.o)
                0x0000000002019ff4                _close_r
 .text.__getreent
                0x000000000201a0ac       0x20 /opt/devkitpro/devkitARM/bin/../lib/gcc/arm-none-eabi/12.1.0/../../../../arm-none-eabi/lib/thumb/libsysbase.a(getreent.o)
                0x000000000201a0ac                __getreent
 .text.__libc_lock_acquire
                0x000000000201a0cc       0x18 /opt/devkitpro/devkitARM/bin/../lib/gcc/arm-none-eabi/12.1.0/../../../../arm-none-eabi/lib/thumb/libsysbase.a(syscall_support.o)
                0x000000000201a0cc                __libc_lock_acquire
 .text.__libc_lock_release
                0x000000000201a0e4       0x18 /opt/devkitpro/devkitARM/bin/../lib/gcc/arm-none-eabi/12.1.0/../../../../arm-none-eabi/lib/thumb/libsysbase.a(syscall_support.o)
                0x000000000201a0e4                __libc_lock_release
 .text.__libc_lock_init_recursive
                0x000000000201a0fc       0x18 /opt/devkitpro/devkitARM/bin/../lib/gcc/arm-none-eabi/12.1.0/../../../../arm-none-eabi/lib/thumb/libsysbase.a(syscall_support.o)
                0x000000000201a0fc                __libc_lock_init_recursive
 .text.__libc_lock_acquire_recursive
                0x000000000201a114       0x18 /opt/devkitpro/devkitARM/bin/../lib/gcc/arm-none-eabi/12.1.0/../../../../arm-none-eabi/lib/thumb/libsysbase.a(syscall_support.o)
                0x000000000201a114                __libc_lock_acquire_recursive
 .text.__libc_lock_release_recursive
                0x000000000201a12c       0x18 /opt/devkitpro/devkitARM/bin/../lib/gcc/arm-none-eabi/12.1.0/../../../../arm-none-eabi/lib/thumb/libsysbase.a(syscall_support.o)
                0x000000000201a12c                __libc_lock_release_recursive
 .text.__libc_lock_close_recursive
                0x000000000201a144       0x18 /opt/devkitpro/devkitARM/bin/../lib/gcc/arm-none-eabi/12.1.0/../../../../arm-none-eabi/lib/thumb/libsysbase.a(syscall_support.o)
                0x000000000201a144                __libc_lock_close_recursive
 .text.__muldi3
                0x000000000201a15c       0x64 /opt/devkitpro/devkitARM/bin/../lib/gcc/arm-none-eabi/12.1.0/thumb/libgcc.a(_muldi3.o)
                0x000000000201a15c                __aeabi_lmul
                0x000000000201a15c                __muldi3
 .text.__udivmoddi4
                0x000000000201a1c0      0x19c /opt/devkitpro/devkitARM/bin/../lib/gcc/arm-none-eabi/12.1.0/thumb/libgcc.a(_udivmoddi4.o)
                0x000000000201a1c0                __udivmoddi4
 *fill*         0x000000000201a35c        0x4 ff
 .text.__udivmoddi4.__stub
                0x000000000201a360      0x150 linker stubs
 *(EXCLUDE_FILE(*.twl*) .gnu.warning)
 *(EXCLUDE_FILE(*.twl*) .gnu.linkonce.t*)
 *(.glue_7)
 .glue_7        0x000000000201a4c0        0x0 linker stubs
 *(.glue_7t)
 .glue_7t       0x000000000201a4c0        0x0 linker stubs
                0x000000000201a4c0                . = ALIGN (0x4)

.vfp11_veneer   0x000000000201a4c0        0x0
 .vfp11_veneer  0x000000000201a4c0        0x0 linker stubs

.v4_bx          0x000000000201a4c0        0x0
 .v4_bx         0x000000000201a4c0        0x0 linker stubs

.iplt           0x000000000201a4c0        0x0
 .iplt          0x000000000201a4c0        0x0 /opt/devkitpro/devkitARM/bin/../lib/gcc/arm-none-eabi/12.1.0/../../../../arm-none-eabi/lib/thumb/ds_arm9_crt0.o

.iwram          0x000000000201a4c0      0xe58
 .iwram         0x000000000201a4c0      0xe10 rootDrumMachineDS.o
                0x000000000201a4c0                vblank_interrupt
                0x000000000201a4cc                draw_pattern
                0x000000000201a588                play_column
                0x000000000201b1e0                timer3_interrupt
                0x000000000201b230                gpio_interrupt
                0x000000000201b280                serial_interrupt
 .iwram.__stub  0x000000000201b2d0       0x48 linker stubs

.fini           0x000000000201b318        0xc
 *(.fini)
 .fini          0x000000000201b318        0x4 /opt/devkitpro/devkitARM/bin/../lib/gcc/arm-none-eabi/12.1.0/thumb/crti.o
                0x000000000201b318                _fini
 .fini          0x000000000201b31c        0x8 /opt/devkitpro/devkitARM/bin/../lib/gcc/arm-none-eabi/12.1.0/thumb/crtn.o
                0x000000000201b324                __text_end = .

.rodata         0x000000000201b328   0x3584fc
 *(EXCLUDE_FILE(*.twl*) .rodata)
 .rodata        0x000000000201b328      0x1e8 rootDrumMachineDS.o
                0x000000000201b3e0                pitch_table
                0x000000000201b444                MINIMUM_TIMER_PERIOD
                0x000000000201b448                nbTrous
                0x000000000201b44c                note_table
                0x000000000201b468                palettes
 *all.rodata*(*)
 *(EXCLUDE_FILE(*.twl*) .roda)
 *(EXCLUDE_FILE(*.twl*) .rodata.*)
 .rodata.soundbank_bin
                0x000000000201b510   0x34da88 soundbank.bin.o
                0x000000000201b510                soundbank_bin
                0x0000000002368f98                soundbank_bin_end
 .rodata.str1.4
                0x0000000002368f98     0x157e rootDrumMachineDS.o
                                       0x15ae (size before relaxing)
 *fill*         0x000000000236a516        0x2 ff
 .rodata.con_write.str1.4
                0x000000000236a518       0x30 /opt/devkitpro/libnds/lib/libnds9.a(console.o)
 .rodata.con_write
                0x000000000236a548       0xd4 /opt/devkitpro/libnds/lib/libnds9.a(console.o)
 .rodata.str1.4
                0x000000000236a61c       0x14 /opt/devkitpro/libnds/lib/libnds9.a(console.o)
 .rodata.dotab_stdout
                0x000000000236a630       0x70 /opt/devkitpro/libnds/lib/libnds9.a(console.o)
 .rodata.default_font_bin
                0x000000000236a6a0     0x2000 /opt/devkitpro/libnds/lib/libnds9.a(default_font.bin.o)
                0x000000000236a6a0                default_font_bin
                0x000000000236c6a0                default_font_bin_end
 .rodata.SIN_LUT
                0x000000000236c6a0      0x102 /opt/devkitpro/libnds/lib/libnds9.a(trig.o)
                0x000000000236c6a0                SIN_LUT
 *fill*         0x000000000236c7a2        0x2 ff
 .rodata._global_impure_ptr
                0x000000000236c7a4        0x4 /opt/devkitpro/devkitARM/bin/../lib/gcc/arm-none-eabi/12.1.0/../../../../arm-none-eabi/lib/thumb/libg.a(lib_a-impure.o)
                0x000000000236c7a4                _global_impure_ptr
 .rodata.basefix.0
                0x000000000236c7a8       0x22 /opt/devkitpro/devkitARM/bin/../lib/gcc/arm-none-eabi/12.1.0/../../../../arm-none-eabi/lib/thumb/libg.a(lib_a-svfiscanf.o)
 .rodata._svfprintf_r.str1.1
                0x000000000236c7ca       0x3b /opt/devkitpro/devkitARM/bin/../lib/gcc/arm-none-eabi/12.1.0/../../../../arm-none-eabi/lib/thumb/libg.a(lib_a-svfprintf.o)
 *fill*         0x000000000236c805        0x3 ff
 .rodata.zeroes.0
                0x000000000236c808       0x10 /opt/devkitpro/devkitARM/bin/../lib/gcc/arm-none-eabi/12.1.0/../../../../arm-none-eabi/lib/thumb/libg.a(lib_a-svfprintf.o)
 .rodata.blanks.1
                0x000000000236c818       0x10 /opt/devkitpro/devkitARM/bin/../lib/gcc/arm-none-eabi/12.1.0/../../../../arm-none-eabi/lib/thumb/libg.a(lib_a-svfprintf.o)
 .rodata._vfiprintf_r.str1.1
                0x000000000236c828       0x29 /opt/devkitpro/devkitARM/bin/../lib/gcc/arm-none-eabi/12.1.0/../../../../arm-none-eabi/lib/thumb/libg.a(lib_a-vfiprintf.o)
 .rodata.zeroes.0
                0x000000000236c828       0x10 /opt/devkitpro/devkitARM/bin/../lib/gcc/arm-none-eabi/12.1.0/../../../../arm-none-eabi/lib/thumb/libg.a(lib_a-vfiprintf.o)
 .rodata.blanks.1
                0x000000000236c838       0x10 /opt/devkitpro/devkitARM/bin/../lib/gcc/arm-none-eabi/12.1.0/../../../../arm-none-eabi/lib/thumb/libg.a(lib_a-vfiprintf.o)
 .rodata._vfprintf_r.str1.1
                0x000000000236c848       0x3b /opt/devkitpro/devkitARM/bin/../lib/gcc/arm-none-eabi/12.1.0/../../../../arm-none-eabi/lib/thumb/libg.a(lib_a-vfprintf.o)
 .rodata.zeroes.0
                0x000000000236c848       0x10 /opt/devkitpro/devkitARM/bin/../lib/gcc/arm-none-eabi/12.1.0/../../../../arm-none-eabi/lib/thumb/libg.a(lib_a-vfprintf.o)
 .rodata.blanks.1
                0x000000000236c858       0x10 /opt/devkitpro/devkitARM/bin/../lib/gcc/arm-none-eabi/12.1.0/../../../../arm-none-eabi/lib/thumb/libg.a(lib_a-vfprintf.o)
 .rodata._ctype_
                0x000000000236c868      0x101 /opt/devkitpro/devkitARM/bin/../lib/gcc/arm-none-eabi/12.1.0/../../../../arm-none-eabi/lib/thumb/libg.a(lib_a-ctype_.o)
                0x000000000236c868                _ctype_
 *fill*         0x000000000236c969        0x3 ff
 .rodata._dtoa_r.str1.4
                0x000000000236c96c       0x6d /opt/devkitpro/devkitARM/bin/../lib/gcc/arm-none-eabi/12.1.0/../../../../arm-none-eabi/lib/thumb/libg.a(lib_a-dtoa.o)
 *fill*         0x000000000236c9d9        0x3 ff
 .rodata.str1.4
                0x000000000236c9dc       0x44 /opt/devkitpro/devkitARM/bin/../lib/gcc/arm-none-eabi/12.1.0/../../../../arm-none-eabi/lib/thumb/libg.a(lib_a-locale.o)
                                         0x4c (size before relaxing)
 .rodata._mbrtowc_r.str1.4
                0x000000000236ca20        0x1 /opt/devkitpro/devkitARM/bin/../lib/gcc/arm-none-eabi/12.1.0/../../../../arm-none-eabi/lib/thumb/libg.a(lib_a-mbrtowc.o)
 .rodata.__multadd.str1.4
                0x000000000236ca20       0x46 /opt/devkitpro/devkitARM/bin/../lib/gcc/arm-none-eabi/12.1.0/../../../../arm-none-eabi/lib/thumb/libg.a(lib_a-mprec.o)
                                         0x5a (size before relaxing)
 *fill*         0x000000000236ca66        0x2 ff
 .rodata.p05.0  0x000000000236ca68        0xc /opt/devkitpro/devkitARM/bin/../lib/gcc/arm-none-eabi/12.1.0/../../../../arm-none-eabi/lib/thumb/libg.a(lib_a-mprec.o)
 *fill*         0x000000000236ca74        0x4 ff
 .rodata.__mprec_bigtens
                0x000000000236ca78       0x28 /opt/devkitpro/devkitARM/bin/../lib/gcc/arm-none-eabi/12.1.0/../../../../arm-none-eabi/lib/thumb/libg.a(lib_a-mprec.o)
                0x000000000236ca78                __mprec_bigtens
 .rodata.__mprec_tens
                0x000000000236caa0       0xc8 /opt/devkitpro/devkitARM/bin/../lib/gcc/arm-none-eabi/12.1.0/../../../../arm-none-eabi/lib/thumb/libg.a(lib_a-mprec.o)
                0x000000000236caa0                __mprec_tens
 .rodata.__action_table
                0x000000000236cb68       0x6c /opt/devkitpro/devkitARM/bin/../lib/gcc/arm-none-eabi/12.1.0/../../../../arm-none-eabi/lib/thumb/libg.a(lib_a-svfiprintf.o)
                0x000000000236cb68                __action_table
 .rodata.__state_table
                0x000000000236cbd4       0x6c /opt/devkitpro/devkitARM/bin/../lib/gcc/arm-none-eabi/12.1.0/../../../../arm-none-eabi/lib/thumb/libg.a(lib_a-svfiprintf.o)
                0x000000000236cbd4                __state_table
 .rodata.__chclass
                0x000000000236cc40      0x100 /opt/devkitpro/devkitARM/bin/../lib/gcc/arm-none-eabi/12.1.0/../../../../arm-none-eabi/lib/thumb/libg.a(lib_a-svfiprintf.o)
                0x000000000236cc40                __chclass
 .rodata.__assert_func.str1.4
                0x000000000236cd40       0x3f /opt/devkitpro/devkitARM/bin/../lib/gcc/arm-none-eabi/12.1.0/../../../../arm-none-eabi/lib/thumb/libg.a(lib_a-assert.o)
                                         0x43 (size before relaxing)
 *fill*         0x000000000236cd7f        0x1 ff
 .rodata.__jp2uc
                0x000000000236cd80       0x20 /opt/devkitpro/devkitARM/bin/../lib/gcc/arm-none-eabi/12.1.0/../../../../arm-none-eabi/lib/thumb/libg.a(lib_a-jp2uc.o)
 .rodata._jp2uc_l.str1.4
                0x000000000236cda0       0x12 /opt/devkitpro/devkitARM/bin/../lib/gcc/arm-none-eabi/12.1.0/../../../../arm-none-eabi/lib/thumb/libg.a(lib_a-jp2uc.o)
 *fill*         0x000000000236cdb2        0x2 ff
 .rodata.d02f4  0x000000000236cdb4     0x1a7c /opt/devkitpro/devkitARM/bin/../lib/gcc/arm-none-eabi/12.1.0/../../../../arm-none-eabi/lib/thumb/libg.a(lib_a-jp2uc.o)
 .rodata.b02cf  0x000000000236e830     0x172a /opt/devkitpro/devkitARM/bin/../lib/gcc/arm-none-eabi/12.1.0/../../../../arm-none-eabi/lib/thumb/libg.a(lib_a-jp2uc.o)
 *fill*         0x000000000236ff5a        0x2 ff
 .rodata.a8     0x000000000236ff5c       0x40 /opt/devkitpro/devkitARM/bin/../lib/gcc/arm-none-eabi/12.1.0/../../../../arm-none-eabi/lib/thumb/libg.a(lib_a-jp2uc.o)
 .rodata.a7     0x000000000236ff9c       0xa2 /opt/devkitpro/devkitARM/bin/../lib/gcc/arm-none-eabi/12.1.0/../../../../arm-none-eabi/lib/thumb/libg.a(lib_a-jp2uc.o)
 *fill*         0x000000000237003e        0x2 ff
 .rodata.a6     0x0000000002370040       0x70 /opt/devkitpro/devkitARM/bin/../lib/gcc/arm-none-eabi/12.1.0/../../../../arm-none-eabi/lib/thumb/libg.a(lib_a-jp2uc.o)
 .rodata.a3     0x00000000023700b0       0x5b /opt/devkitpro/devkitARM/bin/../lib/gcc/arm-none-eabi/12.1.0/../../../../arm-none-eabi/lib/thumb/libg.a(lib_a-jp2uc.o)
 *fill*         0x000000000237010b        0x1 ff
 .rodata.a2     0x000000000237010c       0xbc /opt/devkitpro/devkitARM/bin/../lib/gcc/arm-none-eabi/12.1.0/../../../../arm-none-eabi/lib/thumb/libg.a(lib_a-jp2uc.o)
 .rodata.a1     0x00000000023701c8       0xbc /opt/devkitpro/devkitARM/bin/../lib/gcc/arm-none-eabi/12.1.0/../../../../arm-none-eabi/lib/thumb/libg.a(lib_a-jp2uc.o)
 .rodata.categories
                0x0000000002370284     0x3528 /opt/devkitpro/devkitARM/bin/../lib/gcc/arm-none-eabi/12.1.0/../../../../arm-none-eabi/lib/thumb/libg.a(lib_a-categories.o)
 .rodata.AddDevice.str1.4
                0x00000000023737ac        0x8 /opt/devkitpro/devkitARM/bin/../lib/gcc/arm-none-eabi/12.1.0/../../../../arm-none-eabi/lib/thumb/libsysbase.a(iosupport.o)
 .rodata.dotab_stdnull
                0x00000000023737b4       0x70 /opt/devkitpro/devkitARM/bin/../lib/gcc/arm-none-eabi/12.1.0/../../../../arm-none-eabi/lib/thumb/libsysbase.a(iosupport.o)
                0x00000000023737b4                dotab_stdnull
 *(EXCLUDE_FILE(*.twl*) .gnu.linkonce.r*)
                0x0000000002373824                . = ALIGN (0x4)

.ARM.extab
 *(.ARM.extab* .gnu.linkonce.armextab.*)
                0x0000000002373824                __exidx_start = .

ARM.exidx
 *(.ARM.exidx* .gnu.linkonce.armexidx.*)
                0x0000000002373824                __exidx_end = .
                0x0000000002373824                . = ALIGN (0x4)
                0x0000000002373824                PROVIDE (__preinit_array_start = .)

.preinit_array
 *(.preinit_array)
                0x0000000002373824                PROVIDE (__preinit_array_end = .)
                0x0000000002373824                PROVIDE (__init_array_start = .)

.init_array     0x0000000002373824        0x4
 *(SORT_BY_NAME(.init_array.*))
 *(.init_array)
 .init_array    0x0000000002373824        0x4 /opt/devkitpro/devkitARM/bin/../lib/gcc/arm-none-eabi/12.1.0/thumb/crtbegin.o
                0x0000000002373828                PROVIDE (__init_array_end = .)
                [!provide]                        PROVIDE (__fini_array_start = .)

.fini_array     0x0000000002373828        0x4
 *(.fini_array)
 .fini_array    0x0000000002373828        0x4 /opt/devkitpro/devkitARM/bin/../lib/gcc/arm-none-eabi/12.1.0/thumb/crtbegin.o
 *(SORT_BY_NAME(.fini_array.*))
                [!provide]                        PROVIDE (__fini_array_end = .)

.ctors          0x000000000237382c        0x0
 *crtbegin.o(.ctors)
 *(EXCLUDE_FILE(*crtend.o) .ctors)
 *(SORT_BY_NAME(.ctors.*))
 *(.ctors)
                0x000000000237382c                . = ALIGN (0x4)

.dtors          0x000000000237382c        0x0
 *crtbegin.o(.dtors)
 *(EXCLUDE_FILE(*crtend.o) .dtors)
 *(SORT_BY_NAME(.dtors.*))
 *(.dtors)
                0x000000000237382c                . = ALIGN (0x4)

.eh_frame       0x000000000237382c        0x4
 *(.eh_frame)
 .eh_frame      0x000000000237382c        0x0 /opt/devkitpro/devkitARM/bin/../lib/gcc/arm-none-eabi/12.1.0/thumb/crtbegin.o
 .eh_frame      0x000000000237382c        0x4 /opt/devkitpro/devkitARM/bin/../lib/gcc/arm-none-eabi/12.1.0/thumb/crtend.o
                0x0000000002373830                . = ALIGN (0x4)

.rel.dyn        0x0000000002373830        0x0
 .rel.iplt      0x0000000002373830        0x0 /opt/devkitpro/devkitARM/bin/../lib/gcc/arm-none-eabi/12.1.0/../../../../arm-none-eabi/lib/thumb/ds_arm9_crt0.o

.gcc_except_table
                0x0000000002373830        0x0
 *(.gcc_except_table)
                0x0000000002373830                . = ALIGN (0x4)

.jcr
 *(.jcr)

.got
 *(.got.plt)
 *(.got)
 *(.rel.got)

.ewram          0x0000000002373830        0x0
                0x0000000002373830                __ewram_start = ABSOLUTE (.)
 *(.ewram)
 *ewram.*(.text)
                0x0000000002373830                . = ALIGN (0x4)

.data           0x0000000002373830     0x1d98
                0x0000000002373830                __data_start = ABSOLUTE (.)
 *(EXCLUDE_FILE(*.twl*) .data)
 .data          0x0000000002373830      0x204 rootDrumMachineDS.o
                0x0000000002373830                current_column
                0x0000000002373834                less_columns
                0x0000000002373838                vert
                0x000000000237383c                blanc
                0x0000000002373840                current_secondSeq_column
                0x0000000002373844                less_columns_second_seq
                0x0000000002373848                numberOfSeq
                0x000000000237384c                cyan
                0x0000000002373850                current_thirdSeq_column
                0x0000000002373854                less_columns_third_seq
                0x0000000002373858                jaune
                0x000000000237385c                firstTapEvent
                0x0000000002373860                mod
                0x0000000002373864                volumeMod
                0x0000000002373868                modBpm
                0x000000000237386c                pitchMod
                0x0000000002373870                rouge
                0x0000000002373874                superLiveMod
                0x0000000002373878                trous
                0x00000000023738e4                debounceDelay
                0x00000000023738e8                play_next
                0x00000000023738ec                status_text
                0x0000000002373910                violet
                0x0000000002373914                bleu
                0x0000000002373918                pan_string
                0x0000000002373924                loop_mode_text
                0x000000000237392c                sync_mode_text
                0x0000000002373944                help_text
                0x0000000002373954                sram
                0x0000000002373958                IALimit
                0x000000000237395c                appelPercuSound
                0x0000000002373960                appelPercuNumber
                0x0000000002373964                mutePercuRythmChan1
                0x0000000002373968                mutePercuRythmChan2
                0x000000000237396c                mutePercuRythmChan3
                0x0000000002373970                IAChangeSampleNumber
                0x0000000002373974                gbSoundDecay
                0x0000000002373978                bpmFolies
                0x0000000002373994                IARandomNumber
                0x0000000002373998                IAChangePitchNumber
                0x000000000237399c                arpegPitch1
                0x00000000023739a0                arpegPitch2
                0x00000000023739a4                arpegPitch3
                0x00000000023739a8                arpegPitch4
                0x00000000023739ac                modPitchPadGlobalPitchNote2
                0x00000000023739b0                modPitchPadGlobalPitchNote3
                0x00000000023739b4                modPitchPadGlobalPitchNote4
                0x00000000023739b8                modPitchPadGlobalPitchNote5
                0x00000000023739bc                modPitchPadGlobalPitchNote6
                0x00000000023739c0                modPitchPadGlobalPitchNote7
                0x00000000023739c4                modPitchPadGlobalPitchNote8
                0x00000000023739c8                trackPan
                0x00000000023739d4                panTab
                0x0000000002373a00                modPitchPadGlobalPitchNote10
                0x0000000002373a04                modPitchPadGlobalPitchNote13
                0x0000000002373a08                modPitchPadGlobalPitchNote9
                0x0000000002373a0c                changeSampleUp
                0x0000000002373a10                useSample
                0x0000000002373a14                modPitchPadGlobalPitchNote12
                0x0000000002373a18                modPitchPadGlobalPitchNote11
                0x0000000002373a1c                superModFileLive
                0x0000000002373a20                autoStepStartNumber
                0x0000000002373a24                gris
                0x0000000002373a28                IABpm
                0x0000000002373a2c                randomEnCours
                0x0000000002373a30                ymod
 .data          0x0000000002373a34       0x28 /opt/devkitpro/libnds/lib/libnds9.a(mpu_setup.o)
 *(EXCLUDE_FILE(*.twl*) .data.*)
 .data.currentConsole
                0x0000000002373a5c        0x4 /opt/devkitpro/libnds/lib/libnds9.a(console.o)
                0x0000000002373a5c                currentConsole
 .data.defaultConsole
                0x0000000002373a60       0x5c /opt/devkitpro/libnds/lib/libnds9.a(console.o)
                0x0000000002373a60                defaultConsole
 .data.firstConsoleInit.0
                0x0000000002373abc        0x1 /opt/devkitpro/libnds/lib/libnds9.a(console.o)
 .data.count    0x0000000002373abd        0x1 /opt/devkitpro/libnds/lib/libnds9.a(keys.o)
 .data.delay    0x0000000002373abe        0x1 /opt/devkitpro/libnds/lib/libnds9.a(keys.o)
 .data.repeat   0x0000000002373abf        0x1 /opt/devkitpro/libnds/lib/libnds9.a(keys.o)
 .data.fifo_buffer_free
                0x0000000002373ac0        0x4 /opt/devkitpro/libnds/lib/libnds9.a(fifosystem.o)
                0x0000000002373ac0                fifo_buffer_free
 .data.fifo_freewords
                0x0000000002373ac4        0x4 /opt/devkitpro/libnds/lib/libnds9.a(fifosystem.o)
                0x0000000002373ac4                fifo_freewords
 .data.fifo_receive_queue
                0x0000000002373ac8        0x4 /opt/devkitpro/libnds/lib/libnds9.a(fifosystem.o)
                0x0000000002373ac8                fifo_receive_queue
 .data.fifo_send_queue
                0x0000000002373acc        0x4 /opt/devkitpro/libnds/lib/libnds9.a(fifosystem.o)
                0x0000000002373acc                fifo_send_queue
 .data.bgControl
                0x0000000002373ad0       0x20 /opt/devkitpro/libnds/lib/libnds9.a(background.o)
                0x0000000002373ad0                bgControl
 .data.bgScrollTable
                0x0000000002373af0       0x20 /opt/devkitpro/libnds/lib/libnds9.a(background.o)
                0x0000000002373af0                bgScrollTable
 .data.bgTransform
                0x0000000002373b10       0x20 /opt/devkitpro/libnds/lib/libnds9.a(background.o)
                0x0000000002373b10                bgTransform
 .data._impure_ptr
                0x0000000002373b30        0x4 /opt/devkitpro/devkitARM/bin/../lib/gcc/arm-none-eabi/12.1.0/../../../../arm-none-eabi/lib/thumb/libg.a(lib_a-impure.o)
                0x0000000002373b30                _impure_ptr
 *fill*         0x0000000002373b34        0x4 ff
 .data.impure_data
                0x0000000002373b38      0x460 /opt/devkitpro/devkitARM/bin/../lib/gcc/arm-none-eabi/12.1.0/../../../../arm-none-eabi/lib/thumb/libg.a(lib_a-impure.o)
 .data.__malloc_sbrk_base
                0x0000000002373f98        0x4 /opt/devkitpro/devkitARM/bin/../lib/gcc/arm-none-eabi/12.1.0/../../../../arm-none-eabi/lib/thumb/libg.a(lib_a-mallocr.o)
                0x0000000002373f98                __malloc_sbrk_base
 .data.__malloc_trim_threshold
                0x0000000002373f9c        0x4 /opt/devkitpro/devkitARM/bin/../lib/gcc/arm-none-eabi/12.1.0/../../../../arm-none-eabi/lib/thumb/libg.a(lib_a-mallocr.o)
                0x0000000002373f9c                __malloc_trim_threshold
 .data.__malloc_av_
                0x0000000002373fa0      0x408 /opt/devkitpro/devkitARM/bin/../lib/gcc/arm-none-eabi/12.1.0/../../../../arm-none-eabi/lib/thumb/libg.a(lib_a-mallocr.o)
                0x0000000002373fa0                __malloc_av_
 .data.__global_locale
                0x00000000023743a8      0x16c /opt/devkitpro/devkitARM/bin/../lib/gcc/arm-none-eabi/12.1.0/../../../../arm-none-eabi/lib/thumb/libg.a(lib_a-locale.o)
                0x00000000023743a8                __global_locale
 .data.devoptab_list
                0x0000000002374514       0x8c /opt/devkitpro/devkitARM/bin/../lib/gcc/arm-none-eabi/12.1.0/../../../../arm-none-eabi/lib/thumb/libsysbase.a(iosupport.o)
                0x0000000002374514                devoptab_list
 .data.defaultDevice
                0x00000000023745a0        0x4 /opt/devkitpro/devkitARM/bin/../lib/gcc/arm-none-eabi/12.1.0/../../../../arm-none-eabi/lib/thumb/libsysbase.a(iosupport.o)
 .data.handles  0x00000000023745a4     0x1000 /opt/devkitpro/devkitARM/bin/../lib/gcc/arm-none-eabi/12.1.0/../../../../arm-none-eabi/lib/thumb/libsysbase.a(handle_manager.o)
 .data.__stderr_handle
                0x00000000023755a4        0xc /opt/devkitpro/devkitARM/bin/../lib/gcc/arm-none-eabi/12.1.0/../../../../arm-none-eabi/lib/thumb/libsysbase.a(handle_manager.o)
 .data.__stdout_handle
                0x00000000023755b0        0xc /opt/devkitpro/devkitARM/bin/../lib/gcc/arm-none-eabi/12.1.0/../../../../arm-none-eabi/lib/thumb/libsysbase.a(handle_manager.o)
 .data.__stdin_handle
                0x00000000023755bc        0xc /opt/devkitpro/devkitARM/bin/../lib/gcc/arm-none-eabi/12.1.0/../../../../arm-none-eabi/lib/thumb/libsysbase.a(handle_manager.o)
 *(EXCLUDE_FILE(*.twl*) .gnu.linkonce.d*)
                0x00000000023755c8                . = ALIGN (0x4)
                0x00000000023755c8                __data_end = ABSOLUTE (.)
                0x00000000023755c8                __bss_vma = .

.igot.plt       0x00000000023755c8        0x0
 .igot.plt      0x00000000023755c8        0x0 /opt/devkitpro/devkitARM/bin/../lib/gcc/arm-none-eabi/12.1.0/../../../../arm-none-eabi/lib/thumb/ds_arm9_crt0.o

.dtcm           0x0000000002ff0000        0x0 load address 0x00000000023755c8
                0x00000000023755c8                __dtcm_lma = LOADADDR (.dtcm)
                0x0000000002ff0000                __dtcm_start = ABSOLUTE (.)
 *(.dtcm)
 *(.dtcm.*)
                0x0000000002ff0000                . = ALIGN (0x4)
                0x0000000002ff0000                __dtcm_end = ABSOLUTE (.)

.itcm           0x0000000001000100      0x194 load address 0x00000000023755c8
                0x00000000023755c8                __itcm_lma = LOADADDR (.itcm)
                0x0000000001000100                __itcm_start = ABSOLUTE (.)
 *(.itcm)
 .itcm          0x0000000001000100       0xc8 /opt/devkitpro/libnds/lib/libnds9.a(interrupts.o)
                0x0000000001000100                irqTable
 .itcm          0x00000000010001c8       0xcc /opt/devkitpro/libnds/lib/libnds9.a(interruptDispatcher.o)
                0x00000000010001c8                IntrMain
 *.itcm*(.text .stub .text.*)
                0x0000000001000294                . = ALIGN (0x4)
                0x0000000001000294                __itcm_end = ABSOLUTE (.)

.vectors        0x0000000001000000        0x0 load address 0x000000000237575c
                0x000000000237575c                __vectors_lma = LOADADDR (.vectors)
                0x0000000001000000                __vectors_start = ABSOLUTE (.)
 *(.vectors .vectors.*)
                0x0000000001000000                . = ALIGN (0x4)
                0x0000000001000000                __vectors_end = ABSOLUTE (.)

.sbss           0x0000000002ff0000        0x0
                0x0000000002ff0000                __sbss_start = ABSOLUTE (.)
                0x0000000002ff0000                __sbss_start__ = ABSOLUTE (.)
 *(.sbss)
                0x0000000002ff0000                . = ALIGN (0x4)
                0x0000000002ff0000                __sbss_end = ABSOLUTE (.)

.bss            0x00000000023755c8     0x1e24
                0x00000000023755c8                __bss_start = ABSOLUTE (.)
                0x00000000023755c8                __bss_start__ = ABSOLUTE (.)
 *(EXCLUDE_FILE(*.twl*) .dynbss)
 *(EXCLUDE_FILE(*.twl*) .gnu.linkonce.b*)
 *(EXCLUDE_FILE(*.twl*) .bss*)
 .bss.completed.1
                0x00000000023755c8        0x1 /opt/devkitpro/devkitARM/bin/../lib/gcc/arm-none-eabi/12.1.0/thumb/crtbegin.o
 *fill*         0x00000000023755c9        0x3 
 .bss.object.0  0x00000000023755cc       0x18 /opt/devkitpro/devkitARM/bin/../lib/gcc/arm-none-eabi/12.1.0/thumb/crtbegin.o
 .bss           0x00000000023755e4     0x1130 rootDrumMachineDS.o
                0x00000000023755e8                bpmCount
                0x00000000023755ec                millis_between_ticks
                0x00000000023755f0                current_song
                0x00000000023755f4                draw_flag
                0x00000000023755f8                xmod
                0x00000000023755fc                last_column
                0x0000000002375600                last_xmod
                0x0000000002375604                touchingBottomScreen
                0x0000000002375608                topScreen
                0x0000000002375664                polyRhythm
                0x0000000002375668                xmodSecondSeq
                0x000000000237566c                last_secondSeq_column
                0x0000000002375670                last_xmod_secondSeq
                0x0000000002375674                xmodThirdSeq
                0x0000000002375678                last_thirdSeq_column
                0x000000000237567c                last_xmod_thirdSeq
                0x0000000002375680                currentFrame
                0x0000000002375684                previousTapEventTimestamp
                0x0000000002375688                bottomScreen
                0x00000000023756e4                ticks
                0x00000000023756e8                tocks
                0x00000000023756ec                modPitchPadGlobalPitch
                0x00000000023756f0                modPitchPadCurrentNote
                0x00000000023756f4                play
                0x00000000023756f8                moduleSeqModPitch
                0x00000000023756fc                current_position
                0x0000000002375700                touchedBtn
                0x0000000002375704                current_pattern_index
                0x0000000002375708                order_buff
                0x000000000237570c                globalPitch
                0x0000000002375710                IAChangePitch
                0x0000000002375714                IARandomPitch
                0x0000000002375718                modJumpPosition
                0x000000000237571c                active_sounds
                0x0000000002375734                syncDSMode
                0x0000000002375738                typeOfSyncs
                0x000000000237573c                current_screen
                0x0000000002375740                cursor_x
                0x0000000002375744                cursorPan
                0x0000000002375748                cursor_y
                0x000000000237574c                order_index
                0x0000000002375750                order_page
                0x0000000002375754                string_buff
                0x0000000002375788                lastButtonPressFrame
                0x000000000237578c                status
                0x0000000002375790                switchStartKeys
                0x0000000002375794                playing_pattern_index
                0x0000000002375798                randVolTwo
                0x000000000237579c                randVolOne
                0x00000000023757a0                tours
                0x00000000023757a4                step
                0x00000000023757a8                IAAutoCymbal
                0x00000000023757ac                IARandom
                0x00000000023757b0                randCursor
                0x00000000023757b4                appelPercu
                0x00000000023757b8                bpmFoliesActivated
                0x00000000023757bc                pas
                0x00000000023757c0                autoStep
                0x00000000023757c4                IAChangeSample
                0x00000000023757c8                iaChangeRandom
                0x00000000023757cc                iaPreviousPatern
                0x00000000023757d0                bpmIaAugmented
                0x00000000023757d4                bpmAugmentedSecondTurn
                0x00000000023757d8                randBpmFolies
                0x00000000023757dc                valueBpmFolies
                0x00000000023757e0                goBackSamples
                0x00000000023757e4                changeSample
                0x00000000023757e8                modPosi
                0x00000000023757ec                arpegSample
                0x00000000023757f0                arpegRowVolume
                0x00000000023757f4                arpeg
                0x00000000023757f8                arpegEcartement
                0x00000000023757fc                current_ticks
                0x0000000002375800                tick_or_tock
                0x0000000002375804                name_index
                0x0000000002375808                bottomPrinted
                0x000000000237580c                modPitchPadPage
                0x0000000002375810                activePageOne
                0x0000000002375814                activePageTwo
                0x0000000002375818                activePageModPlayer
                0x000000000237581c                activeModPitchPad
                0x0000000002375820                padPitchModLockKeys
                0x0000000002375824                modPitchPadGlobalPitchNote1
                0x0000000002375828                settingPage
                0x000000000237582c                activeSettingPage
                0x0000000002375830                modPage
                0x0000000002375834                page2
                0x0000000002375838                switchYTapTempo
                0x000000000237583c                autoLoopPattern
                0x0000000002375840                countColonsSeqOne
                0x0000000002375844                countColonsSeqTwo
                0x0000000002375848                countColonsSeqFree
                0x000000000237584c                modPlayer
                0x0000000002375850                playMod
                0x0000000002375854                panChange
                0x0000000002375858                soundsInCurrentPattern
                0x000000000237585c                changedPatternOne
                0x0000000002375864                lfo_shift
                0x0000000002375868                lfo_freq
                0x000000000237586c                sine_freq
                0x0000000002375870                lfo
                0x0000000002375874                sine
                0x0000000002375878                touch
                0x0000000002375884                rowrow
                0x0000000002375888                currentCounter
                0x000000000237588c                counterDebounce
                0x0000000002375890                pressedKeySelect